CRITICAL - 2025-06-24 01:02:46 --> CodeIgniter\View\Exceptions\ViewException: Invalid file: "aspirante/asignar_grupo.php"
[Method: GET, Route: aspirante/asignarGrupoVista/AUCY021231HOCQHHA0]
in SYSTEMPATH\Exceptions\FrameworkException.php on line 39.
 1 SYSTEMPATH\View\View.php(212): CodeIgniter\Exceptions\FrameworkException::forInvalidFile('aspirante/asignar_grupo.php')
 2 SYSTEMPATH\Common.php(1173): CodeIgniter\View\View->render('aspirante/asignar_grupo', [], true)
 3 APPPATH\Controllers\Aspirante.php(388): view('aspirante/asignar_grupo', [...])
 4 SYSTEMPATH\CodeIgniter.php(933): App\Controllers\Aspirante->asignarGrupoVista('AUCY021231HOCQHHA0')
 5 SYSTEMPATH\CodeIgniter.php(507): CodeIgniter\CodeIgniter->runController(Object(App\Controllers\Aspirante))
 6 SYSTEMPATH\CodeIgniter.php(354): CodeIgniter\CodeIgniter->handleRequest(null, Object(Config\Cache), false)
 7 SYSTEMPATH\Boot.php(334): CodeIgniter\CodeIgniter->run()
 8 SYSTEMPATH\Boot.php(67): CodeIgniter\Boot::runCodeIgniter(Object(CodeIgniter\CodeIgniter))
 9 FCPATH\index.php(56): CodeIgniter\Boot::bootWeb(Object(Config\Paths))
10 SYSTEMPATH\rewrite.php(44): require_once('C:\\Users\\Jorge Andrey\\Desktop\\arpirantes\\public\\index.php')
CRITICAL - 2025-06-24 01:29:43 --> ErrorException: Undefined array key "asignados"
[Method: GET, Route: aspirante/asignarGrupoVista/AUCY021231HOCQHHA0]
in APPPATH\Views\base\publico\asignar_grupo.php on line 44.
 1 APPPATH\Views\base\publico\asignar_grupo.php(44): CodeIgniter\Debug\Exceptions->errorHandler(2, 'Undefined array key "asignados"', 'C:\\Users\\Jorge Andrey\\Desktop\\arpirantes\\app\\Views\\base\\publico\\asignar_grupo.php', 44)
 2 SYSTEMPATH\View\View.php(224): include('C:\\Users\\Jorge Andrey\\Desktop\\arpirantes\\app\\Views\\base\\publico\\asignar_grupo.php')
 3 SYSTEMPATH\View\View.php(227): CodeIgniter\View\View->CodeIgniter\View\{closure}()
 4 SYSTEMPATH\Common.php(1173): CodeIgniter\View\View->render('base/publico/asignar_grupo', [], true)
 5 APPPATH\Controllers\Aspirante.php(388): view('base/publico/asignar_grupo', [...])
 6 SYSTEMPATH\CodeIgniter.php(933): App\Controllers\Aspirante->asignarGrupoVista('AUCY021231HOCQHHA0')
 7 SYSTEMPATH\CodeIgniter.php(507): CodeIgniter\CodeIgniter->runController(Object(App\Controllers\Aspirante))
 8 SYSTEMPATH\CodeIgniter.php(354): CodeIgniter\CodeIgniter->handleRequest(null, Object(Config\Cache), false)
 9 SYSTEMPATH\Boot.php(334): CodeIgniter\CodeIgniter->run()
10 SYSTEMPATH\Boot.php(67): CodeIgniter\Boot::runCodeIgniter(Object(CodeIgniter\CodeIgniter))
11 FCPATH\index.php(56): CodeIgniter\Boot::bootWeb(Object(Config\Paths))
12 SYSTEMPATH\rewrite.php(44): require_once('C:\\Users\\Jorge Andrey\\Desktop\\arpirantes\\public\\index.php')
CRITICAL - 2025-06-24 01:52:07 --> ErrorException: Undefined array key "asignados"
[Method: GET, Route: aspirante/asignarGrupoVista/AUCY021231HOCQHHA0]
in APPPATH\Views\base\publico\asignar_grupo.php on line 44.
 1 APPPATH\Views\base\publico\asignar_grupo.php(44): CodeIgniter\Debug\Exceptions->errorHandler(2, 'Undefined array key "asignados"', 'C:\\Users\\Jorge Andrey\\Desktop\\arpirantes\\app\\Views\\base\\publico\\asignar_grupo.php', 44)
 2 SYSTEMPATH\View\View.php(224): include('C:\\Users\\Jorge Andrey\\Desktop\\arpirantes\\app\\Views\\base\\publico\\asignar_grupo.php')
 3 SYSTEMPATH\View\View.php(227): CodeIgniter\View\View->CodeIgniter\View\{closure}()
 4 SYSTEMPATH\Common.php(1173): CodeIgniter\View\View->render('base/publico/asignar_grupo', [], true)
 5 APPPATH\Controllers\Aspirante.php(388): view('base/publico/asignar_grupo', [...])
 6 SYSTEMPATH\CodeIgniter.php(933): App\Controllers\Aspirante->asignarGrupoVista('AUCY021231HOCQHHA0')
 7 SYSTEMPATH\CodeIgniter.php(507): CodeIgniter\CodeIgniter->runController(Object(App\Controllers\Aspirante))
 8 SYSTEMPATH\CodeIgniter.php(354): CodeIgniter\CodeIgniter->handleRequest(null, Object(Config\Cache), false)
 9 SYSTEMPATH\Boot.php(334): CodeIgniter\CodeIgniter->run()
10 SYSTEMPATH\Boot.php(67): CodeIgniter\Boot::runCodeIgniter(Object(CodeIgniter\CodeIgniter))
11 FCPATH\index.php(56): CodeIgniter\Boot::bootWeb(Object(Config\Paths))
12 SYSTEMPATH\rewrite.php(44): require_once('C:\\Users\\Jorge Andrey\\Desktop\\arpirantes\\public\\index.php')
CRITICAL - 2025-06-24 01:52:15 --> ErrorException: Undefined array key "asignados"
[Method: GET, Route: aspirante/asignarGrupoVista/AUCY021231HOCQHHA0]
in APPPATH\Views\base\publico\asignar_grupo.php on line 44.
 1 APPPATH\Views\base\publico\asignar_grupo.php(44): CodeIgniter\Debug\Exceptions->errorHandler(2, 'Undefined array key "asignados"', 'C:\\Users\\Jorge Andrey\\Desktop\\arpirantes\\app\\Views\\base\\publico\\asignar_grupo.php', 44)
 2 SYSTEMPATH\View\View.php(224): include('C:\\Users\\Jorge Andrey\\Desktop\\arpirantes\\app\\Views\\base\\publico\\asignar_grupo.php')
 3 SYSTEMPATH\View\View.php(227): CodeIgniter\View\View->CodeIgniter\View\{closure}()
 4 SYSTEMPATH\Common.php(1173): CodeIgniter\View\View->render('base/publico/asignar_grupo', [], true)
 5 APPPATH\Controllers\Aspirante.php(388): view('base/publico/asignar_grupo', [...])
 6 SYSTEMPATH\CodeIgniter.php(933): App\Controllers\Aspirante->asignarGrupoVista('AUCY021231HOCQHHA0')
 7 SYSTEMPATH\CodeIgniter.php(507): CodeIgniter\CodeIgniter->runController(Object(App\Controllers\Aspirante))
 8 SYSTEMPATH\CodeIgniter.php(354): CodeIgniter\CodeIgniter->handleRequest(null, Object(Config\Cache), false)
 9 SYSTEMPATH\Boot.php(334): CodeIgniter\CodeIgniter->run()
10 SYSTEMPATH\Boot.php(67): CodeIgniter\Boot::runCodeIgniter(Object(CodeIgniter\CodeIgniter))
11 FCPATH\index.php(56): CodeIgniter\Boot::bootWeb(Object(Config\Paths))
12 SYSTEMPATH\rewrite.php(44): require_once('C:\\Users\\Jorge Andrey\\Desktop\\arpirantes\\public\\index.php')
CRITICAL - 2025-06-24 01:55:01 --> ErrorException: Undefined array key "asignados"
[Method: GET, Route: aspirante/asignarGrupoVista/VACS911218MOCSHL03]
in APPPATH\Views\base\publico\asignar_grupo.php on line 44.
 1 APPPATH\Views\base\publico\asignar_grupo.php(44): CodeIgniter\Debug\Exceptions->errorHandler(2, 'Undefined array key "asignados"', 'C:\\Users\\Jorge Andrey\\Desktop\\arpirantes\\app\\Views\\base\\publico\\asignar_grupo.php', 44)
 2 SYSTEMPATH\View\View.php(224): include('C:\\Users\\Jorge Andrey\\Desktop\\arpirantes\\app\\Views\\base\\publico\\asignar_grupo.php')
 3 SYSTEMPATH\View\View.php(227): CodeIgniter\View\View->CodeIgniter\View\{closure}()
 4 SYSTEMPATH\Common.php(1173): CodeIgniter\View\View->render('base/publico/asignar_grupo', [], true)
 5 APPPATH\Controllers\Aspirante.php(388): view('base/publico/asignar_grupo', [...])
 6 SYSTEMPATH\CodeIgniter.php(933): App\Controllers\Aspirante->asignarGrupoVista('VACS911218MOCSHL03')
 7 SYSTEMPATH\CodeIgniter.php(507): CodeIgniter\CodeIgniter->runController(Object(App\Controllers\Aspirante))
 8 SYSTEMPATH\CodeIgniter.php(354): CodeIgniter\CodeIgniter->handleRequest(null, Object(Config\Cache), false)
 9 SYSTEMPATH\Boot.php(334): CodeIgniter\CodeIgniter->run()
10 SYSTEMPATH\Boot.php(67): CodeIgniter\Boot::runCodeIgniter(Object(CodeIgniter\CodeIgniter))
11 FCPATH\index.php(56): CodeIgniter\Boot::bootWeb(Object(Config\Paths))
12 SYSTEMPATH\rewrite.php(44): require_once('C:\\Users\\Jorge Andrey\\Desktop\\arpirantes\\public\\index.php')
CRITICAL - 2025-06-24 01:55:48 --> ErrorException: Undefined array key "asignados"
[Method: GET, Route: aspirante/asignarGrupoVista/VACS911218MOCSHL03]
in APPPATH\Views\base\publico\asignar_grupo.php on line 44.
 1 APPPATH\Views\base\publico\asignar_grupo.php(44): CodeIgniter\Debug\Exceptions->errorHandler(2, 'Undefined array key "asignados"', 'C:\\Users\\Jorge Andrey\\Desktop\\arpirantes\\app\\Views\\base\\publico\\asignar_grupo.php', 44)
 2 SYSTEMPATH\View\View.php(224): include('C:\\Users\\Jorge Andrey\\Desktop\\arpirantes\\app\\Views\\base\\publico\\asignar_grupo.php')
 3 SYSTEMPATH\View\View.php(227): CodeIgniter\View\View->CodeIgniter\View\{closure}()
 4 SYSTEMPATH\Common.php(1173): CodeIgniter\View\View->render('base/publico/asignar_grupo', [], true)
 5 APPPATH\Controllers\Aspirante.php(388): view('base/publico/asignar_grupo', [...])
 6 SYSTEMPATH\CodeIgniter.php(933): App\Controllers\Aspirante->asignarGrupoVista('VACS911218MOCSHL03')
 7 SYSTEMPATH\CodeIgniter.php(507): CodeIgniter\CodeIgniter->runController(Object(App\Controllers\Aspirante))
 8 SYSTEMPATH\CodeIgniter.php(354): CodeIgniter\CodeIgniter->handleRequest(null, Object(Config\Cache), false)
 9 SYSTEMPATH\Boot.php(334): CodeIgniter\CodeIgniter->run()
10 SYSTEMPATH\Boot.php(67): CodeIgniter\Boot::runCodeIgniter(Object(CodeIgniter\CodeIgniter))
11 FCPATH\index.php(56): CodeIgniter\Boot::bootWeb(Object(Config\Paths))
12 SYSTEMPATH\rewrite.php(44): require_once('C:\\Users\\Jorge Andrey\\Desktop\\arpirantes\\public\\index.php')
CRITICAL - 2025-06-24 01:55:54 --> ErrorException: Undefined array key "asignados"
[Method: GET, Route: aspirante/asignarGrupoVista/VACS911218MOCSHL03]
in APPPATH\Views\base\publico\asignar_grupo.php on line 44.
 1 APPPATH\Views\base\publico\asignar_grupo.php(44): CodeIgniter\Debug\Exceptions->errorHandler(2, 'Undefined array key "asignados"', 'C:\\Users\\Jorge Andrey\\Desktop\\arpirantes\\app\\Views\\base\\publico\\asignar_grupo.php', 44)
 2 SYSTEMPATH\View\View.php(224): include('C:\\Users\\Jorge Andrey\\Desktop\\arpirantes\\app\\Views\\base\\publico\\asignar_grupo.php')
 3 SYSTEMPATH\View\View.php(227): CodeIgniter\View\View->CodeIgniter\View\{closure}()
 4 SYSTEMPATH\Common.php(1173): CodeIgniter\View\View->render('base/publico/asignar_grupo', [], true)
 5 APPPATH\Controllers\Aspirante.php(388): view('base/publico/asignar_grupo', [...])
 6 SYSTEMPATH\CodeIgniter.php(933): App\Controllers\Aspirante->asignarGrupoVista('VACS911218MOCSHL03')
 7 SYSTEMPATH\CodeIgniter.php(507): CodeIgniter\CodeIgniter->runController(Object(App\Controllers\Aspirante))
 8 SYSTEMPATH\CodeIgniter.php(354): CodeIgniter\CodeIgniter->handleRequest(null, Object(Config\Cache), false)
 9 SYSTEMPATH\Boot.php(334): CodeIgniter\CodeIgniter->run()
10 SYSTEMPATH\Boot.php(67): CodeIgniter\Boot::runCodeIgniter(Object(CodeIgniter\CodeIgniter))
11 FCPATH\index.php(56): CodeIgniter\Boot::bootWeb(Object(Config\Paths))
12 SYSTEMPATH\rewrite.php(44): require_once('C:\\Users\\Jorge Andrey\\Desktop\\arpirantes\\public\\index.php')
CRITICAL - 2025-06-24 01:55:56 --> ErrorException: Undefined array key "asignados"
[Method: GET, Route: aspirante/asignarGrupoVista/VACS911218MOCSHL03]
in APPPATH\Views\base\publico\asignar_grupo.php on line 44.
 1 APPPATH\Views\base\publico\asignar_grupo.php(44): CodeIgniter\Debug\Exceptions->errorHandler(2, 'Undefined array key "asignados"', 'C:\\Users\\Jorge Andrey\\Desktop\\arpirantes\\app\\Views\\base\\publico\\asignar_grupo.php', 44)
 2 SYSTEMPATH\View\View.php(224): include('C:\\Users\\Jorge Andrey\\Desktop\\arpirantes\\app\\Views\\base\\publico\\asignar_grupo.php')
 3 SYSTEMPATH\View\View.php(227): CodeIgniter\View\View->CodeIgniter\View\{closure}()
 4 SYSTEMPATH\Common.php(1173): CodeIgniter\View\View->render('base/publico/asignar_grupo', [], true)
 5 APPPATH\Controllers\Aspirante.php(388): view('base/publico/asignar_grupo', [...])
 6 SYSTEMPATH\CodeIgniter.php(933): App\Controllers\Aspirante->asignarGrupoVista('VACS911218MOCSHL03')
 7 SYSTEMPATH\CodeIgniter.php(507): CodeIgniter\CodeIgniter->runController(Object(App\Controllers\Aspirante))
 8 SYSTEMPATH\CodeIgniter.php(354): CodeIgniter\CodeIgniter->handleRequest(null, Object(Config\Cache), false)
 9 SYSTEMPATH\Boot.php(334): CodeIgniter\CodeIgniter->run()
10 SYSTEMPATH\Boot.php(67): CodeIgniter\Boot::runCodeIgniter(Object(CodeIgniter\CodeIgniter))
11 FCPATH\index.php(56): CodeIgniter\Boot::bootWeb(Object(Config\Paths))
12 SYSTEMPATH\rewrite.php(44): require_once('C:\\Users\\Jorge Andrey\\Desktop\\arpirantes\\public\\index.php')
CRITICAL - 2025-06-24 01:56:05 --> ErrorException: Undefined array key "asignados"
[Method: GET, Route: aspirante/asignarGrupoVista/AUCY021231HOCQHHA0]
in APPPATH\Views\base\publico\asignar_grupo.php on line 44.
 1 APPPATH\Views\base\publico\asignar_grupo.php(44): CodeIgniter\Debug\Exceptions->errorHandler(2, 'Undefined array key "asignados"', 'C:\\Users\\Jorge Andrey\\Desktop\\arpirantes\\app\\Views\\base\\publico\\asignar_grupo.php', 44)
 2 SYSTEMPATH\View\View.php(224): include('C:\\Users\\Jorge Andrey\\Desktop\\arpirantes\\app\\Views\\base\\publico\\asignar_grupo.php')
 3 SYSTEMPATH\View\View.php(227): CodeIgniter\View\View->CodeIgniter\View\{closure}()
 4 SYSTEMPATH\Common.php(1173): CodeIgniter\View\View->render('base/publico/asignar_grupo', [], true)
 5 APPPATH\Controllers\Aspirante.php(388): view('base/publico/asignar_grupo', [...])
 6 SYSTEMPATH\CodeIgniter.php(933): App\Controllers\Aspirante->asignarGrupoVista('AUCY021231HOCQHHA0')
 7 SYSTEMPATH\CodeIgniter.php(507): CodeIgniter\CodeIgniter->runController(Object(App\Controllers\Aspirante))
 8 SYSTEMPATH\CodeIgniter.php(354): CodeIgniter\CodeIgniter->handleRequest(null, Object(Config\Cache), false)
 9 SYSTEMPATH\Boot.php(334): CodeIgniter\CodeIgniter->run()
10 SYSTEMPATH\Boot.php(67): CodeIgniter\Boot::runCodeIgniter(Object(CodeIgniter\CodeIgniter))
11 FCPATH\index.php(56): CodeIgniter\Boot::bootWeb(Object(Config\Paths))
12 SYSTEMPATH\rewrite.php(44): require_once('C:\\Users\\Jorge Andrey\\Desktop\\arpirantes\\public\\index.php')
CRITICAL - 2025-06-24 01:59:31 --> ErrorException: Undefined variable $curp
[Method: GET, Route: grupos]
in APPPATH\Views\base\publico\asignar_grupo.php on line 49.
 1 APPPATH\Views\base\publico\asignar_grupo.php(49): CodeIgniter\Debug\Exceptions->errorHandler(2, 'Undefined variable $curp', 'C:\\Users\\Jorge Andrey\\Desktop\\arpirantes\\app\\Views\\base\\publico\\asignar_grupo.php', 49)
 2 SYSTEMPATH\View\View.php(224): include('C:\\Users\\Jorge Andrey\\Desktop\\arpirantes\\app\\Views\\base\\publico\\asignar_grupo.php')
 3 SYSTEMPATH\View\View.php(227): CodeIgniter\View\View->CodeIgniter\View\{closure}()
 4 SYSTEMPATH\Common.php(1173): CodeIgniter\View\View->render('base/publico/asignar_grupo', [], true)
 5 APPPATH\Controllers\Grupo.php(37): view('base/publico/asignar_grupo', [...])
 6 SYSTEMPATH\CodeIgniter.php(933): App\Controllers\Grupo->index()
 7 SYSTEMPATH\CodeIgniter.php(507): CodeIgniter\CodeIgniter->runController(Object(App\Controllers\Grupo))
 8 SYSTEMPATH\CodeIgniter.php(354): CodeIgniter\CodeIgniter->handleRequest(null, Object(Config\Cache), false)
 9 SYSTEMPATH\Boot.php(334): CodeIgniter\CodeIgniter->run()
10 SYSTEMPATH\Boot.php(67): CodeIgniter\Boot::runCodeIgniter(Object(CodeIgniter\CodeIgniter))
11 FCPATH\index.php(56): CodeIgniter\Boot::bootWeb(Object(Config\Paths))
12 SYSTEMPATH\rewrite.php(44): require_once('C:\\Users\\Jorge Andrey\\Desktop\\arpirantes\\public\\index.php')
CRITICAL - 2025-06-24 02:02:52 --> ErrorException: Undefined variable $curp
[Method: GET, Route: grupos]
in APPPATH\Views\base\publico\asignar_grupo.php on line 50.
 1 APPPATH\Views\base\publico\asignar_grupo.php(50): CodeIgniter\Debug\Exceptions->errorHandler(2, 'Undefined variable $curp', 'C:\\Users\\Jorge Andrey\\Desktop\\arpirantes\\app\\Views\\base\\publico\\asignar_grupo.php', 50)
 2 SYSTEMPATH\View\View.php(224): include('C:\\Users\\Jorge Andrey\\Desktop\\arpirantes\\app\\Views\\base\\publico\\asignar_grupo.php')
 3 SYSTEMPATH\View\View.php(227): CodeIgniter\View\View->CodeIgniter\View\{closure}()
 4 SYSTEMPATH\Common.php(1173): CodeIgniter\View\View->render('base/publico/asignar_grupo', [], true)
 5 APPPATH\Controllers\Grupo.php(37): view('base/publico/asignar_grupo', [...])
 6 SYSTEMPATH\CodeIgniter.php(933): App\Controllers\Grupo->index()
 7 SYSTEMPATH\CodeIgniter.php(507): CodeIgniter\CodeIgniter->runController(Object(App\Controllers\Grupo))
 8 SYSTEMPATH\CodeIgniter.php(354): CodeIgniter\CodeIgniter->handleRequest(null, Object(Config\Cache), false)
 9 SYSTEMPATH\Boot.php(334): CodeIgniter\CodeIgniter->run()
10 SYSTEMPATH\Boot.php(67): CodeIgniter\Boot::runCodeIgniter(Object(CodeIgniter\CodeIgniter))
11 FCPATH\index.php(56): CodeIgniter\Boot::bootWeb(Object(Config\Paths))
12 SYSTEMPATH\rewrite.php(44): require_once('C:\\Users\\Jorge Andrey\\Desktop\\arpirantes\\public\\index.php')
CRITICAL - 2025-06-24 02:02:57 --> ErrorException: Undefined array key "asignados"
[Method: GET, Route: aspirante/asignarGrupoVista/AUCY021231HOCQHHA0]
in APPPATH\Views\base\publico\asignar_grupo.php on line 47.
 1 APPPATH\Views\base\publico\asignar_grupo.php(47): CodeIgniter\Debug\Exceptions->errorHandler(2, 'Undefined array key "asignados"', 'C:\\Users\\Jorge Andrey\\Desktop\\arpirantes\\app\\Views\\base\\publico\\asignar_grupo.php', 47)
 2 SYSTEMPATH\View\View.php(224): include('C:\\Users\\Jorge Andrey\\Desktop\\arpirantes\\app\\Views\\base\\publico\\asignar_grupo.php')
 3 SYSTEMPATH\View\View.php(227): CodeIgniter\View\View->CodeIgniter\View\{closure}()
 4 SYSTEMPATH\Common.php(1173): CodeIgniter\View\View->render('base/publico/asignar_grupo', [], true)
 5 APPPATH\Controllers\Aspirante.php(388): view('base/publico/asignar_grupo', [...])
 6 SYSTEMPATH\CodeIgniter.php(933): App\Controllers\Aspirante->asignarGrupoVista('AUCY021231HOCQHHA0')
 7 SYSTEMPATH\CodeIgniter.php(507): CodeIgniter\CodeIgniter->runController(Object(App\Controllers\Aspirante))
 8 SYSTEMPATH\CodeIgniter.php(354): CodeIgniter\CodeIgniter->handleRequest(null, Object(Config\Cache), false)
 9 SYSTEMPATH\Boot.php(334): CodeIgniter\CodeIgniter->run()
10 SYSTEMPATH\Boot.php(67): CodeIgniter\Boot::runCodeIgniter(Object(CodeIgniter\CodeIgniter))
11 FCPATH\index.php(56): CodeIgniter\Boot::bootWeb(Object(Config\Paths))
12 SYSTEMPATH\rewrite.php(44): require_once('C:\\Users\\Jorge Andrey\\Desktop\\arpirantes\\public\\index.php')
CRITICAL - 2025-06-24 02:03:05 --> ErrorException: Undefined variable $curp
[Method: GET, Route: grupos]
in APPPATH\Views\base\publico\asignar_grupo.php on line 50.
 1 APPPATH\Views\base\publico\asignar_grupo.php(50): CodeIgniter\Debug\Exceptions->errorHandler(2, 'Undefined variable $curp', 'C:\\Users\\Jorge Andrey\\Desktop\\arpirantes\\app\\Views\\base\\publico\\asignar_grupo.php', 50)
 2 SYSTEMPATH\View\View.php(224): include('C:\\Users\\Jorge Andrey\\Desktop\\arpirantes\\app\\Views\\base\\publico\\asignar_grupo.php')
 3 SYSTEMPATH\View\View.php(227): CodeIgniter\View\View->CodeIgniter\View\{closure}()
 4 SYSTEMPATH\Common.php(1173): CodeIgniter\View\View->render('base/publico/asignar_grupo', [], true)
 5 APPPATH\Controllers\Grupo.php(37): view('base/publico/asignar_grupo', [...])
 6 SYSTEMPATH\CodeIgniter.php(933): App\Controllers\Grupo->index()
 7 SYSTEMPATH\CodeIgniter.php(507): CodeIgniter\CodeIgniter->runController(Object(App\Controllers\Grupo))
 8 SYSTEMPATH\CodeIgniter.php(354): CodeIgniter\CodeIgniter->handleRequest(null, Object(Config\Cache), false)
 9 SYSTEMPATH\Boot.php(334): CodeIgniter\CodeIgniter->run()
10 SYSTEMPATH\Boot.php(67): CodeIgniter\Boot::runCodeIgniter(Object(CodeIgniter\CodeIgniter))
11 FCPATH\index.php(56): CodeIgniter\Boot::bootWeb(Object(Config\Paths))
12 SYSTEMPATH\rewrite.php(44): require_once('C:\\Users\\Jorge Andrey\\Desktop\\arpirantes\\public\\index.php')
CRITICAL - 2025-06-24 02:03:50 --> ErrorException: Undefined variable $curp
[Method: GET, Route: grupos]
in APPPATH\Views\base\publico\asignar_grupo.php on line 50.
 1 APPPATH\Views\base\publico\asignar_grupo.php(50): CodeIgniter\Debug\Exceptions->errorHandler(2, 'Undefined variable $curp', 'C:\\Users\\Jorge Andrey\\Desktop\\arpirantes\\app\\Views\\base\\publico\\asignar_grupo.php', 50)
 2 SYSTEMPATH\View\View.php(224): include('C:\\Users\\Jorge Andrey\\Desktop\\arpirantes\\app\\Views\\base\\publico\\asignar_grupo.php')
 3 SYSTEMPATH\View\View.php(227): CodeIgniter\View\View->CodeIgniter\View\{closure}()
 4 SYSTEMPATH\Common.php(1173): CodeIgniter\View\View->render('base/publico/asignar_grupo', [], true)
 5 APPPATH\Controllers\Grupo.php(37): view('base/publico/asignar_grupo', [...])
 6 SYSTEMPATH\CodeIgniter.php(933): App\Controllers\Grupo->index()
 7 SYSTEMPATH\CodeIgniter.php(507): CodeIgniter\CodeIgniter->runController(Object(App\Controllers\Grupo))
 8 SYSTEMPATH\CodeIgniter.php(354): CodeIgniter\CodeIgniter->handleRequest(null, Object(Config\Cache), false)
 9 SYSTEMPATH\Boot.php(334): CodeIgniter\CodeIgniter->run()
10 SYSTEMPATH\Boot.php(67): CodeIgniter\Boot::runCodeIgniter(Object(CodeIgniter\CodeIgniter))
11 FCPATH\index.php(56): CodeIgniter\Boot::bootWeb(Object(Config\Paths))
12 SYSTEMPATH\rewrite.php(44): require_once('C:\\Users\\Jorge Andrey\\Desktop\\arpirantes\\public\\index.php')
CRITICAL - 2025-06-24 02:05:47 --> ErrorException: Undefined variable $curp
[Method: GET, Route: grupos]
in APPPATH\Views\base\publico\asignar_grupo.php on line 50.
 1 APPPATH\Views\base\publico\asignar_grupo.php(50): CodeIgniter\Debug\Exceptions->errorHandler(2, 'Undefined variable $curp', 'C:\\Users\\Jorge Andrey\\Desktop\\arpirantes\\app\\Views\\base\\publico\\asignar_grupo.php', 50)
 2 SYSTEMPATH\View\View.php(224): include('C:\\Users\\Jorge Andrey\\Desktop\\arpirantes\\app\\Views\\base\\publico\\asignar_grupo.php')
 3 SYSTEMPATH\View\View.php(227): CodeIgniter\View\View->CodeIgniter\View\{closure}()
 4 SYSTEMPATH\Common.php(1173): CodeIgniter\View\View->render('base/publico/asignar_grupo', [], true)
 5 APPPATH\Controllers\Grupo.php(37): view('base/publico/asignar_grupo', [...])
 6 SYSTEMPATH\CodeIgniter.php(933): App\Controllers\Grupo->index()
 7 SYSTEMPATH\CodeIgniter.php(507): CodeIgniter\CodeIgniter->runController(Object(App\Controllers\Grupo))
 8 SYSTEMPATH\CodeIgniter.php(354): CodeIgniter\CodeIgniter->handleRequest(null, Object(Config\Cache), false)
 9 SYSTEMPATH\Boot.php(334): CodeIgniter\CodeIgniter->run()
10 SYSTEMPATH\Boot.php(67): CodeIgniter\Boot::runCodeIgniter(Object(CodeIgniter\CodeIgniter))
11 FCPATH\index.php(56): CodeIgniter\Boot::bootWeb(Object(Config\Paths))
12 SYSTEMPATH\rewrite.php(44): require_once('C:\\Users\\Jorge Andrey\\Desktop\\arpirantes\\public\\index.php')
CRITICAL - 2025-06-24 02:05:53 --> ErrorException: Undefined variable $curp
[Method: GET, Route: grupos]
in APPPATH\Views\base\publico\asignar_grupo.php on line 50.
 1 APPPATH\Views\base\publico\asignar_grupo.php(50): CodeIgniter\Debug\Exceptions->errorHandler(2, 'Undefined variable $curp', 'C:\\Users\\Jorge Andrey\\Desktop\\arpirantes\\app\\Views\\base\\publico\\asignar_grupo.php', 50)
 2 SYSTEMPATH\View\View.php(224): include('C:\\Users\\Jorge Andrey\\Desktop\\arpirantes\\app\\Views\\base\\publico\\asignar_grupo.php')
 3 SYSTEMPATH\View\View.php(227): CodeIgniter\View\View->CodeIgniter\View\{closure}()
 4 SYSTEMPATH\Common.php(1173): CodeIgniter\View\View->render('base/publico/asignar_grupo', [], true)
 5 APPPATH\Controllers\Grupo.php(37): view('base/publico/asignar_grupo', [...])
 6 SYSTEMPATH\CodeIgniter.php(933): App\Controllers\Grupo->index()
 7 SYSTEMPATH\CodeIgniter.php(507): CodeIgniter\CodeIgniter->runController(Object(App\Controllers\Grupo))
 8 SYSTEMPATH\CodeIgniter.php(354): CodeIgniter\CodeIgniter->handleRequest(null, Object(Config\Cache), false)
 9 SYSTEMPATH\Boot.php(334): CodeIgniter\CodeIgniter->run()
10 SYSTEMPATH\Boot.php(67): CodeIgniter\Boot::runCodeIgniter(Object(CodeIgniter\CodeIgniter))
11 FCPATH\index.php(56): CodeIgniter\Boot::bootWeb(Object(Config\Paths))
12 SYSTEMPATH\rewrite.php(44): require_once('C:\\Users\\Jorge Andrey\\Desktop\\arpirantes\\public\\index.php')
CRITICAL - 2025-06-24 02:06:16 --> ErrorException: Undefined variable $curp
[Method: GET, Route: grupos]
in APPPATH\Views\base\publico\asignar_grupo.php on line 50.
 1 APPPATH\Views\base\publico\asignar_grupo.php(50): CodeIgniter\Debug\Exceptions->errorHandler(2, 'Undefined variable $curp', 'C:\\Users\\Jorge Andrey\\Desktop\\arpirantes\\app\\Views\\base\\publico\\asignar_grupo.php', 50)
 2 SYSTEMPATH\View\View.php(224): include('C:\\Users\\Jorge Andrey\\Desktop\\arpirantes\\app\\Views\\base\\publico\\asignar_grupo.php')
 3 SYSTEMPATH\View\View.php(227): CodeIgniter\View\View->CodeIgniter\View\{closure}()
 4 SYSTEMPATH\Common.php(1173): CodeIgniter\View\View->render('base/publico/asignar_grupo', [], true)
 5 APPPATH\Controllers\Grupo.php(37): view('base/publico/asignar_grupo', [...])
 6 SYSTEMPATH\CodeIgniter.php(933): App\Controllers\Grupo->index()
 7 SYSTEMPATH\CodeIgniter.php(507): CodeIgniter\CodeIgniter->runController(Object(App\Controllers\Grupo))
 8 SYSTEMPATH\CodeIgniter.php(354): CodeIgniter\CodeIgniter->handleRequest(null, Object(Config\Cache), false)
 9 SYSTEMPATH\Boot.php(334): CodeIgniter\CodeIgniter->run()
10 SYSTEMPATH\Boot.php(67): CodeIgniter\Boot::runCodeIgniter(Object(CodeIgniter\CodeIgniter))
11 FCPATH\index.php(56): CodeIgniter\Boot::bootWeb(Object(Config\Paths))
12 SYSTEMPATH\rewrite.php(44): require_once('C:\\Users\\Jorge Andrey\\Desktop\\arpirantes\\public\\index.php')
