CRITICAL - 2025-07-28 12:14:35 --> ErrorException: Undefined variable $user_info
[Method: GET, Route: grupos/editar/11]
in APPPATH\Views\base\template\header.php on line 36.
 1 APPPATH\Views\base\template\header.php(36): CodeIgniter\Debug\Exceptions->errorHandler(2, 'Undefined variable $user_info', 'C:\\xampp\\htdocs\\rockstar\\rockstar\\app\\Views\\base\\template\\header.php', 36)
 2 SYSTEMPATH\View\View.php(224): include('C:\\xampp\\htdocs\\rockstar\\rockstar\\app\\Views\\base\\template\\header.php')
 3 SYSTEMPATH\View\View.php(227): CodeIgniter\View\View->CodeIgniter\View\{closure}()
 4 SYSTEMPATH\Common.php(1173): CodeIgniter\View\View->render('base/template/header', [], true)
 5 APPPATH\Views\base\administrador\editar_grupo_curso.php(28): view('base/template/header')
 6 SYSTEMPATH\View\View.php(224): include('C:\\xampp\\htdocs\\rockstar\\rockstar\\app\\Views\\base\\administrador\\editar_grupo_curso.php')
 7 SYSTEMPATH\View\View.php(227): CodeIgniter\View\View->CodeIgniter\View\{closure}()
 8 SYSTEMPATH\Common.php(1173): CodeIgniter\View\View->render('base/administrador/editar_grupo_curso', [], true)
 9 APPPATH\Controllers\Grupo.php(304): view('base/administrador/editar_grupo_curso', [...])
10 SYSTEMPATH\CodeIgniter.php(933): App\Controllers\Grupo->editar('11')
11 SYSTEMPATH\CodeIgniter.php(507): CodeIgniter\CodeIgniter->runController(Object(App\Controllers\Grupo))
12 SYSTEMPATH\CodeIgniter.php(354): CodeIgniter\CodeIgniter->handleRequest(null, Object(Config\Cache), false)
13 SYSTEMPATH\Boot.php(334): CodeIgniter\CodeIgniter->run()
14 SYSTEMPATH\Boot.php(67): CodeIgniter\Boot::runCodeIgniter(Object(CodeIgniter\CodeIgniter))
15 FCPATH\index.php(56): CodeIgniter\Boot::bootWeb(Object(Config\Paths))
16 SYSTEMPATH\rewrite.php(44): require_once('C:\\xampp\\htdocs\\rockstar\\rockstar\\public\\index.php')
CRITICAL - 2025-07-28 12:15:00 --> ErrorException: Undefined variable $user_info
[Method: GET, Route: grupos/editar/11]
in APPPATH\Views\base\template\header.php on line 36.
 1 APPPATH\Views\base\template\header.php(36): CodeIgniter\Debug\Exceptions->errorHandler(2, 'Undefined variable $user_info', 'C:\\xampp\\htdocs\\rockstar\\rockstar\\app\\Views\\base\\template\\header.php', 36)
 2 SYSTEMPATH\View\View.php(224): include('C:\\xampp\\htdocs\\rockstar\\rockstar\\app\\Views\\base\\template\\header.php')
 3 SYSTEMPATH\View\View.php(227): CodeIgniter\View\View->CodeIgniter\View\{closure}()
 4 SYSTEMPATH\Common.php(1173): CodeIgniter\View\View->render('base/template/header', [], true)
 5 APPPATH\Views\base\administrador\editar_grupo_curso.php(28): view('base/template/header')
 6 SYSTEMPATH\View\View.php(224): include('C:\\xampp\\htdocs\\rockstar\\rockstar\\app\\Views\\base\\administrador\\editar_grupo_curso.php')
 7 SYSTEMPATH\View\View.php(227): CodeIgniter\View\View->CodeIgniter\View\{closure}()
 8 SYSTEMPATH\Common.php(1173): CodeIgniter\View\View->render('base/administrador/editar_grupo_curso', [], true)
 9 APPPATH\Controllers\Grupo.php(304): view('base/administrador/editar_grupo_curso', [...])
10 SYSTEMPATH\CodeIgniter.php(933): App\Controllers\Grupo->editar('11')
11 SYSTEMPATH\CodeIgniter.php(507): CodeIgniter\CodeIgniter->runController(Object(App\Controllers\Grupo))
12 SYSTEMPATH\CodeIgniter.php(354): CodeIgniter\CodeIgniter->handleRequest(null, Object(Config\Cache), false)
13 SYSTEMPATH\Boot.php(334): CodeIgniter\CodeIgniter->run()
14 SYSTEMPATH\Boot.php(67): CodeIgniter\Boot::runCodeIgniter(Object(CodeIgniter\CodeIgniter))
15 FCPATH\index.php(56): CodeIgniter\Boot::bootWeb(Object(Config\Paths))
16 SYSTEMPATH\rewrite.php(44): require_once('C:\\xampp\\htdocs\\rockstar\\rockstar\\public\\index.php')
CRITICAL - 2025-07-28 12:18:30 --> ErrorException: Undefined variable $user_info
[Method: GET, Route: grupos/editar/11]
in APPPATH\Views\base\template\header.php on line 36.
 1 APPPATH\Views\base\template\header.php(36): CodeIgniter\Debug\Exceptions->errorHandler(2, 'Undefined variable $user_info', 'C:\\xampp\\htdocs\\rockstar\\rockstar\\app\\Views\\base\\template\\header.php', 36)
 2 SYSTEMPATH\View\View.php(224): include('C:\\xampp\\htdocs\\rockstar\\rockstar\\app\\Views\\base\\template\\header.php')
 3 SYSTEMPATH\View\View.php(227): CodeIgniter\View\View->CodeIgniter\View\{closure}()
 4 SYSTEMPATH\Common.php(1173): CodeIgniter\View\View->render('base/template/header', [], true)
 5 APPPATH\Views\base\administrador\editar_grupo_curso.php(28): view('base/template/header')
 6 SYSTEMPATH\View\View.php(224): include('C:\\xampp\\htdocs\\rockstar\\rockstar\\app\\Views\\base\\administrador\\editar_grupo_curso.php')
 7 SYSTEMPATH\View\View.php(227): CodeIgniter\View\View->CodeIgniter\View\{closure}()
 8 SYSTEMPATH\Common.php(1173): CodeIgniter\View\View->render('base/administrador/editar_grupo_curso', [], true)
 9 APPPATH\Controllers\Grupo.php(308): view('base/administrador/editar_grupo_curso', [...])
10 SYSTEMPATH\CodeIgniter.php(933): App\Controllers\Grupo->editar('11')
11 SYSTEMPATH\CodeIgniter.php(507): CodeIgniter\CodeIgniter->runController(Object(App\Controllers\Grupo))
12 SYSTEMPATH\CodeIgniter.php(354): CodeIgniter\CodeIgniter->handleRequest(null, Object(Config\Cache), false)
13 SYSTEMPATH\Boot.php(334): CodeIgniter\CodeIgniter->run()
14 SYSTEMPATH\Boot.php(67): CodeIgniter\Boot::runCodeIgniter(Object(CodeIgniter\CodeIgniter))
15 FCPATH\index.php(56): CodeIgniter\Boot::bootWeb(Object(Config\Paths))
16 SYSTEMPATH\rewrite.php(44): require_once('C:\\xampp\\htdocs\\rockstar\\rockstar\\public\\index.php')
CRITICAL - 2025-07-28 12:19:21 --> ErrorException: Undefined variable $user_info
[Method: GET, Route: grupos/editar/11]
in APPPATH\Views\base\template\header.php on line 36.
 1 APPPATH\Views\base\template\header.php(36): CodeIgniter\Debug\Exceptions->errorHandler(2, 'Undefined variable $user_info', 'C:\\xampp\\htdocs\\rockstar\\rockstar\\app\\Views\\base\\template\\header.php', 36)
 2 SYSTEMPATH\View\View.php(224): include('C:\\xampp\\htdocs\\rockstar\\rockstar\\app\\Views\\base\\template\\header.php')
 3 SYSTEMPATH\View\View.php(227): CodeIgniter\View\View->CodeIgniter\View\{closure}()
 4 SYSTEMPATH\Common.php(1173): CodeIgniter\View\View->render('base/template/header', [], true)
 5 APPPATH\Views\base\administrador\editar_grupo_curso.php(28): view('base/template/header')
 6 SYSTEMPATH\View\View.php(224): include('C:\\xampp\\htdocs\\rockstar\\rockstar\\app\\Views\\base\\administrador\\editar_grupo_curso.php')
 7 SYSTEMPATH\View\View.php(227): CodeIgniter\View\View->CodeIgniter\View\{closure}()
 8 SYSTEMPATH\Common.php(1173): CodeIgniter\View\View->render('base/administrador/editar_grupo_curso', [], true)
 9 APPPATH\Controllers\Grupo.php(308): view('base/administrador/editar_grupo_curso', [...])
10 SYSTEMPATH\CodeIgniter.php(933): App\Controllers\Grupo->editar('11')
11 SYSTEMPATH\CodeIgniter.php(507): CodeIgniter\CodeIgniter->runController(Object(App\Controllers\Grupo))
12 SYSTEMPATH\CodeIgniter.php(354): CodeIgniter\CodeIgniter->handleRequest(null, Object(Config\Cache), false)
13 SYSTEMPATH\Boot.php(334): CodeIgniter\CodeIgniter->run()
14 SYSTEMPATH\Boot.php(67): CodeIgniter\Boot::runCodeIgniter(Object(CodeIgniter\CodeIgniter))
15 FCPATH\index.php(56): CodeIgniter\Boot::bootWeb(Object(Config\Paths))
16 SYSTEMPATH\rewrite.php(44): require_once('C:\\xampp\\htdocs\\rockstar\\rockstar\\public\\index.php')
CRITICAL - 2025-07-28 12:21:50 --> ErrorException: Undefined variable $user_info
[Method: GET, Route: grupos/editar/11]
in APPPATH\Views\base\template\header.php on line 36.
 1 APPPATH\Views\base\template\header.php(36): CodeIgniter\Debug\Exceptions->errorHandler(2, 'Undefined variable $user_info', 'C:\\xampp\\htdocs\\rockstar\\rockstar\\app\\Views\\base\\template\\header.php', 36)
 2 SYSTEMPATH\View\View.php(224): include('C:\\xampp\\htdocs\\rockstar\\rockstar\\app\\Views\\base\\template\\header.php')
 3 SYSTEMPATH\View\View.php(227): CodeIgniter\View\View->CodeIgniter\View\{closure}()
 4 SYSTEMPATH\Common.php(1173): CodeIgniter\View\View->render('base/template/header', [], true)
 5 APPPATH\Views\base\administrador\editar_grupo_curso.php(28): view('base/template/header')
 6 SYSTEMPATH\View\View.php(224): include('C:\\xampp\\htdocs\\rockstar\\rockstar\\app\\Views\\base\\administrador\\editar_grupo_curso.php')
 7 SYSTEMPATH\View\View.php(227): CodeIgniter\View\View->CodeIgniter\View\{closure}()
 8 SYSTEMPATH\Common.php(1173): CodeIgniter\View\View->render('base/administrador/editar_grupo_curso', [], true)
 9 APPPATH\Controllers\Grupo.php(312): view('base/administrador/editar_grupo_curso', [...])
10 SYSTEMPATH\CodeIgniter.php(933): App\Controllers\Grupo->editar('11')
11 SYSTEMPATH\CodeIgniter.php(507): CodeIgniter\CodeIgniter->runController(Object(App\Controllers\Grupo))
12 SYSTEMPATH\CodeIgniter.php(354): CodeIgniter\CodeIgniter->handleRequest(null, Object(Config\Cache), false)
13 SYSTEMPATH\Boot.php(334): CodeIgniter\CodeIgniter->run()
14 SYSTEMPATH\Boot.php(67): CodeIgniter\Boot::runCodeIgniter(Object(CodeIgniter\CodeIgniter))
15 FCPATH\index.php(56): CodeIgniter\Boot::bootWeb(Object(Config\Paths))
16 SYSTEMPATH\rewrite.php(44): require_once('C:\\xampp\\htdocs\\rockstar\\rockstar\\public\\index.php')
CRITICAL - 2025-07-28 12:22:15 --> ErrorException: Undefined variable $user_info
[Method: GET, Route: grupos/editar/11]
in APPPATH\Views\base\template\header.php on line 36.
 1 APPPATH\Views\base\template\header.php(36): CodeIgniter\Debug\Exceptions->errorHandler(2, 'Undefined variable $user_info', 'C:\\xampp\\htdocs\\rockstar\\rockstar\\app\\Views\\base\\template\\header.php', 36)
 2 SYSTEMPATH\View\View.php(224): include('C:\\xampp\\htdocs\\rockstar\\rockstar\\app\\Views\\base\\template\\header.php')
 3 SYSTEMPATH\View\View.php(227): CodeIgniter\View\View->CodeIgniter\View\{closure}()
 4 SYSTEMPATH\Common.php(1173): CodeIgniter\View\View->render('base/template/header', [], true)
 5 APPPATH\Views\base\administrador\editar_grupo_curso.php(28): view('base/template/header')
 6 SYSTEMPATH\View\View.php(224): include('C:\\xampp\\htdocs\\rockstar\\rockstar\\app\\Views\\base\\administrador\\editar_grupo_curso.php')
 7 SYSTEMPATH\View\View.php(227): CodeIgniter\View\View->CodeIgniter\View\{closure}()
 8 SYSTEMPATH\Common.php(1173): CodeIgniter\View\View->render('base/administrador/editar_grupo_curso', [], true)
 9 APPPATH\Controllers\Grupo.php(312): view('base/administrador/editar_grupo_curso', [...])
10 SYSTEMPATH\CodeIgniter.php(933): App\Controllers\Grupo->editar('11')
11 SYSTEMPATH\CodeIgniter.php(507): CodeIgniter\CodeIgniter->runController(Object(App\Controllers\Grupo))
12 SYSTEMPATH\CodeIgniter.php(354): CodeIgniter\CodeIgniter->handleRequest(null, Object(Config\Cache), false)
13 SYSTEMPATH\Boot.php(334): CodeIgniter\CodeIgniter->run()
14 SYSTEMPATH\Boot.php(67): CodeIgniter\Boot::runCodeIgniter(Object(CodeIgniter\CodeIgniter))
15 FCPATH\index.php(56): CodeIgniter\Boot::bootWeb(Object(Config\Paths))
16 SYSTEMPATH\rewrite.php(44): require_once('C:\\xampp\\htdocs\\rockstar\\rockstar\\public\\index.php')
CRITICAL - 2025-07-28 13:30:55 --> ErrorException: Undefined variable $miga
[Method: GET, Route: convocatoria/editar/11]
in APPPATH\Views\base\template\head.php on line 6.
 1 APPPATH\Views\base\template\head.php(6): CodeIgniter\Debug\Exceptions->errorHandler(2, 'Undefined variable $miga', 'C:\\xampp\\htdocs\\rockstar\\rockstar\\app\\Views\\base\\template\\head.php', 6)
 2 SYSTEMPATH\View\View.php(224): include('C:\\xampp\\htdocs\\rockstar\\rockstar\\app\\Views\\base\\template\\head.php')
 3 SYSTEMPATH\View\View.php(227): CodeIgniter\View\View->CodeIgniter\View\{closure}()
 4 SYSTEMPATH\Common.php(1173): CodeIgniter\View\View->render('base/template/head', [], true)
 5 APPPATH\Views\base\administrador\editar_convocatoria.php(12): view('base/template/head')
 6 SYSTEMPATH\View\View.php(224): include('C:\\xampp\\htdocs\\rockstar\\rockstar\\app\\Views\\base\\administrador\\editar_convocatoria.php')
 7 SYSTEMPATH\View\View.php(227): CodeIgniter\View\View->CodeIgniter\View\{closure}()
 8 SYSTEMPATH\Common.php(1173): CodeIgniter\View\View->render('base/administrador/editar_convocatoria', [], true)
 9 APPPATH\Controllers\Convocatoria.php(112): view('base/administrador/editar_convocatoria', [...])
10 SYSTEMPATH\CodeIgniter.php(933): App\Controllers\Convocatoria->editar('11')
11 SYSTEMPATH\CodeIgniter.php(507): CodeIgniter\CodeIgniter->runController(Object(App\Controllers\Convocatoria))
12 SYSTEMPATH\CodeIgniter.php(354): CodeIgniter\CodeIgniter->handleRequest(null, Object(Config\Cache), false)
13 SYSTEMPATH\Boot.php(334): CodeIgniter\CodeIgniter->run()
14 SYSTEMPATH\Boot.php(67): CodeIgniter\Boot::runCodeIgniter(Object(CodeIgniter\CodeIgniter))
15 FCPATH\index.php(56): CodeIgniter\Boot::bootWeb(Object(Config\Paths))
16 SYSTEMPATH\rewrite.php(44): require_once('C:\\xampp\\htdocs\\rockstar\\rockstar\\public\\index.php')
CRITICAL - 2025-07-28 13:31:33 --> ErrorException: Undefined variable $miga
[Method: GET, Route: convocatoria/editar/11]
in APPPATH\Views\base\template\head.php on line 6.
 1 APPPATH\Views\base\template\head.php(6): CodeIgniter\Debug\Exceptions->errorHandler(2, 'Undefined variable $miga', 'C:\\xampp\\htdocs\\rockstar\\rockstar\\app\\Views\\base\\template\\head.php', 6)
 2 SYSTEMPATH\View\View.php(224): include('C:\\xampp\\htdocs\\rockstar\\rockstar\\app\\Views\\base\\template\\head.php')
 3 SYSTEMPATH\View\View.php(227): CodeIgniter\View\View->CodeIgniter\View\{closure}()
 4 SYSTEMPATH\Common.php(1173): CodeIgniter\View\View->render('base/template/head', [], true)
 5 APPPATH\Views\base\administrador\editar_convocatoria.php(12): view('base/template/head')
 6 SYSTEMPATH\View\View.php(224): include('C:\\xampp\\htdocs\\rockstar\\rockstar\\app\\Views\\base\\administrador\\editar_convocatoria.php')
 7 SYSTEMPATH\View\View.php(227): CodeIgniter\View\View->CodeIgniter\View\{closure}()
 8 SYSTEMPATH\Common.php(1173): CodeIgniter\View\View->render('base/administrador/editar_convocatoria', [], true)
 9 APPPATH\Controllers\Convocatoria.php(112): view('base/administrador/editar_convocatoria', [...])
10 SYSTEMPATH\CodeIgniter.php(933): App\Controllers\Convocatoria->editar('11')
11 SYSTEMPATH\CodeIgniter.php(507): CodeIgniter\CodeIgniter->runController(Object(App\Controllers\Convocatoria))
12 SYSTEMPATH\CodeIgniter.php(354): CodeIgniter\CodeIgniter->handleRequest(null, Object(Config\Cache), false)
13 SYSTEMPATH\Boot.php(334): CodeIgniter\CodeIgniter->run()
14 SYSTEMPATH\Boot.php(67): CodeIgniter\Boot::runCodeIgniter(Object(CodeIgniter\CodeIgniter))
15 FCPATH\index.php(56): CodeIgniter\Boot::bootWeb(Object(Config\Paths))
16 SYSTEMPATH\rewrite.php(44): require_once('C:\\xampp\\htdocs\\rockstar\\rockstar\\public\\index.php')
CRITICAL - 2025-07-28 13:31:36 --> ErrorException: Undefined variable $miga
[Method: GET, Route: convocatoria/editar/11]
in APPPATH\Views\base\template\head.php on line 6.
 1 APPPATH\Views\base\template\head.php(6): CodeIgniter\Debug\Exceptions->errorHandler(2, 'Undefined variable $miga', 'C:\\xampp\\htdocs\\rockstar\\rockstar\\app\\Views\\base\\template\\head.php', 6)
 2 SYSTEMPATH\View\View.php(224): include('C:\\xampp\\htdocs\\rockstar\\rockstar\\app\\Views\\base\\template\\head.php')
 3 SYSTEMPATH\View\View.php(227): CodeIgniter\View\View->CodeIgniter\View\{closure}()
 4 SYSTEMPATH\Common.php(1173): CodeIgniter\View\View->render('base/template/head', [], true)
 5 APPPATH\Views\base\administrador\editar_convocatoria.php(12): view('base/template/head')
 6 SYSTEMPATH\View\View.php(224): include('C:\\xampp\\htdocs\\rockstar\\rockstar\\app\\Views\\base\\administrador\\editar_convocatoria.php')
 7 SYSTEMPATH\View\View.php(227): CodeIgniter\View\View->CodeIgniter\View\{closure}()
 8 SYSTEMPATH\Common.php(1173): CodeIgniter\View\View->render('base/administrador/editar_convocatoria', [], true)
 9 APPPATH\Controllers\Convocatoria.php(112): view('base/administrador/editar_convocatoria', [...])
10 SYSTEMPATH\CodeIgniter.php(933): App\Controllers\Convocatoria->editar('11')
11 SYSTEMPATH\CodeIgniter.php(507): CodeIgniter\CodeIgniter->runController(Object(App\Controllers\Convocatoria))
12 SYSTEMPATH\CodeIgniter.php(354): CodeIgniter\CodeIgniter->handleRequest(null, Object(Config\Cache), false)
13 SYSTEMPATH\Boot.php(334): CodeIgniter\CodeIgniter->run()
14 SYSTEMPATH\Boot.php(67): CodeIgniter\Boot::runCodeIgniter(Object(CodeIgniter\CodeIgniter))
15 FCPATH\index.php(56): CodeIgniter\Boot::bootWeb(Object(Config\Paths))
16 SYSTEMPATH\rewrite.php(44): require_once('C:\\xampp\\htdocs\\rockstar\\rockstar\\public\\index.php')
CRITICAL - 2025-07-28 14:26:01 --> ErrorException: Undefined variable $sedes
[Method: GET, Route: documentacion/aspirantes]
in APPPATH\Views\base\administrador\documentos.php on line 50.
 1 APPPATH\Views\base\administrador\documentos.php(50): CodeIgniter\Debug\Exceptions->errorHandler(2, 'Undefined variable $sedes', 'C:\\xampp\\htdocs\\rockstar\\rockstar\\app\\Views\\base\\administrador\\documentos.php', 50)
 2 SYSTEMPATH\View\View.php(224): include('C:\\xampp\\htdocs\\rockstar\\rockstar\\app\\Views\\base\\administrador\\documentos.php')
 3 SYSTEMPATH\View\View.php(227): CodeIgniter\View\View->CodeIgniter\View\{closure}()
 4 SYSTEMPATH\Common.php(1173): CodeIgniter\View\View->render('base/administrador/documentos', [], true)
 5 APPPATH\Controllers\Documentacion.php(279): view('base/administrador/documentos', [...])
 6 SYSTEMPATH\CodeIgniter.php(933): App\Controllers\Documentacion->indexAdmin()
 7 SYSTEMPATH\CodeIgniter.php(507): CodeIgniter\CodeIgniter->runController(Object(App\Controllers\Documentacion))
 8 SYSTEMPATH\CodeIgniter.php(354): CodeIgniter\CodeIgniter->handleRequest(null, Object(Config\Cache), false)
 9 SYSTEMPATH\Boot.php(334): CodeIgniter\CodeIgniter->run()
10 SYSTEMPATH\Boot.php(67): CodeIgniter\Boot::runCodeIgniter(Object(CodeIgniter\CodeIgniter))
11 FCPATH\index.php(56): CodeIgniter\Boot::bootWeb(Object(Config\Paths))
12 SYSTEMPATH\rewrite.php(44): require_once('C:\\xampp\\htdocs\\rockstar\\rockstar\\public\\index.php')
CRITICAL - 2025-07-28 14:26:07 --> ErrorException: Undefined variable $sedes
[Method: GET, Route: documentacion/aspirantes]
in APPPATH\Views\base\administrador\documentos.php on line 50.
 1 APPPATH\Views\base\administrador\documentos.php(50): CodeIgniter\Debug\Exceptions->errorHandler(2, 'Undefined variable $sedes', 'C:\\xampp\\htdocs\\rockstar\\rockstar\\app\\Views\\base\\administrador\\documentos.php', 50)
 2 SYSTEMPATH\View\View.php(224): include('C:\\xampp\\htdocs\\rockstar\\rockstar\\app\\Views\\base\\administrador\\documentos.php')
 3 SYSTEMPATH\View\View.php(227): CodeIgniter\View\View->CodeIgniter\View\{closure}()
 4 SYSTEMPATH\Common.php(1173): CodeIgniter\View\View->render('base/administrador/documentos', [], true)
 5 APPPATH\Controllers\Documentacion.php(279): view('base/administrador/documentos', [...])
 6 SYSTEMPATH\CodeIgniter.php(933): App\Controllers\Documentacion->indexAdmin()
 7 SYSTEMPATH\CodeIgniter.php(507): CodeIgniter\CodeIgniter->runController(Object(App\Controllers\Documentacion))
 8 SYSTEMPATH\CodeIgniter.php(354): CodeIgniter\CodeIgniter->handleRequest(null, Object(Config\Cache), false)
 9 SYSTEMPATH\Boot.php(334): CodeIgniter\CodeIgniter->run()
10 SYSTEMPATH\Boot.php(67): CodeIgniter\Boot::runCodeIgniter(Object(CodeIgniter\CodeIgniter))
11 FCPATH\index.php(56): CodeIgniter\Boot::bootWeb(Object(Config\Paths))
12 SYSTEMPATH\rewrite.php(44): require_once('C:\\xampp\\htdocs\\rockstar\\rockstar\\public\\index.php')
