ERROR - 2025-07-01 12:42:25 --> mysqli_sql_exception: Unknown column 'aspirantes.id_grupo' in 'where clause' in C:\xampp\htdocs\arpirantes\system\Database\MySQLi\Connection.php:327
Stack trace:
#0 C:\xampp\htdocs\arpirantes\system\Database\MySQLi\Connection.php(327): mysqli->query('SELECT `sedes`....', 0)
#1 C:\xampp\htdocs\arpirantes\system\Database\BaseConnection.php(738): CodeIgniter\Database\MySQLi\Connection->execute('SELECT `sedes`....')
#2 C:\xampp\htdocs\arpirantes\system\Database\BaseConnection.php(652): CodeIgniter\Database\BaseConnection->simpleQuery('SELECT `sedes`....')
#3 C:\xampp\htdocs\arpirantes\system\Database\BaseBuilder.php(1649): CodeIgniter\Database\BaseConnection->query('SELECT `sedes`....', Array, false)
#4 C:\xampp\htdocs\arpirantes\system\Model.php(286): CodeIgniter\Database\BaseBuilder->get()
#5 C:\xampp\htdocs\arpirantes\system\BaseModel.php(675): CodeIgniter\Model->doFindAll(0, 0)
#6 C:\xampp\htdocs\arpirantes\app\Controllers\GruposExamen.php(31): CodeIgniter\BaseModel->findAll()
#7 C:\xampp\htdocs\arpirantes\system\CodeIgniter.php(933): App\Controllers\GruposExamen->index()
#8 C:\xampp\htdocs\arpirantes\system\CodeIgniter.php(507): CodeIgniter\CodeIgniter->runController(Object(App\Controllers\GruposExamen))
#9 C:\xampp\htdocs\arpirantes\system\CodeIgniter.php(354): CodeIgniter\CodeIgniter->handleRequest(NULL, Object(Config\Cache), false)
#10 C:\xampp\htdocs\arpirantes\system\Boot.php(334): CodeIgniter\CodeIgniter->run()
#11 C:\xampp\htdocs\arpirantes\system\Boot.php(67): CodeIgniter\Boot::runCodeIgniter(Object(CodeIgniter\CodeIgniter))
#12 C:\xampp\htdocs\arpirantes\public\index.php(56): CodeIgniter\Boot::bootWeb(Object(Config\Paths))
#13 C:\xampp\htdocs\arpirantes\system\rewrite.php(44): require_once('C:\\xampp\\htdocs...')
#14 {main}
CRITICAL - 2025-07-01 12:42:25 --> CodeIgniter\Database\Exceptions\DatabaseException: Unknown column 'aspirantes.id_grupo' in 'where clause'
[Method: GET, Route: grupos-examen]
in SYSTEMPATH\Database\BaseConnection.php on line 692.
 1 SYSTEMPATH\Database\BaseBuilder.php(1649): CodeIgniter\Database\BaseConnection->query('SELECT `sedes`.`nombre_sede`, `carreras`.`nombre` AS `nombre_carrera`, COUNT(*) AS total
FROM `aspirantes`
JOIN `carreras` ON `carreras`.`id` = `aspirantes`.`carrera_id`
JOIN `sedes` ON `sedes`.`id_sede` = `aspirantes`.`sede_id`
WHERE `aspirantes`.`id_grupo` IS NULL
GROUP BY `sedes`.`nombre_sede`, `carreras`.`nombre`', [], false)
 2 SYSTEMPATH\Model.php(286): CodeIgniter\Database\BaseBuilder->get()
 3 SYSTEMPATH\BaseModel.php(675): CodeIgniter\Model->doFindAll(0, 0)
 4 APPPATH\Controllers\GruposExamen.php(31): CodeIgniter\BaseModel->findAll()
 5 SYSTEMPATH\CodeIgniter.php(933): App\Controllers\GruposExamen->index()
 6 SYSTEMPATH\CodeIgniter.php(507): CodeIgniter\CodeIgniter->runController(Object(App\Controllers\GruposExamen))
 7 SYSTEMPATH\CodeIgniter.php(354): CodeIgniter\CodeIgniter->handleRequest(null, Object(Config\Cache), false)
 8 SYSTEMPATH\Boot.php(334): CodeIgniter\CodeIgniter->run()
 9 SYSTEMPATH\Boot.php(67): CodeIgniter\Boot::runCodeIgniter(Object(CodeIgniter\CodeIgniter))
10 FCPATH\index.php(56): CodeIgniter\Boot::bootWeb(Object(Config\Paths))
11 SYSTEMPATH\rewrite.php(44): require_once('C:\\xampp\\htdocs\\arpirantes\\public\\index.php')
CRITICAL - 2025-07-01 12:42:25 --> [Caused by] CodeIgniter\Database\Exceptions\DatabaseException: Unknown column 'aspirantes.id_grupo' in 'where clause'
in SYSTEMPATH\Database\MySQLi\Connection.php on line 332.
 1 SYSTEMPATH\Database\BaseConnection.php(738): CodeIgniter\Database\MySQLi\Connection->execute('SELECT `sedes`.`nombre_sede`, `carreras`.`nombre` AS `nombre_carrera`, COUNT(*) AS total
FROM `aspirantes`
JOIN `carreras` ON `carreras`.`id` = `aspirantes`.`carrera_id`
JOIN `sedes` ON `sedes`.`id_sede` = `aspirantes`.`sede_id`
WHERE `aspirantes`.`id_grupo` IS NULL
GROUP BY `sedes`.`nombre_sede`, `carreras`.`nombre`')
 2 SYSTEMPATH\Database\BaseConnection.php(652): CodeIgniter\Database\BaseConnection->simpleQuery('SELECT `sedes`.`nombre_sede`, `carreras`.`nombre` AS `nombre_carrera`, COUNT(*) AS total
FROM `aspirantes`
JOIN `carreras` ON `carreras`.`id` = `aspirantes`.`carrera_id`
JOIN `sedes` ON `sedes`.`id_sede` = `aspirantes`.`sede_id`
WHERE `aspirantes`.`id_grupo` IS NULL
GROUP BY `sedes`.`nombre_sede`, `carreras`.`nombre`')
 3 SYSTEMPATH\Database\BaseBuilder.php(1649): CodeIgniter\Database\BaseConnection->query('SELECT `sedes`.`nombre_sede`, `carreras`.`nombre` AS `nombre_carrera`, COUNT(*) AS total
FROM `aspirantes`
JOIN `carreras` ON `carreras`.`id` = `aspirantes`.`carrera_id`
JOIN `sedes` ON `sedes`.`id_sede` = `aspirantes`.`sede_id`
WHERE `aspirantes`.`id_grupo` IS NULL
GROUP BY `sedes`.`nombre_sede`, `carreras`.`nombre`', [], false)
 4 SYSTEMPATH\Model.php(286): CodeIgniter\Database\BaseBuilder->get()
 5 SYSTEMPATH\BaseModel.php(675): CodeIgniter\Model->doFindAll(0, 0)
 6 APPPATH\Controllers\GruposExamen.php(31): CodeIgniter\BaseModel->findAll()
 7 SYSTEMPATH\CodeIgniter.php(933): App\Controllers\GruposExamen->index()
 8 SYSTEMPATH\CodeIgniter.php(507): CodeIgniter\CodeIgniter->runController(Object(App\Controllers\GruposExamen))
 9 SYSTEMPATH\CodeIgniter.php(354): CodeIgniter\CodeIgniter->handleRequest(null, Object(Config\Cache), false)
10 SYSTEMPATH\Boot.php(334): CodeIgniter\CodeIgniter->run()
11 SYSTEMPATH\Boot.php(67): CodeIgniter\Boot::runCodeIgniter(Object(CodeIgniter\CodeIgniter))
12 FCPATH\index.php(56): CodeIgniter\Boot::bootWeb(Object(Config\Paths))
13 SYSTEMPATH\rewrite.php(44): require_once('C:\\xampp\\htdocs\\arpirantes\\public\\index.php')
CRITICAL - 2025-07-01 12:42:25 --> [Caused by] mysqli_sql_exception: Unknown column 'aspirantes.id_grupo' in 'where clause'
in SYSTEMPATH\Database\MySQLi\Connection.php on line 327.
 1 SYSTEMPATH\Database\MySQLi\Connection.php(327): mysqli->query('SELECT `sedes`.`nombre_sede`, `carreras`.`nombre` AS `nombre_carrera`, COUNT(*) AS total
FROM `aspirantes`
JOIN `carreras` ON `carreras`.`id` = `aspirantes`.`carrera_id`
JOIN `sedes` ON `sedes`.`id_sede` = `aspirantes`.`sede_id`
WHERE `aspirantes`.`id_grupo` IS NULL
GROUP BY `sedes`.`nombre_sede`, `carreras`.`nombre`', 0)
 2 SYSTEMPATH\Database\BaseConnection.php(738): CodeIgniter\Database\MySQLi\Connection->execute('SELECT `sedes`.`nombre_sede`, `carreras`.`nombre` AS `nombre_carrera`, COUNT(*) AS total
FROM `aspirantes`
JOIN `carreras` ON `carreras`.`id` = `aspirantes`.`carrera_id`
JOIN `sedes` ON `sedes`.`id_sede` = `aspirantes`.`sede_id`
WHERE `aspirantes`.`id_grupo` IS NULL
GROUP BY `sedes`.`nombre_sede`, `carreras`.`nombre`')
 3 SYSTEMPATH\Database\BaseConnection.php(652): CodeIgniter\Database\BaseConnection->simpleQuery('SELECT `sedes`.`nombre_sede`, `carreras`.`nombre` AS `nombre_carrera`, COUNT(*) AS total
FROM `aspirantes`
JOIN `carreras` ON `carreras`.`id` = `aspirantes`.`carrera_id`
JOIN `sedes` ON `sedes`.`id_sede` = `aspirantes`.`sede_id`
WHERE `aspirantes`.`id_grupo` IS NULL
GROUP BY `sedes`.`nombre_sede`, `carreras`.`nombre`')
 4 SYSTEMPATH\Database\BaseBuilder.php(1649): CodeIgniter\Database\BaseConnection->query('SELECT `sedes`.`nombre_sede`, `carreras`.`nombre` AS `nombre_carrera`, COUNT(*) AS total
FROM `aspirantes`
JOIN `carreras` ON `carreras`.`id` = `aspirantes`.`carrera_id`
JOIN `sedes` ON `sedes`.`id_sede` = `aspirantes`.`sede_id`
WHERE `aspirantes`.`id_grupo` IS NULL
GROUP BY `sedes`.`nombre_sede`, `carreras`.`nombre`', [], false)
 5 SYSTEMPATH\Model.php(286): CodeIgniter\Database\BaseBuilder->get()
 6 SYSTEMPATH\BaseModel.php(675): CodeIgniter\Model->doFindAll(0, 0)
 7 APPPATH\Controllers\GruposExamen.php(31): CodeIgniter\BaseModel->findAll()
 8 SYSTEMPATH\CodeIgniter.php(933): App\Controllers\GruposExamen->index()
 9 SYSTEMPATH\CodeIgniter.php(507): CodeIgniter\CodeIgniter->runController(Object(App\Controllers\GruposExamen))
10 SYSTEMPATH\CodeIgniter.php(354): CodeIgniter\CodeIgniter->handleRequest(null, Object(Config\Cache), false)
11 SYSTEMPATH\Boot.php(334): CodeIgniter\CodeIgniter->run()
12 SYSTEMPATH\Boot.php(67): CodeIgniter\Boot::runCodeIgniter(Object(CodeIgniter\CodeIgniter))
13 FCPATH\index.php(56): CodeIgniter\Boot::bootWeb(Object(Config\Paths))
14 SYSTEMPATH\rewrite.php(44): require_once('C:\\xampp\\htdocs\\arpirantes\\public\\index.php')
ERROR - 2025-07-01 12:48:02 --> mysqli_sql_exception: Unknown column 'aspirante_grupo_examen.id_grupo' in 'where clause' in C:\xampp\htdocs\arpirantes\system\Database\MySQLi\Connection.php:327
Stack trace:
#0 C:\xampp\htdocs\arpirantes\system\Database\MySQLi\Connection.php(327): mysqli->query('SELECT `sedes`....', 0)
#1 C:\xampp\htdocs\arpirantes\system\Database\BaseConnection.php(738): CodeIgniter\Database\MySQLi\Connection->execute('SELECT `sedes`....')
#2 C:\xampp\htdocs\arpirantes\system\Database\BaseConnection.php(652): CodeIgniter\Database\BaseConnection->simpleQuery('SELECT `sedes`....')
#3 C:\xampp\htdocs\arpirantes\system\Database\BaseBuilder.php(1649): CodeIgniter\Database\BaseConnection->query('SELECT `sedes`....', Array, false)
#4 C:\xampp\htdocs\arpirantes\system\Model.php(286): CodeIgniter\Database\BaseBuilder->get()
#5 C:\xampp\htdocs\arpirantes\system\BaseModel.php(675): CodeIgniter\Model->doFindAll(0, 0)
#6 C:\xampp\htdocs\arpirantes\app\Controllers\GruposExamen.php(32): CodeIgniter\BaseModel->findAll()
#7 C:\xampp\htdocs\arpirantes\system\CodeIgniter.php(933): App\Controllers\GruposExamen->index()
#8 C:\xampp\htdocs\arpirantes\system\CodeIgniter.php(507): CodeIgniter\CodeIgniter->runController(Object(App\Controllers\GruposExamen))
#9 C:\xampp\htdocs\arpirantes\system\CodeIgniter.php(354): CodeIgniter\CodeIgniter->handleRequest(NULL, Object(Config\Cache), false)
#10 C:\xampp\htdocs\arpirantes\system\Boot.php(334): CodeIgniter\CodeIgniter->run()
#11 C:\xampp\htdocs\arpirantes\system\Boot.php(67): CodeIgniter\Boot::runCodeIgniter(Object(CodeIgniter\CodeIgniter))
#12 C:\xampp\htdocs\arpirantes\public\index.php(56): CodeIgniter\Boot::bootWeb(Object(Config\Paths))
#13 C:\xampp\htdocs\arpirantes\system\rewrite.php(44): require_once('C:\\xampp\\htdocs...')
#14 {main}
CRITICAL - 2025-07-01 12:48:02 --> CodeIgniter\Database\Exceptions\DatabaseException: Unknown column 'aspirante_grupo_examen.id_grupo' in 'where clause'
[Method: GET, Route: grupos-examen]
in SYSTEMPATH\Database\BaseConnection.php on line 692.
 1 SYSTEMPATH\Database\BaseBuilder.php(1649): CodeIgniter\Database\BaseConnection->query('SELECT `sedes`.`nombre_sede`, `carreras`.`nombre` AS `nombre_carrera`, COUNT(*) AS total
FROM `aspirantes`
JOIN `carreras` ON `carreras`.`id` = `aspirantes`.`carrera_id`
JOIN `sedes` ON `sedes`.`id_sede` = `aspirantes`.`sede_id`
LEFT JOIN `aspirante_grupo_examen` ON `aspirante_grupo_examen`.`curp` = `aspirantes`.`curp`
WHERE `aspirante_grupo_examen`.`id_grupo` IS NULL
GROUP BY `sedes`.`nombre_sede`, `carreras`.`nombre`', [], false)
 2 SYSTEMPATH\Model.php(286): CodeIgniter\Database\BaseBuilder->get()
 3 SYSTEMPATH\BaseModel.php(675): CodeIgniter\Model->doFindAll(0, 0)
 4 APPPATH\Controllers\GruposExamen.php(32): CodeIgniter\BaseModel->findAll()
 5 SYSTEMPATH\CodeIgniter.php(933): App\Controllers\GruposExamen->index()
 6 SYSTEMPATH\CodeIgniter.php(507): CodeIgniter\CodeIgniter->runController(Object(App\Controllers\GruposExamen))
 7 SYSTEMPATH\CodeIgniter.php(354): CodeIgniter\CodeIgniter->handleRequest(null, Object(Config\Cache), false)
 8 SYSTEMPATH\Boot.php(334): CodeIgniter\CodeIgniter->run()
 9 SYSTEMPATH\Boot.php(67): CodeIgniter\Boot::runCodeIgniter(Object(CodeIgniter\CodeIgniter))
10 FCPATH\index.php(56): CodeIgniter\Boot::bootWeb(Object(Config\Paths))
11 SYSTEMPATH\rewrite.php(44): require_once('C:\\xampp\\htdocs\\arpirantes\\public\\index.php')
CRITICAL - 2025-07-01 12:48:02 --> [Caused by] CodeIgniter\Database\Exceptions\DatabaseException: Unknown column 'aspirante_grupo_examen.id_grupo' in 'where clause'
in SYSTEMPATH\Database\MySQLi\Connection.php on line 332.
 1 SYSTEMPATH\Database\BaseConnection.php(738): CodeIgniter\Database\MySQLi\Connection->execute('SELECT `sedes`.`nombre_sede`, `carreras`.`nombre` AS `nombre_carrera`, COUNT(*) AS total
FROM `aspirantes`
JOIN `carreras` ON `carreras`.`id` = `aspirantes`.`carrera_id`
JOIN `sedes` ON `sedes`.`id_sede` = `aspirantes`.`sede_id`
LEFT JOIN `aspirante_grupo_examen` ON `aspirante_grupo_examen`.`curp` = `aspirantes`.`curp`
WHERE `aspirante_grupo_examen`.`id_grupo` IS NULL
GROUP BY `sedes`.`nombre_sede`, `carreras`.`nombre`')
 2 SYSTEMPATH\Database\BaseConnection.php(652): CodeIgniter\Database\BaseConnection->simpleQuery('SELECT `sedes`.`nombre_sede`, `carreras`.`nombre` AS `nombre_carrera`, COUNT(*) AS total
FROM `aspirantes`
JOIN `carreras` ON `carreras`.`id` = `aspirantes`.`carrera_id`
JOIN `sedes` ON `sedes`.`id_sede` = `aspirantes`.`sede_id`
LEFT JOIN `aspirante_grupo_examen` ON `aspirante_grupo_examen`.`curp` = `aspirantes`.`curp`
WHERE `aspirante_grupo_examen`.`id_grupo` IS NULL
GROUP BY `sedes`.`nombre_sede`, `carreras`.`nombre`')
 3 SYSTEMPATH\Database\BaseBuilder.php(1649): CodeIgniter\Database\BaseConnection->query('SELECT `sedes`.`nombre_sede`, `carreras`.`nombre` AS `nombre_carrera`, COUNT(*) AS total
FROM `aspirantes`
JOIN `carreras` ON `carreras`.`id` = `aspirantes`.`carrera_id`
JOIN `sedes` ON `sedes`.`id_sede` = `aspirantes`.`sede_id`
LEFT JOIN `aspirante_grupo_examen` ON `aspirante_grupo_examen`.`curp` = `aspirantes`.`curp`
WHERE `aspirante_grupo_examen`.`id_grupo` IS NULL
GROUP BY `sedes`.`nombre_sede`, `carreras`.`nombre`', [], false)
 4 SYSTEMPATH\Model.php(286): CodeIgniter\Database\BaseBuilder->get()
 5 SYSTEMPATH\BaseModel.php(675): CodeIgniter\Model->doFindAll(0, 0)
 6 APPPATH\Controllers\GruposExamen.php(32): CodeIgniter\BaseModel->findAll()
 7 SYSTEMPATH\CodeIgniter.php(933): App\Controllers\GruposExamen->index()
 8 SYSTEMPATH\CodeIgniter.php(507): CodeIgniter\CodeIgniter->runController(Object(App\Controllers\GruposExamen))
 9 SYSTEMPATH\CodeIgniter.php(354): CodeIgniter\CodeIgniter->handleRequest(null, Object(Config\Cache), false)
10 SYSTEMPATH\Boot.php(334): CodeIgniter\CodeIgniter->run()
11 SYSTEMPATH\Boot.php(67): CodeIgniter\Boot::runCodeIgniter(Object(CodeIgniter\CodeIgniter))
12 FCPATH\index.php(56): CodeIgniter\Boot::bootWeb(Object(Config\Paths))
13 SYSTEMPATH\rewrite.php(44): require_once('C:\\xampp\\htdocs\\arpirantes\\public\\index.php')
CRITICAL - 2025-07-01 12:48:02 --> [Caused by] mysqli_sql_exception: Unknown column 'aspirante_grupo_examen.id_grupo' in 'where clause'
in SYSTEMPATH\Database\MySQLi\Connection.php on line 327.
 1 SYSTEMPATH\Database\MySQLi\Connection.php(327): mysqli->query('SELECT `sedes`.`nombre_sede`, `carreras`.`nombre` AS `nombre_carrera`, COUNT(*) AS total
FROM `aspirantes`
JOIN `carreras` ON `carreras`.`id` = `aspirantes`.`carrera_id`
JOIN `sedes` ON `sedes`.`id_sede` = `aspirantes`.`sede_id`
LEFT JOIN `aspirante_grupo_examen` ON `aspirante_grupo_examen`.`curp` = `aspirantes`.`curp`
WHERE `aspirante_grupo_examen`.`id_grupo` IS NULL
GROUP BY `sedes`.`nombre_sede`, `carreras`.`nombre`', 0)
 2 SYSTEMPATH\Database\BaseConnection.php(738): CodeIgniter\Database\MySQLi\Connection->execute('SELECT `sedes`.`nombre_sede`, `carreras`.`nombre` AS `nombre_carrera`, COUNT(*) AS total
FROM `aspirantes`
JOIN `carreras` ON `carreras`.`id` = `aspirantes`.`carrera_id`
JOIN `sedes` ON `sedes`.`id_sede` = `aspirantes`.`sede_id`
LEFT JOIN `aspirante_grupo_examen` ON `aspirante_grupo_examen`.`curp` = `aspirantes`.`curp`
WHERE `aspirante_grupo_examen`.`id_grupo` IS NULL
GROUP BY `sedes`.`nombre_sede`, `carreras`.`nombre`')
 3 SYSTEMPATH\Database\BaseConnection.php(652): CodeIgniter\Database\BaseConnection->simpleQuery('SELECT `sedes`.`nombre_sede`, `carreras`.`nombre` AS `nombre_carrera`, COUNT(*) AS total
FROM `aspirantes`
JOIN `carreras` ON `carreras`.`id` = `aspirantes`.`carrera_id`
JOIN `sedes` ON `sedes`.`id_sede` = `aspirantes`.`sede_id`
LEFT JOIN `aspirante_grupo_examen` ON `aspirante_grupo_examen`.`curp` = `aspirantes`.`curp`
WHERE `aspirante_grupo_examen`.`id_grupo` IS NULL
GROUP BY `sedes`.`nombre_sede`, `carreras`.`nombre`')
 4 SYSTEMPATH\Database\BaseBuilder.php(1649): CodeIgniter\Database\BaseConnection->query('SELECT `sedes`.`nombre_sede`, `carreras`.`nombre` AS `nombre_carrera`, COUNT(*) AS total
FROM `aspirantes`
JOIN `carreras` ON `carreras`.`id` = `aspirantes`.`carrera_id`
JOIN `sedes` ON `sedes`.`id_sede` = `aspirantes`.`sede_id`
LEFT JOIN `aspirante_grupo_examen` ON `aspirante_grupo_examen`.`curp` = `aspirantes`.`curp`
WHERE `aspirante_grupo_examen`.`id_grupo` IS NULL
GROUP BY `sedes`.`nombre_sede`, `carreras`.`nombre`', [], false)
 5 SYSTEMPATH\Model.php(286): CodeIgniter\Database\BaseBuilder->get()
 6 SYSTEMPATH\BaseModel.php(675): CodeIgniter\Model->doFindAll(0, 0)
 7 APPPATH\Controllers\GruposExamen.php(32): CodeIgniter\BaseModel->findAll()
 8 SYSTEMPATH\CodeIgniter.php(933): App\Controllers\GruposExamen->index()
 9 SYSTEMPATH\CodeIgniter.php(507): CodeIgniter\CodeIgniter->runController(Object(App\Controllers\GruposExamen))
10 SYSTEMPATH\CodeIgniter.php(354): CodeIgniter\CodeIgniter->handleRequest(null, Object(Config\Cache), false)
11 SYSTEMPATH\Boot.php(334): CodeIgniter\CodeIgniter->run()
12 SYSTEMPATH\Boot.php(67): CodeIgniter\Boot::runCodeIgniter(Object(CodeIgniter\CodeIgniter))
13 FCPATH\index.php(56): CodeIgniter\Boot::bootWeb(Object(Config\Paths))
14 SYSTEMPATH\rewrite.php(44): require_once('C:\\xampp\\htdocs\\arpirantes\\public\\index.php')
ERROR - 2025-07-01 12:49:05 --> mysqli_sql_exception: Unknown column 'aspirantes.carrera_id' in 'on clause' in C:\xampp\htdocs\arpirantes\system\Database\MySQLi\Connection.php:327
Stack trace:
#0 C:\xampp\htdocs\arpirantes\system\Database\MySQLi\Connection.php(327): mysqli->query('SELECT `sedes`....', 0)
#1 C:\xampp\htdocs\arpirantes\system\Database\BaseConnection.php(738): CodeIgniter\Database\MySQLi\Connection->execute('SELECT `sedes`....')
#2 C:\xampp\htdocs\arpirantes\system\Database\BaseConnection.php(652): CodeIgniter\Database\BaseConnection->simpleQuery('SELECT `sedes`....')
#3 C:\xampp\htdocs\arpirantes\system\Database\BaseBuilder.php(1649): CodeIgniter\Database\BaseConnection->query('SELECT `sedes`....', Array, false)
#4 C:\xampp\htdocs\arpirantes\system\Model.php(286): CodeIgniter\Database\BaseBuilder->get()
#5 C:\xampp\htdocs\arpirantes\system\BaseModel.php(675): CodeIgniter\Model->doFindAll(0, 0)
#6 C:\xampp\htdocs\arpirantes\app\Controllers\GruposExamen.php(32): CodeIgniter\BaseModel->findAll()
#7 C:\xampp\htdocs\arpirantes\system\CodeIgniter.php(933): App\Controllers\GruposExamen->index()
#8 C:\xampp\htdocs\arpirantes\system\CodeIgniter.php(507): CodeIgniter\CodeIgniter->runController(Object(App\Controllers\GruposExamen))
#9 C:\xampp\htdocs\arpirantes\system\CodeIgniter.php(354): CodeIgniter\CodeIgniter->handleRequest(NULL, Object(Config\Cache), false)
#10 C:\xampp\htdocs\arpirantes\system\Boot.php(334): CodeIgniter\CodeIgniter->run()
#11 C:\xampp\htdocs\arpirantes\system\Boot.php(67): CodeIgniter\Boot::runCodeIgniter(Object(CodeIgniter\CodeIgniter))
#12 C:\xampp\htdocs\arpirantes\public\index.php(56): CodeIgniter\Boot::bootWeb(Object(Config\Paths))
#13 C:\xampp\htdocs\arpirantes\system\rewrite.php(44): require_once('C:\\xampp\\htdocs...')
#14 {main}
CRITICAL - 2025-07-01 12:49:05 --> CodeIgniter\Database\Exceptions\DatabaseException: Unknown column 'aspirantes.carrera_id' in 'on clause'
[Method: GET, Route: grupos-examen]
in SYSTEMPATH\Database\BaseConnection.php on line 692.
 1 SYSTEMPATH\Database\BaseBuilder.php(1649): CodeIgniter\Database\BaseConnection->query('SELECT `sedes`.`nombre_sede`, `carreras`.`nombre` AS `nombre_carrera`, COUNT(*) AS total
FROM `aspirantes`
JOIN `carreras` ON `carreras`.`id` = `aspirantes`.`carrera_id`
JOIN `sedes` ON `sedes`.`id_sede` = `aspirantes`.`sede_id`
LEFT JOIN `aspirante_grupo_examen` ON `aspirante_grupo_examen`.`curp` = `aspirantes`.`curp`
WHERE `aspirante_grupo_examen`.`grupo_id` IS NULL
GROUP BY `sedes`.`nombre_sede`, `carreras`.`nombre`', [], false)
 2 SYSTEMPATH\Model.php(286): CodeIgniter\Database\BaseBuilder->get()
 3 SYSTEMPATH\BaseModel.php(675): CodeIgniter\Model->doFindAll(0, 0)
 4 APPPATH\Controllers\GruposExamen.php(32): CodeIgniter\BaseModel->findAll()
 5 SYSTEMPATH\CodeIgniter.php(933): App\Controllers\GruposExamen->index()
 6 SYSTEMPATH\CodeIgniter.php(507): CodeIgniter\CodeIgniter->runController(Object(App\Controllers\GruposExamen))
 7 SYSTEMPATH\CodeIgniter.php(354): CodeIgniter\CodeIgniter->handleRequest(null, Object(Config\Cache), false)
 8 SYSTEMPATH\Boot.php(334): CodeIgniter\CodeIgniter->run()
 9 SYSTEMPATH\Boot.php(67): CodeIgniter\Boot::runCodeIgniter(Object(CodeIgniter\CodeIgniter))
10 FCPATH\index.php(56): CodeIgniter\Boot::bootWeb(Object(Config\Paths))
11 SYSTEMPATH\rewrite.php(44): require_once('C:\\xampp\\htdocs\\arpirantes\\public\\index.php')
CRITICAL - 2025-07-01 12:49:05 --> [Caused by] CodeIgniter\Database\Exceptions\DatabaseException: Unknown column 'aspirantes.carrera_id' in 'on clause'
in SYSTEMPATH\Database\MySQLi\Connection.php on line 332.
 1 SYSTEMPATH\Database\BaseConnection.php(738): CodeIgniter\Database\MySQLi\Connection->execute('SELECT `sedes`.`nombre_sede`, `carreras`.`nombre` AS `nombre_carrera`, COUNT(*) AS total
FROM `aspirantes`
JOIN `carreras` ON `carreras`.`id` = `aspirantes`.`carrera_id`
JOIN `sedes` ON `sedes`.`id_sede` = `aspirantes`.`sede_id`
LEFT JOIN `aspirante_grupo_examen` ON `aspirante_grupo_examen`.`curp` = `aspirantes`.`curp`
WHERE `aspirante_grupo_examen`.`grupo_id` IS NULL
GROUP BY `sedes`.`nombre_sede`, `carreras`.`nombre`')
 2 SYSTEMPATH\Database\BaseConnection.php(652): CodeIgniter\Database\BaseConnection->simpleQuery('SELECT `sedes`.`nombre_sede`, `carreras`.`nombre` AS `nombre_carrera`, COUNT(*) AS total
FROM `aspirantes`
JOIN `carreras` ON `carreras`.`id` = `aspirantes`.`carrera_id`
JOIN `sedes` ON `sedes`.`id_sede` = `aspirantes`.`sede_id`
LEFT JOIN `aspirante_grupo_examen` ON `aspirante_grupo_examen`.`curp` = `aspirantes`.`curp`
WHERE `aspirante_grupo_examen`.`grupo_id` IS NULL
GROUP BY `sedes`.`nombre_sede`, `carreras`.`nombre`')
 3 SYSTEMPATH\Database\BaseBuilder.php(1649): CodeIgniter\Database\BaseConnection->query('SELECT `sedes`.`nombre_sede`, `carreras`.`nombre` AS `nombre_carrera`, COUNT(*) AS total
FROM `aspirantes`
JOIN `carreras` ON `carreras`.`id` = `aspirantes`.`carrera_id`
JOIN `sedes` ON `sedes`.`id_sede` = `aspirantes`.`sede_id`
LEFT JOIN `aspirante_grupo_examen` ON `aspirante_grupo_examen`.`curp` = `aspirantes`.`curp`
WHERE `aspirante_grupo_examen`.`grupo_id` IS NULL
GROUP BY `sedes`.`nombre_sede`, `carreras`.`nombre`', [], false)
 4 SYSTEMPATH\Model.php(286): CodeIgniter\Database\BaseBuilder->get()
 5 SYSTEMPATH\BaseModel.php(675): CodeIgniter\Model->doFindAll(0, 0)
 6 APPPATH\Controllers\GruposExamen.php(32): CodeIgniter\BaseModel->findAll()
 7 SYSTEMPATH\CodeIgniter.php(933): App\Controllers\GruposExamen->index()
 8 SYSTEMPATH\CodeIgniter.php(507): CodeIgniter\CodeIgniter->runController(Object(App\Controllers\GruposExamen))
 9 SYSTEMPATH\CodeIgniter.php(354): CodeIgniter\CodeIgniter->handleRequest(null, Object(Config\Cache), false)
10 SYSTEMPATH\Boot.php(334): CodeIgniter\CodeIgniter->run()
11 SYSTEMPATH\Boot.php(67): CodeIgniter\Boot::runCodeIgniter(Object(CodeIgniter\CodeIgniter))
12 FCPATH\index.php(56): CodeIgniter\Boot::bootWeb(Object(Config\Paths))
13 SYSTEMPATH\rewrite.php(44): require_once('C:\\xampp\\htdocs\\arpirantes\\public\\index.php')
CRITICAL - 2025-07-01 12:49:05 --> [Caused by] mysqli_sql_exception: Unknown column 'aspirantes.carrera_id' in 'on clause'
in SYSTEMPATH\Database\MySQLi\Connection.php on line 327.
 1 SYSTEMPATH\Database\MySQLi\Connection.php(327): mysqli->query('SELECT `sedes`.`nombre_sede`, `carreras`.`nombre` AS `nombre_carrera`, COUNT(*) AS total
FROM `aspirantes`
JOIN `carreras` ON `carreras`.`id` = `aspirantes`.`carrera_id`
JOIN `sedes` ON `sedes`.`id_sede` = `aspirantes`.`sede_id`
LEFT JOIN `aspirante_grupo_examen` ON `aspirante_grupo_examen`.`curp` = `aspirantes`.`curp`
WHERE `aspirante_grupo_examen`.`grupo_id` IS NULL
GROUP BY `sedes`.`nombre_sede`, `carreras`.`nombre`', 0)
 2 SYSTEMPATH\Database\BaseConnection.php(738): CodeIgniter\Database\MySQLi\Connection->execute('SELECT `sedes`.`nombre_sede`, `carreras`.`nombre` AS `nombre_carrera`, COUNT(*) AS total
FROM `aspirantes`
JOIN `carreras` ON `carreras`.`id` = `aspirantes`.`carrera_id`
JOIN `sedes` ON `sedes`.`id_sede` = `aspirantes`.`sede_id`
LEFT JOIN `aspirante_grupo_examen` ON `aspirante_grupo_examen`.`curp` = `aspirantes`.`curp`
WHERE `aspirante_grupo_examen`.`grupo_id` IS NULL
GROUP BY `sedes`.`nombre_sede`, `carreras`.`nombre`')
 3 SYSTEMPATH\Database\BaseConnection.php(652): CodeIgniter\Database\BaseConnection->simpleQuery('SELECT `sedes`.`nombre_sede`, `carreras`.`nombre` AS `nombre_carrera`, COUNT(*) AS total
FROM `aspirantes`
JOIN `carreras` ON `carreras`.`id` = `aspirantes`.`carrera_id`
JOIN `sedes` ON `sedes`.`id_sede` = `aspirantes`.`sede_id`
LEFT JOIN `aspirante_grupo_examen` ON `aspirante_grupo_examen`.`curp` = `aspirantes`.`curp`
WHERE `aspirante_grupo_examen`.`grupo_id` IS NULL
GROUP BY `sedes`.`nombre_sede`, `carreras`.`nombre`')
 4 SYSTEMPATH\Database\BaseBuilder.php(1649): CodeIgniter\Database\BaseConnection->query('SELECT `sedes`.`nombre_sede`, `carreras`.`nombre` AS `nombre_carrera`, COUNT(*) AS total
FROM `aspirantes`
JOIN `carreras` ON `carreras`.`id` = `aspirantes`.`carrera_id`
JOIN `sedes` ON `sedes`.`id_sede` = `aspirantes`.`sede_id`
LEFT JOIN `aspirante_grupo_examen` ON `aspirante_grupo_examen`.`curp` = `aspirantes`.`curp`
WHERE `aspirante_grupo_examen`.`grupo_id` IS NULL
GROUP BY `sedes`.`nombre_sede`, `carreras`.`nombre`', [], false)
 5 SYSTEMPATH\Model.php(286): CodeIgniter\Database\BaseBuilder->get()
 6 SYSTEMPATH\BaseModel.php(675): CodeIgniter\Model->doFindAll(0, 0)
 7 APPPATH\Controllers\GruposExamen.php(32): CodeIgniter\BaseModel->findAll()
 8 SYSTEMPATH\CodeIgniter.php(933): App\Controllers\GruposExamen->index()
 9 SYSTEMPATH\CodeIgniter.php(507): CodeIgniter\CodeIgniter->runController(Object(App\Controllers\GruposExamen))
10 SYSTEMPATH\CodeIgniter.php(354): CodeIgniter\CodeIgniter->handleRequest(null, Object(Config\Cache), false)
11 SYSTEMPATH\Boot.php(334): CodeIgniter\CodeIgniter->run()
12 SYSTEMPATH\Boot.php(67): CodeIgniter\Boot::runCodeIgniter(Object(CodeIgniter\CodeIgniter))
13 FCPATH\index.php(56): CodeIgniter\Boot::bootWeb(Object(Config\Paths))
14 SYSTEMPATH\rewrite.php(44): require_once('C:\\xampp\\htdocs\\arpirantes\\public\\index.php')
