ERROR - 2025-07-08 13:36:27 --> Error connecting to the database: mysqli_sql_exception: Access denied for user 'root'@'localhost' (using password: YES) in C:\xampp\htdocs\rockstar\rockstar\system\Database\MySQLi\Connection.php:201
Stack trace:
#0 C:\xampp\htdocs\rockstar\rockstar\system\Database\MySQLi\Connection.php(201): mysqli->real_connect('localhost', 'root', Object(SensitiveParameterValue), 'discere_dev2', 3306, '', 0)
#1 C:\xampp\htdocs\rockstar\rockstar\system\Database\BaseConnection.php(421): CodeIgniter\Database\MySQLi\Connection->connect(false)
#2 C:\xampp\htdocs\rockstar\rockstar\system\Database\BaseConnection.php(620): CodeIgniter\Database\BaseConnection->initialize()
#3 C:\xampp\htdocs\rockstar\rockstar\system\Database\BaseBuilder.php(1649): CodeIgniter\Database\BaseConnection->query('SELECT *\nFROM `...', Array, false)
#4 C:\xampp\htdocs\rockstar\rockstar\vendor\codeigniter4\settings\src\Handlers\DatabaseHandler.php(186): CodeIgniter\Database\BaseBuilder->get()
#5 C:\xampp\htdocs\rockstar\rockstar\vendor\codeigniter4\settings\src\Handlers\DatabaseHandler.php(51): CodeIgniter\Settings\Handlers\DatabaseHandler->hydrate(NULL)
#6 C:\xampp\htdocs\rockstar\rockstar\vendor\codeigniter4\settings\src\Settings.php(59): CodeIgniter\Settings\Handlers\DatabaseHandler->has('Config\\Auth', 'sessionConfig', NULL)
#7 C:\xampp\htdocs\rockstar\rockstar\vendor\codeigniter4\settings\src\Helpers\setting_helper.php(25): CodeIgniter\Settings\Settings->get('Auth.sessionCon...')
#8 C:\xampp\htdocs\rockstar\rockstar\vendor\codeigniter4\shield\src\Authentication\Authenticators\Session.php(685): setting('Auth.sessionCon...')
#9 C:\xampp\htdocs\rockstar\rockstar\vendor\codeigniter4\shield\src\Authentication\Authenticators\Session.php(703): CodeIgniter\Shield\Authentication\Authenticators\Session->getSessionUserInfo()
#10 C:\xampp\htdocs\rockstar\rockstar\vendor\codeigniter4\shield\src\Authentication\Authenticators\Session.php(390): CodeIgniter\Shield\Authentication\Authenticators\Session->getSessionUserKey('id')
#11 C:\xampp\htdocs\rockstar\rockstar\vendor\codeigniter4\shield\src\Authentication\Authenticators\Session.php(374): CodeIgniter\Shield\Authentication\Authenticators\Session->checkUserState()
#12 C:\xampp\htdocs\rockstar\rockstar\vendor\codeigniter4\shield\src\Auth.php(191): CodeIgniter\Shield\Authentication\Authenticators\Session->loggedIn()
#13 C:\xampp\htdocs\rockstar\rockstar\app\Controllers\Acceso.php(11): CodeIgniter\Shield\Auth->__call('loggedIn', Array)
#14 C:\xampp\htdocs\rockstar\rockstar\system\CodeIgniter.php(933): App\Controllers\Acceso->index()
#15 C:\xampp\htdocs\rockstar\rockstar\system\CodeIgniter.php(507): CodeIgniter\CodeIgniter->runController(Object(App\Controllers\Acceso))
#16 C:\xampp\htdocs\rockstar\rockstar\system\CodeIgniter.php(354): CodeIgniter\CodeIgniter->handleRequest(NULL, Object(Config\Cache), false)
#17 C:\xampp\htdocs\rockstar\rockstar\system\Boot.php(334): CodeIgniter\CodeIgniter->run()
#18 C:\xampp\htdocs\rockstar\rockstar\system\Boot.php(67): CodeIgniter\Boot::runCodeIgniter(Object(CodeIgniter\CodeIgniter))
#19 C:\xampp\htdocs\rockstar\rockstar\public\index.php(56): CodeIgniter\Boot::bootWeb(Object(Config\Paths))
#20 C:\xampp\htdocs\rockstar\rockstar\system\rewrite.php(44): require_once('C:\\xampp\\htdocs...')
#21 {main}

Next CodeIgniter\Database\Exceptions\DatabaseException: Access denied for user '****'@'localhost' (using password: YES) in C:\xampp\htdocs\rockstar\rockstar\system\Database\MySQLi\Connection.php:246
Stack trace:
#0 C:\xampp\htdocs\rockstar\rockstar\system\Database\BaseConnection.php(421): CodeIgniter\Database\MySQLi\Connection->connect(false)
#1 C:\xampp\htdocs\rockstar\rockstar\system\Database\BaseConnection.php(620): CodeIgniter\Database\BaseConnection->initialize()
#2 C:\xampp\htdocs\rockstar\rockstar\system\Database\BaseBuilder.php(1649): CodeIgniter\Database\BaseConnection->query('SELECT *\nFROM `...', Array, false)
#3 C:\xampp\htdocs\rockstar\rockstar\vendor\codeigniter4\settings\src\Handlers\DatabaseHandler.php(186): CodeIgniter\Database\BaseBuilder->get()
#4 C:\xampp\htdocs\rockstar\rockstar\vendor\codeigniter4\settings\src\Handlers\DatabaseHandler.php(51): CodeIgniter\Settings\Handlers\DatabaseHandler->hydrate(NULL)
#5 C:\xampp\htdocs\rockstar\rockstar\vendor\codeigniter4\settings\src\Settings.php(59): CodeIgniter\Settings\Handlers\DatabaseHandler->has('Config\\Auth', 'sessionConfig', NULL)
#6 C:\xampp\htdocs\rockstar\rockstar\vendor\codeigniter4\settings\src\Helpers\setting_helper.php(25): CodeIgniter\Settings\Settings->get('Auth.sessionCon...')
#7 C:\xampp\htdocs\rockstar\rockstar\vendor\codeigniter4\shield\src\Authentication\Authenticators\Session.php(685): setting('Auth.sessionCon...')
#8 C:\xampp\htdocs\rockstar\rockstar\vendor\codeigniter4\shield\src\Authentication\Authenticators\Session.php(703): CodeIgniter\Shield\Authentication\Authenticators\Session->getSessionUserInfo()
#9 C:\xampp\htdocs\rockstar\rockstar\vendor\codeigniter4\shield\src\Authentication\Authenticators\Session.php(390): CodeIgniter\Shield\Authentication\Authenticators\Session->getSessionUserKey('id')
#10 C:\xampp\htdocs\rockstar\rockstar\vendor\codeigniter4\shield\src\Authentication\Authenticators\Session.php(374): CodeIgniter\Shield\Authentication\Authenticators\Session->checkUserState()
#11 C:\xampp\htdocs\rockstar\rockstar\vendor\codeigniter4\shield\src\Auth.php(191): CodeIgniter\Shield\Authentication\Authenticators\Session->loggedIn()
#12 C:\xampp\htdocs\rockstar\rockstar\app\Controllers\Acceso.php(11): CodeIgniter\Shield\Auth->__call('loggedIn', Array)
#13 C:\xampp\htdocs\rockstar\rockstar\system\CodeIgniter.php(933): App\Controllers\Acceso->index()
#14 C:\xampp\htdocs\rockstar\rockstar\system\CodeIgniter.php(507): CodeIgniter\CodeIgniter->runController(Object(App\Controllers\Acceso))
#15 C:\xampp\htdocs\rockstar\rockstar\system\CodeIgniter.php(354): CodeIgniter\CodeIgniter->handleRequest(NULL, Object(Config\Cache), false)
#16 C:\xampp\htdocs\rockstar\rockstar\system\Boot.php(334): CodeIgniter\CodeIgniter->run()
#17 C:\xampp\htdocs\rockstar\rockstar\system\Boot.php(67): CodeIgniter\Boot::runCodeIgniter(Object(CodeIgniter\CodeIgniter))
#18 C:\xampp\htdocs\rockstar\rockstar\public\index.php(56): CodeIgniter\Boot::bootWeb(Object(Config\Paths))
#19 C:\xampp\htdocs\rockstar\rockstar\system\rewrite.php(44): require_once('C:\\xampp\\htdocs...')
#20 {main}
CRITICAL - 2025-07-08 13:36:27 --> CodeIgniter\Database\Exceptions\DatabaseException: Unable to connect to the database.
Main connection [MySQLi]: Access denied for user '****'@'localhost' (using password: YES)
[Method: GET, Route: /]
in SYSTEMPATH\Database\BaseConnection.php on line 467.
 1 SYSTEMPATH\Database\BaseConnection.php(620): CodeIgniter\Database\BaseConnection->initialize()
 2 SYSTEMPATH\Database\BaseBuilder.php(1649): CodeIgniter\Database\BaseConnection->query('SELECT *
FROM `settings`
WHERE `context` IS NULL', [], false)
 3 VENDORPATH\codeigniter4\settings\src\Handlers\DatabaseHandler.php(186): CodeIgniter\Database\BaseBuilder->get()
 4 VENDORPATH\codeigniter4\settings\src\Handlers\DatabaseHandler.php(51): CodeIgniter\Settings\Handlers\DatabaseHandler->hydrate(null)
 5 VENDORPATH\codeigniter4\settings\src\Settings.php(59): CodeIgniter\Settings\Handlers\DatabaseHandler->has('Config\\Auth', 'sessionConfig', null)
 6 VENDORPATH\codeigniter4\settings\src\Helpers\setting_helper.php(25): CodeIgniter\Settings\Settings->get('Auth.sessionConfig')
 7 VENDORPATH\codeigniter4\shield\src\Authentication\Authenticators\Session.php(685): setting('Auth.sessionConfig')
 8 VENDORPATH\codeigniter4\shield\src\Authentication\Authenticators\Session.php(703): CodeIgniter\Shield\Authentication\Authenticators\Session->getSessionUserInfo()
 9 VENDORPATH\codeigniter4\shield\src\Authentication\Authenticators\Session.php(390): CodeIgniter\Shield\Authentication\Authenticators\Session->getSessionUserKey('id')
10 VENDORPATH\codeigniter4\shield\src\Authentication\Authenticators\Session.php(374): CodeIgniter\Shield\Authentication\Authenticators\Session->checkUserState()
11 VENDORPATH\codeigniter4\shield\src\Auth.php(191): CodeIgniter\Shield\Authentication\Authenticators\Session->loggedIn()
12 APPPATH\Controllers\Acceso.php(11): CodeIgniter\Shield\Auth->__call('loggedIn', [])
13 SYSTEMPATH\CodeIgniter.php(933): App\Controllers\Acceso->index()
14 SYSTEMPATH\CodeIgniter.php(507): CodeIgniter\CodeIgniter->runController(Object(App\Controllers\Acceso))
15 SYSTEMPATH\CodeIgniter.php(354): CodeIgniter\CodeIgniter->handleRequest(null, Object(Config\Cache), false)
16 SYSTEMPATH\Boot.php(334): CodeIgniter\CodeIgniter->run()
17 SYSTEMPATH\Boot.php(67): CodeIgniter\Boot::runCodeIgniter(Object(CodeIgniter\CodeIgniter))
18 FCPATH\index.php(56): CodeIgniter\Boot::bootWeb(Object(Config\Paths))
19 SYSTEMPATH\rewrite.php(44): require_once('C:\\xampp\\htdocs\\rockstar\\rockstar\\public\\index.php')
ERROR - 2025-07-08 13:36:40 --> Error connecting to the database: mysqli_sql_exception: Access denied for user 'root'@'localhost' (using password: NO) in C:\xampp\htdocs\rockstar\rockstar\system\Database\MySQLi\Connection.php:201
Stack trace:
#0 C:\xampp\htdocs\rockstar\rockstar\system\Database\MySQLi\Connection.php(201): mysqli->real_connect('localhost', 'root', Object(SensitiveParameterValue), 'discere_dev2', 3306, '', 0)
#1 C:\xampp\htdocs\rockstar\rockstar\system\Database\BaseConnection.php(421): CodeIgniter\Database\MySQLi\Connection->connect(false)
#2 C:\xampp\htdocs\rockstar\rockstar\system\Database\BaseConnection.php(620): CodeIgniter\Database\BaseConnection->initialize()
#3 C:\xampp\htdocs\rockstar\rockstar\system\Database\BaseBuilder.php(1649): CodeIgniter\Database\BaseConnection->query('SELECT *\nFROM `...', Array, false)
#4 C:\xampp\htdocs\rockstar\rockstar\vendor\codeigniter4\settings\src\Handlers\DatabaseHandler.php(186): CodeIgniter\Database\BaseBuilder->get()
#5 C:\xampp\htdocs\rockstar\rockstar\vendor\codeigniter4\settings\src\Handlers\DatabaseHandler.php(51): CodeIgniter\Settings\Handlers\DatabaseHandler->hydrate(NULL)
#6 C:\xampp\htdocs\rockstar\rockstar\vendor\codeigniter4\settings\src\Settings.php(59): CodeIgniter\Settings\Handlers\DatabaseHandler->has('Config\\Auth', 'sessionConfig', NULL)
#7 C:\xampp\htdocs\rockstar\rockstar\vendor\codeigniter4\settings\src\Helpers\setting_helper.php(25): CodeIgniter\Settings\Settings->get('Auth.sessionCon...')
#8 C:\xampp\htdocs\rockstar\rockstar\vendor\codeigniter4\shield\src\Authentication\Authenticators\Session.php(685): setting('Auth.sessionCon...')
#9 C:\xampp\htdocs\rockstar\rockstar\vendor\codeigniter4\shield\src\Authentication\Authenticators\Session.php(703): CodeIgniter\Shield\Authentication\Authenticators\Session->getSessionUserInfo()
#10 C:\xampp\htdocs\rockstar\rockstar\vendor\codeigniter4\shield\src\Authentication\Authenticators\Session.php(390): CodeIgniter\Shield\Authentication\Authenticators\Session->getSessionUserKey('id')
#11 C:\xampp\htdocs\rockstar\rockstar\vendor\codeigniter4\shield\src\Authentication\Authenticators\Session.php(374): CodeIgniter\Shield\Authentication\Authenticators\Session->checkUserState()
#12 C:\xampp\htdocs\rockstar\rockstar\vendor\codeigniter4\shield\src\Auth.php(191): CodeIgniter\Shield\Authentication\Authenticators\Session->loggedIn()
#13 C:\xampp\htdocs\rockstar\rockstar\app\Controllers\Acceso.php(11): CodeIgniter\Shield\Auth->__call('loggedIn', Array)
#14 C:\xampp\htdocs\rockstar\rockstar\system\CodeIgniter.php(933): App\Controllers\Acceso->index()
#15 C:\xampp\htdocs\rockstar\rockstar\system\CodeIgniter.php(507): CodeIgniter\CodeIgniter->runController(Object(App\Controllers\Acceso))
#16 C:\xampp\htdocs\rockstar\rockstar\system\CodeIgniter.php(354): CodeIgniter\CodeIgniter->handleRequest(NULL, Object(Config\Cache), false)
#17 C:\xampp\htdocs\rockstar\rockstar\system\Boot.php(334): CodeIgniter\CodeIgniter->run()
#18 C:\xampp\htdocs\rockstar\rockstar\system\Boot.php(67): CodeIgniter\Boot::runCodeIgniter(Object(CodeIgniter\CodeIgniter))
#19 C:\xampp\htdocs\rockstar\rockstar\public\index.php(56): CodeIgniter\Boot::bootWeb(Object(Config\Paths))
#20 C:\xampp\htdocs\rockstar\rockstar\system\rewrite.php(44): require_once('C:\\xampp\\htdocs...')
#21 {main}

Next CodeIgniter\Database\Exceptions\DatabaseException: Access denied for user '****'@'localhost' (using password: NO) in C:\xampp\htdocs\rockstar\rockstar\system\Database\MySQLi\Connection.php:246
Stack trace:
#0 C:\xampp\htdocs\rockstar\rockstar\system\Database\BaseConnection.php(421): CodeIgniter\Database\MySQLi\Connection->connect(false)
#1 C:\xampp\htdocs\rockstar\rockstar\system\Database\BaseConnection.php(620): CodeIgniter\Database\BaseConnection->initialize()
#2 C:\xampp\htdocs\rockstar\rockstar\system\Database\BaseBuilder.php(1649): CodeIgniter\Database\BaseConnection->query('SELECT *\nFROM `...', Array, false)
#3 C:\xampp\htdocs\rockstar\rockstar\vendor\codeigniter4\settings\src\Handlers\DatabaseHandler.php(186): CodeIgniter\Database\BaseBuilder->get()
#4 C:\xampp\htdocs\rockstar\rockstar\vendor\codeigniter4\settings\src\Handlers\DatabaseHandler.php(51): CodeIgniter\Settings\Handlers\DatabaseHandler->hydrate(NULL)
#5 C:\xampp\htdocs\rockstar\rockstar\vendor\codeigniter4\settings\src\Settings.php(59): CodeIgniter\Settings\Handlers\DatabaseHandler->has('Config\\Auth', 'sessionConfig', NULL)
#6 C:\xampp\htdocs\rockstar\rockstar\vendor\codeigniter4\settings\src\Helpers\setting_helper.php(25): CodeIgniter\Settings\Settings->get('Auth.sessionCon...')
#7 C:\xampp\htdocs\rockstar\rockstar\vendor\codeigniter4\shield\src\Authentication\Authenticators\Session.php(685): setting('Auth.sessionCon...')
#8 C:\xampp\htdocs\rockstar\rockstar\vendor\codeigniter4\shield\src\Authentication\Authenticators\Session.php(703): CodeIgniter\Shield\Authentication\Authenticators\Session->getSessionUserInfo()
#9 C:\xampp\htdocs\rockstar\rockstar\vendor\codeigniter4\shield\src\Authentication\Authenticators\Session.php(390): CodeIgniter\Shield\Authentication\Authenticators\Session->getSessionUserKey('id')
#10 C:\xampp\htdocs\rockstar\rockstar\vendor\codeigniter4\shield\src\Authentication\Authenticators\Session.php(374): CodeIgniter\Shield\Authentication\Authenticators\Session->checkUserState()
#11 C:\xampp\htdocs\rockstar\rockstar\vendor\codeigniter4\shield\src\Auth.php(191): CodeIgniter\Shield\Authentication\Authenticators\Session->loggedIn()
#12 C:\xampp\htdocs\rockstar\rockstar\app\Controllers\Acceso.php(11): CodeIgniter\Shield\Auth->__call('loggedIn', Array)
#13 C:\xampp\htdocs\rockstar\rockstar\system\CodeIgniter.php(933): App\Controllers\Acceso->index()
#14 C:\xampp\htdocs\rockstar\rockstar\system\CodeIgniter.php(507): CodeIgniter\CodeIgniter->runController(Object(App\Controllers\Acceso))
#15 C:\xampp\htdocs\rockstar\rockstar\system\CodeIgniter.php(354): CodeIgniter\CodeIgniter->handleRequest(NULL, Object(Config\Cache), false)
#16 C:\xampp\htdocs\rockstar\rockstar\system\Boot.php(334): CodeIgniter\CodeIgniter->run()
#17 C:\xampp\htdocs\rockstar\rockstar\system\Boot.php(67): CodeIgniter\Boot::runCodeIgniter(Object(CodeIgniter\CodeIgniter))
#18 C:\xampp\htdocs\rockstar\rockstar\public\index.php(56): CodeIgniter\Boot::bootWeb(Object(Config\Paths))
#19 C:\xampp\htdocs\rockstar\rockstar\system\rewrite.php(44): require_once('C:\\xampp\\htdocs...')
#20 {main}
CRITICAL - 2025-07-08 13:36:40 --> CodeIgniter\Database\Exceptions\DatabaseException: Unable to connect to the database.
Main connection [MySQLi]: Access denied for user '****'@'localhost' (using password: NO)
[Method: GET, Route: /]
in SYSTEMPATH\Database\BaseConnection.php on line 467.
 1 SYSTEMPATH\Database\BaseConnection.php(620): CodeIgniter\Database\BaseConnection->initialize()
 2 SYSTEMPATH\Database\BaseBuilder.php(1649): CodeIgniter\Database\BaseConnection->query('SELECT *
FROM `settings`
WHERE `context` IS NULL', [], false)
 3 VENDORPATH\codeigniter4\settings\src\Handlers\DatabaseHandler.php(186): CodeIgniter\Database\BaseBuilder->get()
 4 VENDORPATH\codeigniter4\settings\src\Handlers\DatabaseHandler.php(51): CodeIgniter\Settings\Handlers\DatabaseHandler->hydrate(null)
 5 VENDORPATH\codeigniter4\settings\src\Settings.php(59): CodeIgniter\Settings\Handlers\DatabaseHandler->has('Config\\Auth', 'sessionConfig', null)
 6 VENDORPATH\codeigniter4\settings\src\Helpers\setting_helper.php(25): CodeIgniter\Settings\Settings->get('Auth.sessionConfig')
 7 VENDORPATH\codeigniter4\shield\src\Authentication\Authenticators\Session.php(685): setting('Auth.sessionConfig')
 8 VENDORPATH\codeigniter4\shield\src\Authentication\Authenticators\Session.php(703): CodeIgniter\Shield\Authentication\Authenticators\Session->getSessionUserInfo()
 9 VENDORPATH\codeigniter4\shield\src\Authentication\Authenticators\Session.php(390): CodeIgniter\Shield\Authentication\Authenticators\Session->getSessionUserKey('id')
10 VENDORPATH\codeigniter4\shield\src\Authentication\Authenticators\Session.php(374): CodeIgniter\Shield\Authentication\Authenticators\Session->checkUserState()
11 VENDORPATH\codeigniter4\shield\src\Auth.php(191): CodeIgniter\Shield\Authentication\Authenticators\Session->loggedIn()
12 APPPATH\Controllers\Acceso.php(11): CodeIgniter\Shield\Auth->__call('loggedIn', [])
13 SYSTEMPATH\CodeIgniter.php(933): App\Controllers\Acceso->index()
14 SYSTEMPATH\CodeIgniter.php(507): CodeIgniter\CodeIgniter->runController(Object(App\Controllers\Acceso))
15 SYSTEMPATH\CodeIgniter.php(354): CodeIgniter\CodeIgniter->handleRequest(null, Object(Config\Cache), false)
16 SYSTEMPATH\Boot.php(334): CodeIgniter\CodeIgniter->run()
17 SYSTEMPATH\Boot.php(67): CodeIgniter\Boot::runCodeIgniter(Object(CodeIgniter\CodeIgniter))
18 FCPATH\index.php(56): CodeIgniter\Boot::bootWeb(Object(Config\Paths))
19 SYSTEMPATH\rewrite.php(44): require_once('C:\\xampp\\htdocs\\rockstar\\rockstar\\public\\index.php')
CRITICAL - 2025-07-08 13:37:25 --> ErrorException: Cannot use empty array elements in arrays
[Method: GET, Route: Acceso/aspirante_registrados]
in APPPATH\Models\AspiranteModel.php on line 33.
 1 [internal function]: CodeIgniter\Debug\Exceptions->shutdownHandler()
CRITICAL - 2025-07-08 13:46:54 --> ErrorException: Undefined array key "prefich"
[Method: GET, Route: Acceso/aspirante_registrados]
in APPPATH\Views\base\administrador\aspirantes_registrados.php on line 146.
 1 APPPATH\Views\base\administrador\aspirantes_registrados.php(146): CodeIgniter\Debug\Exceptions->errorHandler(2, 'Undefined array key "prefich"', 'C:\\xampp\\htdocs\\rockstar\\rockstar\\app\\Views\\base\\administrador\\aspirantes_registrados.php', 146)
 2 SYSTEMPATH\View\View.php(224): include('C:\\xampp\\htdocs\\rockstar\\rockstar\\app\\Views\\base\\administrador\\aspirantes_registrados.php')
 3 SYSTEMPATH\View\View.php(227): CodeIgniter\View\View->CodeIgniter\View\{closure}()
 4 SYSTEMPATH\Common.php(1173): CodeIgniter\View\View->render('base/administrador/aspirantes_registrados', [], true)
 5 APPPATH\Controllers\Aspirante.php(389): view('base/administrador/aspirantes_registrados', [...])
 6 SYSTEMPATH\CodeIgniter.php(933): App\Controllers\Aspirante->indexAS()
 7 SYSTEMPATH\CodeIgniter.php(507): CodeIgniter\CodeIgniter->runController(Object(App\Controllers\Aspirante))
 8 SYSTEMPATH\CodeIgniter.php(354): CodeIgniter\CodeIgniter->handleRequest(null, Object(Config\Cache), false)
 9 SYSTEMPATH\Boot.php(334): CodeIgniter\CodeIgniter->run()
10 SYSTEMPATH\Boot.php(67): CodeIgniter\Boot::runCodeIgniter(Object(CodeIgniter\CodeIgniter))
11 FCPATH\index.php(56): CodeIgniter\Boot::bootWeb(Object(Config\Paths))
12 SYSTEMPATH\rewrite.php(44): require_once('C:\\xampp\\htdocs\\rockstar\\rockstar\\public\\index.php')
ERROR - 2025-07-08 13:47:09 --> mysqli_sql_exception: Table 'discere_dev2.grupos' doesn't exist in C:\xampp\htdocs\rockstar\rockstar\system\Database\MySQLi\Connection.php:327
Stack trace:
#0 C:\xampp\htdocs\rockstar\rockstar\system\Database\MySQLi\Connection.php(327): mysqli->query('SELECT *\nFROM `...', 0)
#1 C:\xampp\htdocs\rockstar\rockstar\system\Database\BaseConnection.php(738): CodeIgniter\Database\MySQLi\Connection->execute('SELECT *\nFROM `...')
#2 C:\xampp\htdocs\rockstar\rockstar\system\Database\BaseConnection.php(652): CodeIgniter\Database\BaseConnection->simpleQuery('SELECT *\nFROM `...')
#3 C:\xampp\htdocs\rockstar\rockstar\system\Database\BaseBuilder.php(1649): CodeIgniter\Database\BaseConnection->query('SELECT *\nFROM `...', Array, false)
#4 C:\xampp\htdocs\rockstar\rockstar\system\Model.php(286): CodeIgniter\Database\BaseBuilder->get()
#5 C:\xampp\htdocs\rockstar\rockstar\system\BaseModel.php(675): CodeIgniter\Model->doFindAll(0, 0)
#6 C:\xampp\htdocs\rockstar\rockstar\app\Controllers\Aspirante.php(638): CodeIgniter\BaseModel->findAll()
#7 C:\xampp\htdocs\rockstar\rockstar\system\CodeIgniter.php(933): App\Controllers\Aspirante->asignarGrupoVista('AUCY021231HOCQH...')
#8 C:\xampp\htdocs\rockstar\rockstar\system\CodeIgniter.php(507): CodeIgniter\CodeIgniter->runController(Object(App\Controllers\Aspirante))
#9 C:\xampp\htdocs\rockstar\rockstar\system\CodeIgniter.php(354): CodeIgniter\CodeIgniter->handleRequest(NULL, Object(Config\Cache), false)
#10 C:\xampp\htdocs\rockstar\rockstar\system\Boot.php(334): CodeIgniter\CodeIgniter->run()
#11 C:\xampp\htdocs\rockstar\rockstar\system\Boot.php(67): CodeIgniter\Boot::runCodeIgniter(Object(CodeIgniter\CodeIgniter))
#12 C:\xampp\htdocs\rockstar\rockstar\public\index.php(56): CodeIgniter\Boot::bootWeb(Object(Config\Paths))
#13 C:\xampp\htdocs\rockstar\rockstar\system\rewrite.php(44): require_once('C:\\xampp\\htdocs...')
#14 {main}
CRITICAL - 2025-07-08 13:47:09 --> CodeIgniter\Database\Exceptions\DatabaseException: Table 'discere_dev2.grupos' doesn't exist
[Method: GET, Route: aspirante/asignarGrupoVista/AUCY021231HOCQHHA0]
in SYSTEMPATH\Database\BaseConnection.php on line 692.
 1 SYSTEMPATH\Database\BaseBuilder.php(1649): CodeIgniter\Database\BaseConnection->query('SELECT *
FROM `grupos`', [], false)
 2 SYSTEMPATH\Model.php(286): CodeIgniter\Database\BaseBuilder->get()
 3 SYSTEMPATH\BaseModel.php(675): CodeIgniter\Model->doFindAll(0, 0)
 4 APPPATH\Controllers\Aspirante.php(638): CodeIgniter\BaseModel->findAll()
 5 SYSTEMPATH\CodeIgniter.php(933): App\Controllers\Aspirante->asignarGrupoVista('AUCY021231HOCQHHA0')
 6 SYSTEMPATH\CodeIgniter.php(507): CodeIgniter\CodeIgniter->runController(Object(App\Controllers\Aspirante))
 7 SYSTEMPATH\CodeIgniter.php(354): CodeIgniter\CodeIgniter->handleRequest(null, Object(Config\Cache), false)
 8 SYSTEMPATH\Boot.php(334): CodeIgniter\CodeIgniter->run()
 9 SYSTEMPATH\Boot.php(67): CodeIgniter\Boot::runCodeIgniter(Object(CodeIgniter\CodeIgniter))
10 FCPATH\index.php(56): CodeIgniter\Boot::bootWeb(Object(Config\Paths))
11 SYSTEMPATH\rewrite.php(44): require_once('C:\\xampp\\htdocs\\rockstar\\rockstar\\public\\index.php')
CRITICAL - 2025-07-08 13:47:09 --> [Caused by] CodeIgniter\Database\Exceptions\DatabaseException: Table 'discere_dev2.grupos' doesn't exist
in SYSTEMPATH\Database\MySQLi\Connection.php on line 332.
 1 SYSTEMPATH\Database\BaseConnection.php(738): CodeIgniter\Database\MySQLi\Connection->execute('SELECT *
FROM `grupos`')
 2 SYSTEMPATH\Database\BaseConnection.php(652): CodeIgniter\Database\BaseConnection->simpleQuery('SELECT *
FROM `grupos`')
 3 SYSTEMPATH\Database\BaseBuilder.php(1649): CodeIgniter\Database\BaseConnection->query('SELECT *
FROM `grupos`', [], false)
 4 SYSTEMPATH\Model.php(286): CodeIgniter\Database\BaseBuilder->get()
 5 SYSTEMPATH\BaseModel.php(675): CodeIgniter\Model->doFindAll(0, 0)
 6 APPPATH\Controllers\Aspirante.php(638): CodeIgniter\BaseModel->findAll()
 7 SYSTEMPATH\CodeIgniter.php(933): App\Controllers\Aspirante->asignarGrupoVista('AUCY021231HOCQHHA0')
 8 SYSTEMPATH\CodeIgniter.php(507): CodeIgniter\CodeIgniter->runController(Object(App\Controllers\Aspirante))
 9 SYSTEMPATH\CodeIgniter.php(354): CodeIgniter\CodeIgniter->handleRequest(null, Object(Config\Cache), false)
10 SYSTEMPATH\Boot.php(334): CodeIgniter\CodeIgniter->run()
11 SYSTEMPATH\Boot.php(67): CodeIgniter\Boot::runCodeIgniter(Object(CodeIgniter\CodeIgniter))
12 FCPATH\index.php(56): CodeIgniter\Boot::bootWeb(Object(Config\Paths))
13 SYSTEMPATH\rewrite.php(44): require_once('C:\\xampp\\htdocs\\rockstar\\rockstar\\public\\index.php')
CRITICAL - 2025-07-08 13:47:09 --> [Caused by] mysqli_sql_exception: Table 'discere_dev2.grupos' doesn't exist
in SYSTEMPATH\Database\MySQLi\Connection.php on line 327.
 1 SYSTEMPATH\Database\MySQLi\Connection.php(327): mysqli->query('SELECT *
FROM `grupos`', 0)
 2 SYSTEMPATH\Database\BaseConnection.php(738): CodeIgniter\Database\MySQLi\Connection->execute('SELECT *
FROM `grupos`')
 3 SYSTEMPATH\Database\BaseConnection.php(652): CodeIgniter\Database\BaseConnection->simpleQuery('SELECT *
FROM `grupos`')
 4 SYSTEMPATH\Database\BaseBuilder.php(1649): CodeIgniter\Database\BaseConnection->query('SELECT *
FROM `grupos`', [], false)
 5 SYSTEMPATH\Model.php(286): CodeIgniter\Database\BaseBuilder->get()
 6 SYSTEMPATH\BaseModel.php(675): CodeIgniter\Model->doFindAll(0, 0)
 7 APPPATH\Controllers\Aspirante.php(638): CodeIgniter\BaseModel->findAll()
 8 SYSTEMPATH\CodeIgniter.php(933): App\Controllers\Aspirante->asignarGrupoVista('AUCY021231HOCQHHA0')
 9 SYSTEMPATH\CodeIgniter.php(507): CodeIgniter\CodeIgniter->runController(Object(App\Controllers\Aspirante))
10 SYSTEMPATH\CodeIgniter.php(354): CodeIgniter\CodeIgniter->handleRequest(null, Object(Config\Cache), false)
11 SYSTEMPATH\Boot.php(334): CodeIgniter\CodeIgniter->run()
12 SYSTEMPATH\Boot.php(67): CodeIgniter\Boot::runCodeIgniter(Object(CodeIgniter\CodeIgniter))
13 FCPATH\index.php(56): CodeIgniter\Boot::bootWeb(Object(Config\Paths))
14 SYSTEMPATH\rewrite.php(44): require_once('C:\\xampp\\htdocs\\rockstar\\rockstar\\public\\index.php')
ERROR - 2025-07-08 13:49:11 --> mysqli_sql_exception: Unknown column 'aspirantes.examen_aprobado' in 'field list' in C:\xampp\htdocs\rockstar\rockstar\system\Database\MySQLi\Connection.php:327
Stack trace:
#0 C:\xampp\htdocs\rockstar\rockstar\system\Database\MySQLi\Connection.php(327): mysqli->query('SELECT `aspiran...', 0)
#1 C:\xampp\htdocs\rockstar\rockstar\system\Database\BaseConnection.php(738): CodeIgniter\Database\MySQLi\Connection->execute('SELECT `aspiran...')
#2 C:\xampp\htdocs\rockstar\rockstar\system\Database\BaseConnection.php(652): CodeIgniter\Database\BaseConnection->simpleQuery('SELECT `aspiran...')
#3 C:\xampp\htdocs\rockstar\rockstar\system\Database\BaseBuilder.php(1649): CodeIgniter\Database\BaseConnection->query('SELECT `aspiran...', Array, false)
#4 C:\xampp\htdocs\rockstar\rockstar\system\Model.php(286): CodeIgniter\Database\BaseBuilder->get()
#5 C:\xampp\htdocs\rockstar\rockstar\system\BaseModel.php(675): CodeIgniter\Model->doFindAll(0, 0)
#6 C:\xampp\htdocs\rockstar\rockstar\app\Controllers\Grupo.php(65): CodeIgniter\BaseModel->findAll()
#7 C:\xampp\htdocs\rockstar\rockstar\system\CodeIgniter.php(933): App\Controllers\Grupo->verAspirantes('1')
#8 C:\xampp\htdocs\rockstar\rockstar\system\CodeIgniter.php(507): CodeIgniter\CodeIgniter->runController(Object(App\Controllers\Grupo))
#9 C:\xampp\htdocs\rockstar\rockstar\system\CodeIgniter.php(354): CodeIgniter\CodeIgniter->handleRequest(NULL, Object(Config\Cache), false)
#10 C:\xampp\htdocs\rockstar\rockstar\system\Boot.php(334): CodeIgniter\CodeIgniter->run()
#11 C:\xampp\htdocs\rockstar\rockstar\system\Boot.php(67): CodeIgniter\Boot::runCodeIgniter(Object(CodeIgniter\CodeIgniter))
#12 C:\xampp\htdocs\rockstar\rockstar\public\index.php(56): CodeIgniter\Boot::bootWeb(Object(Config\Paths))
#13 C:\xampp\htdocs\rockstar\rockstar\system\rewrite.php(44): require_once('C:\\xampp\\htdocs...')
#14 {main}
CRITICAL - 2025-07-08 13:49:11 --> CodeIgniter\Database\Exceptions\DatabaseException: Unknown column 'aspirantes.examen_aprobado' in 'field list'
[Method: GET, Route: grupos/verAspirantes/1]
in SYSTEMPATH\Database\BaseConnection.php on line 692.
 1 SYSTEMPATH\Database\BaseBuilder.php(1649): CodeIgniter\Database\BaseConnection->query('SELECT `aspirantes`.`curp`, `aspirantes`.`nombre`, `aspirantes`.`primer_apellido`, `aspirantes`.`segundo_apellido`, `aspirantes`.`examen_aprobado`, `sedes`.`nombre_sede` as `nombre_sede`, `carreras`.`nombre` AS `nombre_carrera`, `nivelacion_aprobado`
FROM `aspirantes`
JOIN `sedes` ON `aspirantes`.`sede` = `sedes`.`id_sede`
JOIN `carreras` ON `aspirantes`.`carrera` = `carreras`.`id`
WHERE `grupo_nivelacion` = :grupo_nivelacion:', [...], false)
 2 SYSTEMPATH\Model.php(286): CodeIgniter\Database\BaseBuilder->get()
 3 SYSTEMPATH\BaseModel.php(675): CodeIgniter\Model->doFindAll(0, 0)
 4 APPPATH\Controllers\Grupo.php(65): CodeIgniter\BaseModel->findAll()
 5 SYSTEMPATH\CodeIgniter.php(933): App\Controllers\Grupo->verAspirantes('1')
 6 SYSTEMPATH\CodeIgniter.php(507): CodeIgniter\CodeIgniter->runController(Object(App\Controllers\Grupo))
 7 SYSTEMPATH\CodeIgniter.php(354): CodeIgniter\CodeIgniter->handleRequest(null, Object(Config\Cache), false)
 8 SYSTEMPATH\Boot.php(334): CodeIgniter\CodeIgniter->run()
 9 SYSTEMPATH\Boot.php(67): CodeIgniter\Boot::runCodeIgniter(Object(CodeIgniter\CodeIgniter))
10 FCPATH\index.php(56): CodeIgniter\Boot::bootWeb(Object(Config\Paths))
11 SYSTEMPATH\rewrite.php(44): require_once('C:\\xampp\\htdocs\\rockstar\\rockstar\\public\\index.php')
CRITICAL - 2025-07-08 13:49:11 --> [Caused by] CodeIgniter\Database\Exceptions\DatabaseException: Unknown column 'aspirantes.examen_aprobado' in 'field list'
in SYSTEMPATH\Database\MySQLi\Connection.php on line 332.
 1 SYSTEMPATH\Database\BaseConnection.php(738): CodeIgniter\Database\MySQLi\Connection->execute('SELECT `aspirantes`.`curp`, `aspirantes`.`nombre`, `aspirantes`.`primer_apellido`, `aspirantes`.`segundo_apellido`, `aspirantes`.`examen_aprobado`, `sedes`.`nombre_sede` as `nombre_sede`, `carreras`.`nombre` AS `nombre_carrera`, `nivelacion_aprobado`
FROM `aspirantes`
JOIN `sedes` ON `aspirantes`.`sede` = `sedes`.`id_sede`
JOIN `carreras` ON `aspirantes`.`carrera` = `carreras`.`id`
WHERE `grupo_nivelacion` = \'1\'')
 2 SYSTEMPATH\Database\BaseConnection.php(652): CodeIgniter\Database\BaseConnection->simpleQuery('SELECT `aspirantes`.`curp`, `aspirantes`.`nombre`, `aspirantes`.`primer_apellido`, `aspirantes`.`segundo_apellido`, `aspirantes`.`examen_aprobado`, `sedes`.`nombre_sede` as `nombre_sede`, `carreras`.`nombre` AS `nombre_carrera`, `nivelacion_aprobado`
FROM `aspirantes`
JOIN `sedes` ON `aspirantes`.`sede` = `sedes`.`id_sede`
JOIN `carreras` ON `aspirantes`.`carrera` = `carreras`.`id`
WHERE `grupo_nivelacion` = \'1\'')
 3 SYSTEMPATH\Database\BaseBuilder.php(1649): CodeIgniter\Database\BaseConnection->query('SELECT `aspirantes`.`curp`, `aspirantes`.`nombre`, `aspirantes`.`primer_apellido`, `aspirantes`.`segundo_apellido`, `aspirantes`.`examen_aprobado`, `sedes`.`nombre_sede` as `nombre_sede`, `carreras`.`nombre` AS `nombre_carrera`, `nivelacion_aprobado`
FROM `aspirantes`
JOIN `sedes` ON `aspirantes`.`sede` = `sedes`.`id_sede`
JOIN `carreras` ON `aspirantes`.`carrera` = `carreras`.`id`
WHERE `grupo_nivelacion` = :grupo_nivelacion:', [...], false)
 4 SYSTEMPATH\Model.php(286): CodeIgniter\Database\BaseBuilder->get()
 5 SYSTEMPATH\BaseModel.php(675): CodeIgniter\Model->doFindAll(0, 0)
 6 APPPATH\Controllers\Grupo.php(65): CodeIgniter\BaseModel->findAll()
 7 SYSTEMPATH\CodeIgniter.php(933): App\Controllers\Grupo->verAspirantes('1')
 8 SYSTEMPATH\CodeIgniter.php(507): CodeIgniter\CodeIgniter->runController(Object(App\Controllers\Grupo))
 9 SYSTEMPATH\CodeIgniter.php(354): CodeIgniter\CodeIgniter->handleRequest(null, Object(Config\Cache), false)
10 SYSTEMPATH\Boot.php(334): CodeIgniter\CodeIgniter->run()
11 SYSTEMPATH\Boot.php(67): CodeIgniter\Boot::runCodeIgniter(Object(CodeIgniter\CodeIgniter))
12 FCPATH\index.php(56): CodeIgniter\Boot::bootWeb(Object(Config\Paths))
13 SYSTEMPATH\rewrite.php(44): require_once('C:\\xampp\\htdocs\\rockstar\\rockstar\\public\\index.php')
CRITICAL - 2025-07-08 13:49:11 --> [Caused by] mysqli_sql_exception: Unknown column 'aspirantes.examen_aprobado' in 'field list'
in SYSTEMPATH\Database\MySQLi\Connection.php on line 327.
 1 SYSTEMPATH\Database\MySQLi\Connection.php(327): mysqli->query('SELECT `aspirantes`.`curp`, `aspirantes`.`nombre`, `aspirantes`.`primer_apellido`, `aspirantes`.`segundo_apellido`, `aspirantes`.`examen_aprobado`, `sedes`.`nombre_sede` as `nombre_sede`, `carreras`.`nombre` AS `nombre_carrera`, `nivelacion_aprobado`
FROM `aspirantes`
JOIN `sedes` ON `aspirantes`.`sede` = `sedes`.`id_sede`
JOIN `carreras` ON `aspirantes`.`carrera` = `carreras`.`id`
WHERE `grupo_nivelacion` = \'1\'', 0)
 2 SYSTEMPATH\Database\BaseConnection.php(738): CodeIgniter\Database\MySQLi\Connection->execute('SELECT `aspirantes`.`curp`, `aspirantes`.`nombre`, `aspirantes`.`primer_apellido`, `aspirantes`.`segundo_apellido`, `aspirantes`.`examen_aprobado`, `sedes`.`nombre_sede` as `nombre_sede`, `carreras`.`nombre` AS `nombre_carrera`, `nivelacion_aprobado`
FROM `aspirantes`
JOIN `sedes` ON `aspirantes`.`sede` = `sedes`.`id_sede`
JOIN `carreras` ON `aspirantes`.`carrera` = `carreras`.`id`
WHERE `grupo_nivelacion` = \'1\'')
 3 SYSTEMPATH\Database\BaseConnection.php(652): CodeIgniter\Database\BaseConnection->simpleQuery('SELECT `aspirantes`.`curp`, `aspirantes`.`nombre`, `aspirantes`.`primer_apellido`, `aspirantes`.`segundo_apellido`, `aspirantes`.`examen_aprobado`, `sedes`.`nombre_sede` as `nombre_sede`, `carreras`.`nombre` AS `nombre_carrera`, `nivelacion_aprobado`
FROM `aspirantes`
JOIN `sedes` ON `aspirantes`.`sede` = `sedes`.`id_sede`
JOIN `carreras` ON `aspirantes`.`carrera` = `carreras`.`id`
WHERE `grupo_nivelacion` = \'1\'')
 4 SYSTEMPATH\Database\BaseBuilder.php(1649): CodeIgniter\Database\BaseConnection->query('SELECT `aspirantes`.`curp`, `aspirantes`.`nombre`, `aspirantes`.`primer_apellido`, `aspirantes`.`segundo_apellido`, `aspirantes`.`examen_aprobado`, `sedes`.`nombre_sede` as `nombre_sede`, `carreras`.`nombre` AS `nombre_carrera`, `nivelacion_aprobado`
FROM `aspirantes`
JOIN `sedes` ON `aspirantes`.`sede` = `sedes`.`id_sede`
JOIN `carreras` ON `aspirantes`.`carrera` = `carreras`.`id`
WHERE `grupo_nivelacion` = :grupo_nivelacion:', [...], false)
 5 SYSTEMPATH\Model.php(286): CodeIgniter\Database\BaseBuilder->get()
 6 SYSTEMPATH\BaseModel.php(675): CodeIgniter\Model->doFindAll(0, 0)
 7 APPPATH\Controllers\Grupo.php(65): CodeIgniter\BaseModel->findAll()
 8 SYSTEMPATH\CodeIgniter.php(933): App\Controllers\Grupo->verAspirantes('1')
 9 SYSTEMPATH\CodeIgniter.php(507): CodeIgniter\CodeIgniter->runController(Object(App\Controllers\Grupo))
10 SYSTEMPATH\CodeIgniter.php(354): CodeIgniter\CodeIgniter->handleRequest(null, Object(Config\Cache), false)
11 SYSTEMPATH\Boot.php(334): CodeIgniter\CodeIgniter->run()
12 SYSTEMPATH\Boot.php(67): CodeIgniter\Boot::runCodeIgniter(Object(CodeIgniter\CodeIgniter))
13 FCPATH\index.php(56): CodeIgniter\Boot::bootWeb(Object(Config\Paths))
14 SYSTEMPATH\rewrite.php(44): require_once('C:\\xampp\\htdocs\\rockstar\\rockstar\\public\\index.php')
CRITICAL - 2025-07-08 13:51:50 --> ErrorException: Undefined array key "examen_aprobado"
[Method: GET, Route: aspirante/editar/AUCY021231HOCQHHA0]
in APPPATH\Views\base\administrador\editar_aspirante.php on line 128.
 1 APPPATH\Views\base\administrador\editar_aspirante.php(128): CodeIgniter\Debug\Exceptions->errorHandler(2, 'Undefined array key "examen_aprobado"', 'C:\\xampp\\htdocs\\rockstar\\rockstar\\app\\Views\\base\\administrador\\editar_aspirante.php', 128)
 2 SYSTEMPATH\View\View.php(224): include('C:\\xampp\\htdocs\\rockstar\\rockstar\\app\\Views\\base\\administrador\\editar_aspirante.php')
 3 SYSTEMPATH\View\View.php(227): CodeIgniter\View\View->CodeIgniter\View\{closure}()
 4 SYSTEMPATH\Common.php(1173): CodeIgniter\View\View->render('base/administrador/editar_aspirante', [], true)
 5 APPPATH\Controllers\Aspirante.php(236): view('base/administrador/editar_aspirante', [...])
 6 SYSTEMPATH\CodeIgniter.php(933): App\Controllers\Aspirante->edit('AUCY021231HOCQHHA0')
 7 SYSTEMPATH\CodeIgniter.php(507): CodeIgniter\CodeIgniter->runController(Object(App\Controllers\Aspirante))
 8 SYSTEMPATH\CodeIgniter.php(354): CodeIgniter\CodeIgniter->handleRequest(null, Object(Config\Cache), false)
 9 SYSTEMPATH\Boot.php(334): CodeIgniter\CodeIgniter->run()
10 SYSTEMPATH\Boot.php(67): CodeIgniter\Boot::runCodeIgniter(Object(CodeIgniter\CodeIgniter))
11 FCPATH\index.php(56): CodeIgniter\Boot::bootWeb(Object(Config\Paths))
12 SYSTEMPATH\rewrite.php(44): require_once('C:\\xampp\\htdocs\\rockstar\\rockstar\\public\\index.php')
CRITICAL - 2025-07-08 13:52:09 --> ErrorException: Undefined array key "examen_aprobado"
[Method: GET, Route: aspirante/editar/VACS911218MOCSHL03]
in APPPATH\Views\base\administrador\editar_aspirante.php on line 128.
 1 APPPATH\Views\base\administrador\editar_aspirante.php(128): CodeIgniter\Debug\Exceptions->errorHandler(2, 'Undefined array key "examen_aprobado"', 'C:\\xampp\\htdocs\\rockstar\\rockstar\\app\\Views\\base\\administrador\\editar_aspirante.php', 128)
 2 SYSTEMPATH\View\View.php(224): include('C:\\xampp\\htdocs\\rockstar\\rockstar\\app\\Views\\base\\administrador\\editar_aspirante.php')
 3 SYSTEMPATH\View\View.php(227): CodeIgniter\View\View->CodeIgniter\View\{closure}()
 4 SYSTEMPATH\Common.php(1173): CodeIgniter\View\View->render('base/administrador/editar_aspirante', [], true)
 5 APPPATH\Controllers\Aspirante.php(236): view('base/administrador/editar_aspirante', [...])
 6 SYSTEMPATH\CodeIgniter.php(933): App\Controllers\Aspirante->edit('VACS911218MOCSHL03')
 7 SYSTEMPATH\CodeIgniter.php(507): CodeIgniter\CodeIgniter->runController(Object(App\Controllers\Aspirante))
 8 SYSTEMPATH\CodeIgniter.php(354): CodeIgniter\CodeIgniter->handleRequest(null, Object(Config\Cache), false)
 9 SYSTEMPATH\Boot.php(334): CodeIgniter\CodeIgniter->run()
10 SYSTEMPATH\Boot.php(67): CodeIgniter\Boot::runCodeIgniter(Object(CodeIgniter\CodeIgniter))
11 FCPATH\index.php(56): CodeIgniter\Boot::bootWeb(Object(Config\Paths))
12 SYSTEMPATH\rewrite.php(44): require_once('C:\\xampp\\htdocs\\rockstar\\rockstar\\public\\index.php')
CRITICAL - 2025-07-08 13:53:58 --> ErrorException: Undefined array key "examen_aprobado"
[Method: GET, Route: aspirante/editar/VACS911218MOCSHL03]
in APPPATH\Views\base\administrador\editar_aspirante.php on line 128.
 1 APPPATH\Views\base\administrador\editar_aspirante.php(128): CodeIgniter\Debug\Exceptions->errorHandler(2, 'Undefined array key "examen_aprobado"', 'C:\\xampp\\htdocs\\rockstar\\rockstar\\app\\Views\\base\\administrador\\editar_aspirante.php', 128)
 2 SYSTEMPATH\View\View.php(224): include('C:\\xampp\\htdocs\\rockstar\\rockstar\\app\\Views\\base\\administrador\\editar_aspirante.php')
 3 SYSTEMPATH\View\View.php(227): CodeIgniter\View\View->CodeIgniter\View\{closure}()
 4 SYSTEMPATH\Common.php(1173): CodeIgniter\View\View->render('base/administrador/editar_aspirante', [], true)
 5 APPPATH\Controllers\Aspirante.php(236): view('base/administrador/editar_aspirante', [...])
 6 SYSTEMPATH\CodeIgniter.php(933): App\Controllers\Aspirante->edit('VACS911218MOCSHL03')
 7 SYSTEMPATH\CodeIgniter.php(507): CodeIgniter\CodeIgniter->runController(Object(App\Controllers\Aspirante))
 8 SYSTEMPATH\CodeIgniter.php(354): CodeIgniter\CodeIgniter->handleRequest(null, Object(Config\Cache), false)
 9 SYSTEMPATH\Boot.php(334): CodeIgniter\CodeIgniter->run()
10 SYSTEMPATH\Boot.php(67): CodeIgniter\Boot::runCodeIgniter(Object(CodeIgniter\CodeIgniter))
11 FCPATH\index.php(56): CodeIgniter\Boot::bootWeb(Object(Config\Paths))
12 SYSTEMPATH\rewrite.php(44): require_once('C:\\xampp\\htdocs\\rockstar\\rockstar\\public\\index.php')
CRITICAL - 2025-07-08 13:54:00 --> ErrorException: Undefined array key "examen_aprobado"
[Method: GET, Route: aspirante/editar/VACS911218MOCSHL03]
in APPPATH\Views\base\administrador\editar_aspirante.php on line 128.
 1 APPPATH\Views\base\administrador\editar_aspirante.php(128): CodeIgniter\Debug\Exceptions->errorHandler(2, 'Undefined array key "examen_aprobado"', 'C:\\xampp\\htdocs\\rockstar\\rockstar\\app\\Views\\base\\administrador\\editar_aspirante.php', 128)
 2 SYSTEMPATH\View\View.php(224): include('C:\\xampp\\htdocs\\rockstar\\rockstar\\app\\Views\\base\\administrador\\editar_aspirante.php')
 3 SYSTEMPATH\View\View.php(227): CodeIgniter\View\View->CodeIgniter\View\{closure}()
 4 SYSTEMPATH\Common.php(1173): CodeIgniter\View\View->render('base/administrador/editar_aspirante', [], true)
 5 APPPATH\Controllers\Aspirante.php(236): view('base/administrador/editar_aspirante', [...])
 6 SYSTEMPATH\CodeIgniter.php(933): App\Controllers\Aspirante->edit('VACS911218MOCSHL03')
 7 SYSTEMPATH\CodeIgniter.php(507): CodeIgniter\CodeIgniter->runController(Object(App\Controllers\Aspirante))
 8 SYSTEMPATH\CodeIgniter.php(354): CodeIgniter\CodeIgniter->handleRequest(null, Object(Config\Cache), false)
 9 SYSTEMPATH\Boot.php(334): CodeIgniter\CodeIgniter->run()
10 SYSTEMPATH\Boot.php(67): CodeIgniter\Boot::runCodeIgniter(Object(CodeIgniter\CodeIgniter))
11 FCPATH\index.php(56): CodeIgniter\Boot::bootWeb(Object(Config\Paths))
12 SYSTEMPATH\rewrite.php(44): require_once('C:\\xampp\\htdocs\\rockstar\\rockstar\\public\\index.php')
