CRITICAL - 2025-06-28 14:38:55 --> CodeIgniter\View\Exceptions\ViewException: Invalid file: "base/publico/documentacion.php"
[Method: GET, Route: aspirante/documentacion]
in SYSTEMPATH\Exceptions\FrameworkException.php on line 39.
 1 SYSTEMPATH\View\View.php(212): CodeIgniter\Exceptions\FrameworkException::forInvalidFile('base/publico/documentacion.php')
 2 SYSTEMPATH\Common.php(1173): CodeIgniter\View\View->render('base/publico/documentacion', [], true)
 3 APPPATH\Controllers\Documentacion.php(48): view('base/publico/documentacion', [...])
 4 SYSTEMPATH\CodeIgniter.php(933): App\Controllers\Documentacion->index()
 5 SYSTEMPATH\CodeIgniter.php(507): CodeIgniter\CodeIgniter->runController(Object(App\Controllers\Documentacion))
 6 SYSTEMPATH\CodeIgniter.php(354): CodeIgniter\CodeIgniter->handleRequest(null, Object(Config\Cache), false)
 7 SYSTEMPATH\Boot.php(334): CodeIgniter\CodeIgniter->run()
 8 SYSTEMPATH\Boot.php(67): CodeIgniter\Boot::runCodeIgniter(Object(CodeIgniter\CodeIgniter))
 9 FCPATH\index.php(56): CodeIgniter\Boot::bootWeb(Object(Config\Paths))
10 SYSTEMPATH\rewrite.php(44): require_once('C:\\xampp\\htdocs\\arpirantes\\public\\index.php')
CRITICAL - 2025-06-28 14:39:17 --> ErrorException: Undefined variable $miga
[Method: GET, Route: aspirante/documentacion]
in APPPATH\Views\base\template\head.php on line 6.
 1 APPPATH\Views\base\template\head.php(6): CodeIgniter\Debug\Exceptions->errorHandler(2, 'Undefined variable $miga', 'C:\\xampp\\htdocs\\arpirantes\\app\\Views\\base\\template\\head.php', 6)
 2 SYSTEMPATH\View\View.php(224): include('C:\\xampp\\htdocs\\arpirantes\\app\\Views\\base\\template\\head.php')
 3 SYSTEMPATH\View\View.php(227): CodeIgniter\View\View->CodeIgniter\View\{closure}()
 4 SYSTEMPATH\Common.php(1173): CodeIgniter\View\View->render('base/template/head', [], true)
 5 APPPATH\Views\base\publico\documentacion_aspirante.php(13): view('base/template/head')
 6 SYSTEMPATH\View\View.php(224): include('C:\\xampp\\htdocs\\arpirantes\\app\\Views\\base\\publico\\documentacion_aspirante.php')
 7 SYSTEMPATH\View\View.php(227): CodeIgniter\View\View->CodeIgniter\View\{closure}()
 8 SYSTEMPATH\Common.php(1173): CodeIgniter\View\View->render('base/publico/documentacion_aspirante', [], true)
 9 APPPATH\Controllers\Documentacion.php(48): view('base/publico/documentacion_aspirante', [...])
10 SYSTEMPATH\CodeIgniter.php(933): App\Controllers\Documentacion->index()
11 SYSTEMPATH\CodeIgniter.php(507): CodeIgniter\CodeIgniter->runController(Object(App\Controllers\Documentacion))
12 SYSTEMPATH\CodeIgniter.php(354): CodeIgniter\CodeIgniter->handleRequest(null, Object(Config\Cache), false)
13 SYSTEMPATH\Boot.php(334): CodeIgniter\CodeIgniter->run()
14 SYSTEMPATH\Boot.php(67): CodeIgniter\Boot::runCodeIgniter(Object(CodeIgniter\CodeIgniter))
15 FCPATH\index.php(56): CodeIgniter\Boot::bootWeb(Object(Config\Paths))
16 SYSTEMPATH\rewrite.php(44): require_once('C:\\xampp\\htdocs\\arpirantes\\public\\index.php')
CRITICAL - 2025-06-28 14:39:50 --> ErrorException: Undefined variable $user_info
[Method: GET, Route: aspirante/documentacion]
in APPPATH\Views\base\template\header.php on line 36.
 1 APPPATH\Views\base\template\header.php(36): CodeIgniter\Debug\Exceptions->errorHandler(2, 'Undefined variable $user_info', 'C:\\xampp\\htdocs\\arpirantes\\app\\Views\\base\\template\\header.php', 36)
 2 SYSTEMPATH\View\View.php(224): include('C:\\xampp\\htdocs\\arpirantes\\app\\Views\\base\\template\\header.php')
 3 SYSTEMPATH\View\View.php(227): CodeIgniter\View\View->CodeIgniter\View\{closure}()
 4 SYSTEMPATH\Common.php(1173): CodeIgniter\View\View->render('base/template/header', [], true)
 5 APPPATH\Views\base\publico\documentacion_aspirante.php(29): view('base/template/header')
 6 SYSTEMPATH\View\View.php(224): include('C:\\xampp\\htdocs\\arpirantes\\app\\Views\\base\\publico\\documentacion_aspirante.php')
 7 SYSTEMPATH\View\View.php(227): CodeIgniter\View\View->CodeIgniter\View\{closure}()
 8 SYSTEMPATH\Common.php(1173): CodeIgniter\View\View->render('base/publico/documentacion_aspirante', [], true)
 9 APPPATH\Controllers\Documentacion.php(48): view('base/publico/documentacion_aspirante', [...])
10 SYSTEMPATH\CodeIgniter.php(933): App\Controllers\Documentacion->index()
11 SYSTEMPATH\CodeIgniter.php(507): CodeIgniter\CodeIgniter->runController(Object(App\Controllers\Documentacion))
12 SYSTEMPATH\CodeIgniter.php(354): CodeIgniter\CodeIgniter->handleRequest(null, Object(Config\Cache), false)
13 SYSTEMPATH\Boot.php(334): CodeIgniter\CodeIgniter->run()
14 SYSTEMPATH\Boot.php(67): CodeIgniter\Boot::runCodeIgniter(Object(CodeIgniter\CodeIgniter))
15 FCPATH\index.php(56): CodeIgniter\Boot::bootWeb(Object(Config\Paths))
16 SYSTEMPATH\rewrite.php(44): require_once('C:\\xampp\\htdocs\\arpirantes\\public\\index.php')
CRITICAL - 2025-06-28 16:26:58 --> ErrorException: Undefined array key "archivo"
[Method: POST, Route: aspirante/eliminar_documento]
in APPPATH\Controllers\Documentacion.php on line 208.
 1 APPPATH\Controllers\Documentacion.php(208): CodeIgniter\Debug\Exceptions->errorHandler(2, 'Undefined array key "archivo"', 'C:\\xampp\\htdocs\\arpirantes\\app\\Controllers\\Documentacion.php', 208)
 2 SYSTEMPATH\CodeIgniter.php(933): App\Controllers\Documentacion->eliminar_documento()
 3 SYSTEMPATH\CodeIgniter.php(507): CodeIgniter\CodeIgniter->runController(Object(App\Controllers\Documentacion))
 4 SYSTEMPATH\CodeIgniter.php(354): CodeIgniter\CodeIgniter->handleRequest(null, Object(Config\Cache), false)
 5 SYSTEMPATH\Boot.php(334): CodeIgniter\CodeIgniter->run()
 6 SYSTEMPATH\Boot.php(67): CodeIgniter\Boot::runCodeIgniter(Object(CodeIgniter\CodeIgniter))
 7 FCPATH\index.php(56): CodeIgniter\Boot::bootWeb(Object(Config\Paths))
 8 SYSTEMPATH\rewrite.php(44): require_once('C:\\xampp\\htdocs\\arpirantes\\public\\index.php')
CRITICAL - 2025-06-28 16:55:18 --> ErrorException: Undefined array key "archivo"
[Method: POST, Route: aspirante/eliminar_documento]
in APPPATH\Controllers\Documentacion.php on line 220.
 1 APPPATH\Controllers\Documentacion.php(220): CodeIgniter\Debug\Exceptions->errorHandler(2, 'Undefined array key "archivo"', 'C:\\xampp\\htdocs\\arpirantes\\app\\Controllers\\Documentacion.php', 220)
 2 SYSTEMPATH\CodeIgniter.php(933): App\Controllers\Documentacion->eliminar_documento()
 3 SYSTEMPATH\CodeIgniter.php(507): CodeIgniter\CodeIgniter->runController(Object(App\Controllers\Documentacion))
 4 SYSTEMPATH\CodeIgniter.php(354): CodeIgniter\CodeIgniter->handleRequest(null, Object(Config\Cache), false)
 5 SYSTEMPATH\Boot.php(334): CodeIgniter\CodeIgniter->run()
 6 SYSTEMPATH\Boot.php(67): CodeIgniter\Boot::runCodeIgniter(Object(CodeIgniter\CodeIgniter))
 7 FCPATH\index.php(56): CodeIgniter\Boot::bootWeb(Object(Config\Paths))
 8 SYSTEMPATH\rewrite.php(44): require_once('C:\\xampp\\htdocs\\arpirantes\\public\\index.php')
