CRITICAL - 2025-07-24 13:31:53 --> Exception: Failed to parse time string (20--) at position 0 (2): Unexpected character
[Method: POST, Route: analizar-curp]
in APPPATH\Controllers\Aspirante.php on line 403.
 1 APPPATH\Controllers\Aspirante.php(403): DateTime->__construct('20--')
 2 APPPATH\Controllers\Aspirante.php(453): App\Controllers\Aspirante->calcularEdad('20--')
 3 SYSTEMPATH\CodeIgniter.php(933): App\Controllers\Aspirante->analizar_curp()
 4 SYSTEMPATH\CodeIgniter.php(507): CodeIgniter\CodeIgniter->runController(Object(App\Controllers\Aspirante))
 5 SYSTEMPATH\CodeIgniter.php(354): CodeIgniter\CodeIgniter->handleRequest(null, Object(Config\Cache), false)
 6 SYSTEMPATH\Boot.php(334): CodeIgniter\CodeIgniter->run()
 7 SYSTEMPATH\Boot.php(67): CodeIgniter\Boot::runCodeIgniter(Object(CodeIgniter\CodeIgniter))
 8 FCPATH\index.php(56): CodeIgniter\Boot::bootWeb(Object(Config\Paths))
 9 SYSTEMPATH\rewrite.php(44): require_once('C:\\xampp\\htdocs\\rockstar\\rockstar\\public\\index.php')
CRITICAL - 2025-07-24 13:31:56 --> Exception: Failed to parse time string (20--) at position 0 (2): Unexpected character
[Method: POST, Route: analizar-curp]
in APPPATH\Controllers\Aspirante.php on line 403.
 1 APPPATH\Controllers\Aspirante.php(403): DateTime->__construct('20--')
 2 APPPATH\Controllers\Aspirante.php(453): App\Controllers\Aspirante->calcularEdad('20--')
 3 SYSTEMPATH\CodeIgniter.php(933): App\Controllers\Aspirante->analizar_curp()
 4 SYSTEMPATH\CodeIgniter.php(507): CodeIgniter\CodeIgniter->runController(Object(App\Controllers\Aspirante))
 5 SYSTEMPATH\CodeIgniter.php(354): CodeIgniter\CodeIgniter->handleRequest(null, Object(Config\Cache), false)
 6 SYSTEMPATH\Boot.php(334): CodeIgniter\CodeIgniter->run()
 7 SYSTEMPATH\Boot.php(67): CodeIgniter\Boot::runCodeIgniter(Object(CodeIgniter\CodeIgniter))
 8 FCPATH\index.php(56): CodeIgniter\Boot::bootWeb(Object(Config\Paths))
 9 SYSTEMPATH\rewrite.php(44): require_once('C:\\xampp\\htdocs\\rockstar\\rockstar\\public\\index.php')
CRITICAL - 2025-07-24 13:31:59 --> Exception: Failed to parse time string (20--) at position 0 (2): Unexpected character
[Method: POST, Route: analizar-curp]
in APPPATH\Controllers\Aspirante.php on line 403.
 1 APPPATH\Controllers\Aspirante.php(403): DateTime->__construct('20--')
 2 APPPATH\Controllers\Aspirante.php(453): App\Controllers\Aspirante->calcularEdad('20--')
 3 SYSTEMPATH\CodeIgniter.php(933): App\Controllers\Aspirante->analizar_curp()
 4 SYSTEMPATH\CodeIgniter.php(507): CodeIgniter\CodeIgniter->runController(Object(App\Controllers\Aspirante))
 5 SYSTEMPATH\CodeIgniter.php(354): CodeIgniter\CodeIgniter->handleRequest(null, Object(Config\Cache), false)
 6 SYSTEMPATH\Boot.php(334): CodeIgniter\CodeIgniter->run()
 7 SYSTEMPATH\Boot.php(67): CodeIgniter\Boot::runCodeIgniter(Object(CodeIgniter\CodeIgniter))
 8 FCPATH\index.php(56): CodeIgniter\Boot::bootWeb(Object(Config\Paths))
 9 SYSTEMPATH\rewrite.php(44): require_once('C:\\xampp\\htdocs\\rockstar\\rockstar\\public\\index.php')
CRITICAL - 2025-07-24 13:32:01 --> Exception: Failed to parse time string (20--) at position 0 (2): Unexpected character
[Method: POST, Route: analizar-curp]
in APPPATH\Controllers\Aspirante.php on line 403.
 1 APPPATH\Controllers\Aspirante.php(403): DateTime->__construct('20--')
 2 APPPATH\Controllers\Aspirante.php(453): App\Controllers\Aspirante->calcularEdad('20--')
 3 SYSTEMPATH\CodeIgniter.php(933): App\Controllers\Aspirante->analizar_curp()
 4 SYSTEMPATH\CodeIgniter.php(507): CodeIgniter\CodeIgniter->runController(Object(App\Controllers\Aspirante))
 5 SYSTEMPATH\CodeIgniter.php(354): CodeIgniter\CodeIgniter->handleRequest(null, Object(Config\Cache), false)
 6 SYSTEMPATH\Boot.php(334): CodeIgniter\CodeIgniter->run()
 7 SYSTEMPATH\Boot.php(67): CodeIgniter\Boot::runCodeIgniter(Object(CodeIgniter\CodeIgniter))
 8 FCPATH\index.php(56): CodeIgniter\Boot::bootWeb(Object(Config\Paths))
 9 SYSTEMPATH\rewrite.php(44): require_once('C:\\xampp\\htdocs\\rockstar\\rockstar\\public\\index.php')
CRITICAL - 2025-07-24 13:32:04 --> Exception: Failed to parse time string (20--) at position 0 (2): Unexpected character
[Method: POST, Route: analizar-curp]
in APPPATH\Controllers\Aspirante.php on line 403.
 1 APPPATH\Controllers\Aspirante.php(403): DateTime->__construct('20--')
 2 APPPATH\Controllers\Aspirante.php(453): App\Controllers\Aspirante->calcularEdad('20--')
 3 SYSTEMPATH\CodeIgniter.php(933): App\Controllers\Aspirante->analizar_curp()
 4 SYSTEMPATH\CodeIgniter.php(507): CodeIgniter\CodeIgniter->runController(Object(App\Controllers\Aspirante))
 5 SYSTEMPATH\CodeIgniter.php(354): CodeIgniter\CodeIgniter->handleRequest(null, Object(Config\Cache), false)
 6 SYSTEMPATH\Boot.php(334): CodeIgniter\CodeIgniter->run()
 7 SYSTEMPATH\Boot.php(67): CodeIgniter\Boot::runCodeIgniter(Object(CodeIgniter\CodeIgniter))
 8 FCPATH\index.php(56): CodeIgniter\Boot::bootWeb(Object(Config\Paths))
 9 SYSTEMPATH\rewrite.php(44): require_once('C:\\xampp\\htdocs\\rockstar\\rockstar\\public\\index.php')
CRITICAL - 2025-07-24 13:32:06 --> Exception: Failed to parse time string (20--) at position 0 (2): Unexpected character
[Method: POST, Route: analizar-curp]
in APPPATH\Controllers\Aspirante.php on line 403.
 1 APPPATH\Controllers\Aspirante.php(403): DateTime->__construct('20--')
 2 APPPATH\Controllers\Aspirante.php(453): App\Controllers\Aspirante->calcularEdad('20--')
 3 SYSTEMPATH\CodeIgniter.php(933): App\Controllers\Aspirante->analizar_curp()
 4 SYSTEMPATH\CodeIgniter.php(507): CodeIgniter\CodeIgniter->runController(Object(App\Controllers\Aspirante))
 5 SYSTEMPATH\CodeIgniter.php(354): CodeIgniter\CodeIgniter->handleRequest(null, Object(Config\Cache), false)
 6 SYSTEMPATH\Boot.php(334): CodeIgniter\CodeIgniter->run()
 7 SYSTEMPATH\Boot.php(67): CodeIgniter\Boot::runCodeIgniter(Object(CodeIgniter\CodeIgniter))
 8 FCPATH\index.php(56): CodeIgniter\Boot::bootWeb(Object(Config\Paths))
 9 SYSTEMPATH\rewrite.php(44): require_once('C:\\xampp\\htdocs\\rockstar\\rockstar\\public\\index.php')
