CRITICAL - 2025-06-22 14:15:27 --> Error: Cannot use object of type App\Models\ConvocatoriaModel as array
[Method: GET, Route: grupos-examen]
in APPPATH\Controllers\GruposExamen.php on line 43.
 1 SYSTEMPATH\CodeIgniter.php(933): App\Controllers\GruposExamen->index()
 2 SYSTEMPATH\CodeIgniter.php(507): CodeIgniter\CodeIgniter->runController(Object(App\Controllers\GruposExamen))
 3 SYSTEMPATH\CodeIgniter.php(354): CodeIgniter\CodeIgniter->handleRequest(null, Object(Config\Cache), false)
 4 SYSTEMPATH\Boot.php(334): CodeIgniter\CodeIgniter->run()
 5 SYSTEMPATH\Boot.php(67): CodeIgniter\Boot::runCodeIgniter(Object(CodeIgniter\CodeIgniter))
 6 FCPATH\index.php(56): CodeIgniter\Boot::bootWeb(Object(Config\Paths))
 7 SYSTEMPATH\rewrite.php(44): require_once('C:\\xampp\\htdocs\\arpirantes\\public\\index.php')
CRITICAL - 2025-06-22 14:18:39 --> ErrorException: Undefined variable $examen_inicio
[Method: GET, Route: grupos-examen]
in APPPATH\Views\base\administrador\grupos_examen.php on line 18.
 1 APPPATH\Views\base\administrador\grupos_examen.php(18): CodeIgniter\Debug\Exceptions->errorHandler(2, 'Undefined variable $examen_inicio', 'C:\\xampp\\htdocs\\arpirantes\\app\\Views\\base\\administrador\\grupos_examen.php', 18)
 2 SYSTEMPATH\View\View.php(224): include('C:\\xampp\\htdocs\\arpirantes\\app\\Views\\base\\administrador\\grupos_examen.php')
 3 SYSTEMPATH\View\View.php(227): CodeIgniter\View\View->CodeIgniter\View\{closure}()
 4 SYSTEMPATH\Common.php(1173): CodeIgniter\View\View->render('base/administrador/grupos_examen', [], true)
 5 APPPATH\Controllers\GruposExamen.php(47): view('base/administrador/grupos_examen', [...])
 6 SYSTEMPATH\CodeIgniter.php(933): App\Controllers\GruposExamen->index()
 7 SYSTEMPATH\CodeIgniter.php(507): CodeIgniter\CodeIgniter->runController(Object(App\Controllers\GruposExamen))
 8 SYSTEMPATH\CodeIgniter.php(354): CodeIgniter\CodeIgniter->handleRequest(null, Object(Config\Cache), false)
 9 SYSTEMPATH\Boot.php(334): CodeIgniter\CodeIgniter->run()
10 SYSTEMPATH\Boot.php(67): CodeIgniter\Boot::runCodeIgniter(Object(CodeIgniter\CodeIgniter))
11 FCPATH\index.php(56): CodeIgniter\Boot::bootWeb(Object(Config\Paths))
12 SYSTEMPATH\rewrite.php(44): require_once('C:\\xampp\\htdocs\\arpirantes\\public\\index.php')
CRITICAL - 2025-06-22 14:18:40 --> ErrorException: Undefined variable $examen_inicio
[Method: GET, Route: grupos-examen]
in APPPATH\Views\base\administrador\grupos_examen.php on line 18.
 1 APPPATH\Views\base\administrador\grupos_examen.php(18): CodeIgniter\Debug\Exceptions->errorHandler(2, 'Undefined variable $examen_inicio', 'C:\\xampp\\htdocs\\arpirantes\\app\\Views\\base\\administrador\\grupos_examen.php', 18)
 2 SYSTEMPATH\View\View.php(224): include('C:\\xampp\\htdocs\\arpirantes\\app\\Views\\base\\administrador\\grupos_examen.php')
 3 SYSTEMPATH\View\View.php(227): CodeIgniter\View\View->CodeIgniter\View\{closure}()
 4 SYSTEMPATH\Common.php(1173): CodeIgniter\View\View->render('base/administrador/grupos_examen', [], true)
 5 APPPATH\Controllers\GruposExamen.php(47): view('base/administrador/grupos_examen', [...])
 6 SYSTEMPATH\CodeIgniter.php(933): App\Controllers\GruposExamen->index()
 7 SYSTEMPATH\CodeIgniter.php(507): CodeIgniter\CodeIgniter->runController(Object(App\Controllers\GruposExamen))
 8 SYSTEMPATH\CodeIgniter.php(354): CodeIgniter\CodeIgniter->handleRequest(null, Object(Config\Cache), false)
 9 SYSTEMPATH\Boot.php(334): CodeIgniter\CodeIgniter->run()
10 SYSTEMPATH\Boot.php(67): CodeIgniter\Boot::runCodeIgniter(Object(CodeIgniter\CodeIgniter))
11 FCPATH\index.php(56): CodeIgniter\Boot::bootWeb(Object(Config\Paths))
12 SYSTEMPATH\rewrite.php(44): require_once('C:\\xampp\\htdocs\\arpirantes\\public\\index.php')
