CRITICAL - 2025-08-02 15:09:23 --> CodeIgniter\View\Exceptions\ViewException: Invalid file: "base/administrador/crear_documentos.php"
[Method: GET, Route: admin/crear_documento]
in SYSTEMPATH\Exceptions\FrameworkException.php on line 39.
 1 SYSTEMPATH\View\View.php(212): CodeIgniter\Exceptions\FrameworkException::forInvalidFile('base/administrador/crear_documentos.php')
 2 SYSTEMPATH\Common.php(1173): CodeIgniter\View\View->render('base/administrador/crear_documentos', [], true)
 3 APPPATH\Controllers\Documentacion.php(340): view('base/administrador/crear_documentos', [...])
 4 SYSTEMPATH\CodeIgniter.php(933): App\Controllers\Documentacion->indexCrearDocumento()
 5 SYSTEMPATH\CodeIgniter.php(507): CodeIgniter\CodeIgniter->runController(Object(App\Controllers\Documentacion))
 6 SYSTEMPATH\CodeIgniter.php(354): CodeIgniter\CodeIgniter->handleRequest(null, Object(Config\Cache), false)
 7 SYSTEMPATH\Boot.php(334): CodeIgniter\CodeIgniter->run()
 8 SYSTEMPATH\Boot.php(67): CodeIgniter\Boot::runCodeIgniter(Object(CodeIgniter\CodeIgniter))
 9 FCPATH\index.php(56): CodeIgniter\Boot::bootWeb(Object(Config\Paths))
10 SYSTEMPATH\rewrite.php(44): require_once('C:\\xampp\\htdocs\\rockstar\\rockstar\\public\\index.php')
CRITICAL - 2025-08-02 15:54:17 --> ErrorException: Undefined variable $user_info
[Method: GET, Route: admin/documentos/editar_documento/1]
in APPPATH\Views\base\template\header.php on line 36.
 1 APPPATH\Views\base\template\header.php(36): CodeIgniter\Debug\Exceptions->errorHandler(2, 'Undefined variable $user_info', 'C:\\xampp\\htdocs\\rockstar\\rockstar\\app\\Views\\base\\template\\header.php', 36)
 2 SYSTEMPATH\View\View.php(224): include('C:\\xampp\\htdocs\\rockstar\\rockstar\\app\\Views\\base\\template\\header.php')
 3 SYSTEMPATH\View\View.php(227): CodeIgniter\View\View->CodeIgniter\View\{closure}()
 4 SYSTEMPATH\Common.php(1173): CodeIgniter\View\View->render('base/template/header', [], true)
 5 APPPATH\Views\base\administrador\editar_documento.php(28): view('base/template/header')
 6 SYSTEMPATH\View\View.php(224): include('C:\\xampp\\htdocs\\rockstar\\rockstar\\app\\Views\\base\\administrador\\editar_documento.php')
 7 SYSTEMPATH\View\View.php(227): CodeIgniter\View\View->CodeIgniter\View\{closure}()
 8 SYSTEMPATH\Common.php(1173): CodeIgniter\View\View->render('base/administrador/editar_documento', [], true)
 9 APPPATH\Controllers\Documentacion.php(401): view('base/administrador/editar_documento', [...])
10 SYSTEMPATH\CodeIgniter.php(933): App\Controllers\Documentacion->verDoc('1')
11 SYSTEMPATH\CodeIgniter.php(507): CodeIgniter\CodeIgniter->runController(Object(App\Controllers\Documentacion))
12 SYSTEMPATH\CodeIgniter.php(354): CodeIgniter\CodeIgniter->handleRequest(null, Object(Config\Cache), false)
13 SYSTEMPATH\Boot.php(334): CodeIgniter\CodeIgniter->run()
14 SYSTEMPATH\Boot.php(67): CodeIgniter\Boot::runCodeIgniter(Object(CodeIgniter\CodeIgniter))
15 FCPATH\index.php(56): CodeIgniter\Boot::bootWeb(Object(Config\Paths))
16 SYSTEMPATH\rewrite.php(44): require_once('C:\\xampp\\htdocs\\rockstar\\rockstar\\public\\index.php')
