ERROR - 2025-06-14 13:07:25 --> Error connecting to the database: mysqli_sql_exception: No se puede establecer una conexión ya que el equipo de destino denegó expresamente dicha conexión in C:\xampp\htdocs\arpirantes\system\Database\MySQLi\Connection.php:201
Stack trace:
#0 C:\xampp\htdocs\arpirantes\system\Database\MySQLi\Connection.php(201): mysqli->real_connect('localhost', 'root', Object(SensitiveParameterValue), 'discere2', 3306, '', 0)
#1 C:\xampp\htdocs\arpirantes\system\Database\BaseConnection.php(421): CodeIgniter\Database\MySQLi\Connection->connect(false)
#2 C:\xampp\htdocs\arpirantes\system\Database\BaseConnection.php(620): CodeIgniter\Database\BaseConnection->initialize()
#3 C:\xampp\htdocs\arpirantes\system\Database\BaseBuilder.php(1649): CodeIgniter\Database\BaseConnection->query('SELECT *\nFROM `...', Array, false)
#4 C:\xampp\htdocs\arpirantes\vendor\codeigniter4\settings\src\Handlers\DatabaseHandler.php(186): CodeIgniter\Database\BaseBuilder->get()
#5 C:\xampp\htdocs\arpirantes\vendor\codeigniter4\settings\src\Handlers\DatabaseHandler.php(51): CodeIgniter\Settings\Handlers\DatabaseHandler->hydrate(NULL)
#6 C:\xampp\htdocs\arpirantes\vendor\codeigniter4\settings\src\Settings.php(59): CodeIgniter\Settings\Handlers\DatabaseHandler->has('Config\\Auth', 'sessionConfig', NULL)
#7 C:\xampp\htdocs\arpirantes\vendor\codeigniter4\settings\src\Helpers\setting_helper.php(25): CodeIgniter\Settings\Settings->get('Auth.sessionCon...')
#8 C:\xampp\htdocs\arpirantes\vendor\codeigniter4\shield\src\Authentication\Authenticators\Session.php(685): setting('Auth.sessionCon...')
#9 C:\xampp\htdocs\arpirantes\vendor\codeigniter4\shield\src\Authentication\Authenticators\Session.php(703): CodeIgniter\Shield\Authentication\Authenticators\Session->getSessionUserInfo()
#10 C:\xampp\htdocs\arpirantes\vendor\codeigniter4\shield\src\Authentication\Authenticators\Session.php(390): CodeIgniter\Shield\Authentication\Authenticators\Session->getSessionUserKey('id')
#11 C:\xampp\htdocs\arpirantes\vendor\codeigniter4\shield\src\Authentication\Authenticators\Session.php(374): CodeIgniter\Shield\Authentication\Authenticators\Session->checkUserState()
#12 C:\xampp\htdocs\arpirantes\vendor\codeigniter4\shield\src\Auth.php(191): CodeIgniter\Shield\Authentication\Authenticators\Session->loggedIn()
#13 C:\xampp\htdocs\arpirantes\app\Controllers\Acceso.php(11): CodeIgniter\Shield\Auth->__call('loggedIn', Array)
#14 C:\xampp\htdocs\arpirantes\system\CodeIgniter.php(933): App\Controllers\Acceso->index()
#15 C:\xampp\htdocs\arpirantes\system\CodeIgniter.php(507): CodeIgniter\CodeIgniter->runController(Object(App\Controllers\Acceso))
#16 C:\xampp\htdocs\arpirantes\system\CodeIgniter.php(354): CodeIgniter\CodeIgniter->handleRequest(NULL, Object(Config\Cache), false)
#17 C:\xampp\htdocs\arpirantes\system\Boot.php(334): CodeIgniter\CodeIgniter->run()
#18 C:\xampp\htdocs\arpirantes\system\Boot.php(67): CodeIgniter\Boot::runCodeIgniter(Object(CodeIgniter\CodeIgniter))
#19 C:\xampp\htdocs\arpirantes\public\index.php(56): CodeIgniter\Boot::bootWeb(Object(Config\Paths))
#20 C:\xampp\htdocs\arpirantes\system\rewrite.php(44): require_once('C:\\xampp\\htdocs...')
#21 {main}

Next CodeIgniter\Database\Exceptions\DatabaseException: No se puede establecer una conexión ya que el equipo de destino denegó expresamente dicha conexión in C:\xampp\htdocs\arpirantes\system\Database\MySQLi\Connection.php:246
Stack trace:
#0 C:\xampp\htdocs\arpirantes\system\Database\BaseConnection.php(421): CodeIgniter\Database\MySQLi\Connection->connect(false)
#1 C:\xampp\htdocs\arpirantes\system\Database\BaseConnection.php(620): CodeIgniter\Database\BaseConnection->initialize()
#2 C:\xampp\htdocs\arpirantes\system\Database\BaseBuilder.php(1649): CodeIgniter\Database\BaseConnection->query('SELECT *\nFROM `...', Array, false)
#3 C:\xampp\htdocs\arpirantes\vendor\codeigniter4\settings\src\Handlers\DatabaseHandler.php(186): CodeIgniter\Database\BaseBuilder->get()
#4 C:\xampp\htdocs\arpirantes\vendor\codeigniter4\settings\src\Handlers\DatabaseHandler.php(51): CodeIgniter\Settings\Handlers\DatabaseHandler->hydrate(NULL)
#5 C:\xampp\htdocs\arpirantes\vendor\codeigniter4\settings\src\Settings.php(59): CodeIgniter\Settings\Handlers\DatabaseHandler->has('Config\\Auth', 'sessionConfig', NULL)
#6 C:\xampp\htdocs\arpirantes\vendor\codeigniter4\settings\src\Helpers\setting_helper.php(25): CodeIgniter\Settings\Settings->get('Auth.sessionCon...')
#7 C:\xampp\htdocs\arpirantes\vendor\codeigniter4\shield\src\Authentication\Authenticators\Session.php(685): setting('Auth.sessionCon...')
#8 C:\xampp\htdocs\arpirantes\vendor\codeigniter4\shield\src\Authentication\Authenticators\Session.php(703): CodeIgniter\Shield\Authentication\Authenticators\Session->getSessionUserInfo()
#9 C:\xampp\htdocs\arpirantes\vendor\codeigniter4\shield\src\Authentication\Authenticators\Session.php(390): CodeIgniter\Shield\Authentication\Authenticators\Session->getSessionUserKey('id')
#10 C:\xampp\htdocs\arpirantes\vendor\codeigniter4\shield\src\Authentication\Authenticators\Session.php(374): CodeIgniter\Shield\Authentication\Authenticators\Session->checkUserState()
#11 C:\xampp\htdocs\arpirantes\vendor\codeigniter4\shield\src\Auth.php(191): CodeIgniter\Shield\Authentication\Authenticators\Session->loggedIn()
#12 C:\xampp\htdocs\arpirantes\app\Controllers\Acceso.php(11): CodeIgniter\Shield\Auth->__call('loggedIn', Array)
#13 C:\xampp\htdocs\arpirantes\system\CodeIgniter.php(933): App\Controllers\Acceso->index()
#14 C:\xampp\htdocs\arpirantes\system\CodeIgniter.php(507): CodeIgniter\CodeIgniter->runController(Object(App\Controllers\Acceso))
#15 C:\xampp\htdocs\arpirantes\system\CodeIgniter.php(354): CodeIgniter\CodeIgniter->handleRequest(NULL, Object(Config\Cache), false)
#16 C:\xampp\htdocs\arpirantes\system\Boot.php(334): CodeIgniter\CodeIgniter->run()
#17 C:\xampp\htdocs\arpirantes\system\Boot.php(67): CodeIgniter\Boot::runCodeIgniter(Object(CodeIgniter\CodeIgniter))
#18 C:\xampp\htdocs\arpirantes\public\index.php(56): CodeIgniter\Boot::bootWeb(Object(Config\Paths))
#19 C:\xampp\htdocs\arpirantes\system\rewrite.php(44): require_once('C:\\xampp\\htdocs...')
#20 {main}
CRITICAL - 2025-06-14 13:07:25 --> CodeIgniter\Database\Exceptions\DatabaseException: Unable to connect to the database.
Main connection [MySQLi]: No se puede establecer una conexión ya que el equipo de destino denegó expresamente dicha conexión
[Method: GET, Route: /]
in SYSTEMPATH\Database\BaseConnection.php on line 467.
 1 SYSTEMPATH\Database\BaseConnection.php(620): CodeIgniter\Database\BaseConnection->initialize()
 2 SYSTEMPATH\Database\BaseBuilder.php(1649): CodeIgniter\Database\BaseConnection->query('SELECT *
FROM `settings`
WHERE `context` IS NULL', [], false)
 3 VENDORPATH\codeigniter4\settings\src\Handlers\DatabaseHandler.php(186): CodeIgniter\Database\BaseBuilder->get()
 4 VENDORPATH\codeigniter4\settings\src\Handlers\DatabaseHandler.php(51): CodeIgniter\Settings\Handlers\DatabaseHandler->hydrate(null)
 5 VENDORPATH\codeigniter4\settings\src\Settings.php(59): CodeIgniter\Settings\Handlers\DatabaseHandler->has('Config\\Auth', 'sessionConfig', null)
 6 VENDORPATH\codeigniter4\settings\src\Helpers\setting_helper.php(25): CodeIgniter\Settings\Settings->get('Auth.sessionConfig')
 7 VENDORPATH\codeigniter4\shield\src\Authentication\Authenticators\Session.php(685): setting('Auth.sessionConfig')
 8 VENDORPATH\codeigniter4\shield\src\Authentication\Authenticators\Session.php(703): CodeIgniter\Shield\Authentication\Authenticators\Session->getSessionUserInfo()
 9 VENDORPATH\codeigniter4\shield\src\Authentication\Authenticators\Session.php(390): CodeIgniter\Shield\Authentication\Authenticators\Session->getSessionUserKey('id')
10 VENDORPATH\codeigniter4\shield\src\Authentication\Authenticators\Session.php(374): CodeIgniter\Shield\Authentication\Authenticators\Session->checkUserState()
11 VENDORPATH\codeigniter4\shield\src\Auth.php(191): CodeIgniter\Shield\Authentication\Authenticators\Session->loggedIn()
12 APPPATH\Controllers\Acceso.php(11): CodeIgniter\Shield\Auth->__call('loggedIn', [])
13 SYSTEMPATH\CodeIgniter.php(933): App\Controllers\Acceso->index()
14 SYSTEMPATH\CodeIgniter.php(507): CodeIgniter\CodeIgniter->runController(Object(App\Controllers\Acceso))
15 SYSTEMPATH\CodeIgniter.php(354): CodeIgniter\CodeIgniter->handleRequest(null, Object(Config\Cache), false)
16 SYSTEMPATH\Boot.php(334): CodeIgniter\CodeIgniter->run()
17 SYSTEMPATH\Boot.php(67): CodeIgniter\Boot::runCodeIgniter(Object(CodeIgniter\CodeIgniter))
18 FCPATH\index.php(56): CodeIgniter\Boot::bootWeb(Object(Config\Paths))
19 SYSTEMPATH\rewrite.php(44): require_once('C:\\xampp\\htdocs\\arpirantes\\public\\index.php')
ERROR - 2025-06-14 13:53:57 --> Error connecting to the database: mysqli_sql_exception: No se puede establecer una conexión ya que el equipo de destino denegó expresamente dicha conexión in C:\xampp\htdocs\arpirantes\system\Database\MySQLi\Connection.php:201
Stack trace:
#0 C:\xampp\htdocs\arpirantes\system\Database\MySQLi\Connection.php(201): mysqli->real_connect('localhost', 'root', Object(SensitiveParameterValue), 'discere2', 3306, '', 0)
#1 C:\xampp\htdocs\arpirantes\system\Database\BaseConnection.php(421): CodeIgniter\Database\MySQLi\Connection->connect(false)
#2 C:\xampp\htdocs\arpirantes\system\Database\BaseConnection.php(620): CodeIgniter\Database\BaseConnection->initialize()
#3 C:\xampp\htdocs\arpirantes\system\Database\BaseBuilder.php(1649): CodeIgniter\Database\BaseConnection->query('SELECT *\nFROM `...', Array, false)
#4 C:\xampp\htdocs\arpirantes\vendor\codeigniter4\settings\src\Handlers\DatabaseHandler.php(186): CodeIgniter\Database\BaseBuilder->get()
#5 C:\xampp\htdocs\arpirantes\vendor\codeigniter4\settings\src\Handlers\DatabaseHandler.php(51): CodeIgniter\Settings\Handlers\DatabaseHandler->hydrate(NULL)
#6 C:\xampp\htdocs\arpirantes\vendor\codeigniter4\settings\src\Settings.php(59): CodeIgniter\Settings\Handlers\DatabaseHandler->has('Config\\Auth', 'sessionConfig', NULL)
#7 C:\xampp\htdocs\arpirantes\vendor\codeigniter4\settings\src\Helpers\setting_helper.php(25): CodeIgniter\Settings\Settings->get('Auth.sessionCon...')
#8 C:\xampp\htdocs\arpirantes\vendor\codeigniter4\shield\src\Authentication\Authenticators\Session.php(685): setting('Auth.sessionCon...')
#9 C:\xampp\htdocs\arpirantes\vendor\codeigniter4\shield\src\Authentication\Authenticators\Session.php(703): CodeIgniter\Shield\Authentication\Authenticators\Session->getSessionUserInfo()
#10 C:\xampp\htdocs\arpirantes\vendor\codeigniter4\shield\src\Authentication\Authenticators\Session.php(390): CodeIgniter\Shield\Authentication\Authenticators\Session->getSessionUserKey('id')
#11 C:\xampp\htdocs\arpirantes\vendor\codeigniter4\shield\src\Authentication\Authenticators\Session.php(374): CodeIgniter\Shield\Authentication\Authenticators\Session->checkUserState()
#12 C:\xampp\htdocs\arpirantes\vendor\codeigniter4\shield\src\Auth.php(191): CodeIgniter\Shield\Authentication\Authenticators\Session->loggedIn()
#13 C:\xampp\htdocs\arpirantes\app\Controllers\Acceso.php(82): CodeIgniter\Shield\Auth->__call('loggedIn', Array)
#14 C:\xampp\htdocs\arpirantes\system\CodeIgniter.php(933): App\Controllers\Acceso->encuesta_respondida()
#15 C:\xampp\htdocs\arpirantes\system\CodeIgniter.php(507): CodeIgniter\CodeIgniter->runController(Object(App\Controllers\Acceso))
#16 C:\xampp\htdocs\arpirantes\system\CodeIgniter.php(354): CodeIgniter\CodeIgniter->handleRequest(NULL, Object(Config\Cache), false)
#17 C:\xampp\htdocs\arpirantes\system\Boot.php(334): CodeIgniter\CodeIgniter->run()
#18 C:\xampp\htdocs\arpirantes\system\Boot.php(67): CodeIgniter\Boot::runCodeIgniter(Object(CodeIgniter\CodeIgniter))
#19 C:\xampp\htdocs\arpirantes\public\index.php(56): CodeIgniter\Boot::bootWeb(Object(Config\Paths))
#20 C:\xampp\htdocs\arpirantes\system\rewrite.php(44): require_once('C:\\xampp\\htdocs...')
#21 {main}

Next CodeIgniter\Database\Exceptions\DatabaseException: No se puede establecer una conexión ya que el equipo de destino denegó expresamente dicha conexión in C:\xampp\htdocs\arpirantes\system\Database\MySQLi\Connection.php:246
Stack trace:
#0 C:\xampp\htdocs\arpirantes\system\Database\BaseConnection.php(421): CodeIgniter\Database\MySQLi\Connection->connect(false)
#1 C:\xampp\htdocs\arpirantes\system\Database\BaseConnection.php(620): CodeIgniter\Database\BaseConnection->initialize()
#2 C:\xampp\htdocs\arpirantes\system\Database\BaseBuilder.php(1649): CodeIgniter\Database\BaseConnection->query('SELECT *\nFROM `...', Array, false)
#3 C:\xampp\htdocs\arpirantes\vendor\codeigniter4\settings\src\Handlers\DatabaseHandler.php(186): CodeIgniter\Database\BaseBuilder->get()
#4 C:\xampp\htdocs\arpirantes\vendor\codeigniter4\settings\src\Handlers\DatabaseHandler.php(51): CodeIgniter\Settings\Handlers\DatabaseHandler->hydrate(NULL)
#5 C:\xampp\htdocs\arpirantes\vendor\codeigniter4\settings\src\Settings.php(59): CodeIgniter\Settings\Handlers\DatabaseHandler->has('Config\\Auth', 'sessionConfig', NULL)
#6 C:\xampp\htdocs\arpirantes\vendor\codeigniter4\settings\src\Helpers\setting_helper.php(25): CodeIgniter\Settings\Settings->get('Auth.sessionCon...')
#7 C:\xampp\htdocs\arpirantes\vendor\codeigniter4\shield\src\Authentication\Authenticators\Session.php(685): setting('Auth.sessionCon...')
#8 C:\xampp\htdocs\arpirantes\vendor\codeigniter4\shield\src\Authentication\Authenticators\Session.php(703): CodeIgniter\Shield\Authentication\Authenticators\Session->getSessionUserInfo()
#9 C:\xampp\htdocs\arpirantes\vendor\codeigniter4\shield\src\Authentication\Authenticators\Session.php(390): CodeIgniter\Shield\Authentication\Authenticators\Session->getSessionUserKey('id')
#10 C:\xampp\htdocs\arpirantes\vendor\codeigniter4\shield\src\Authentication\Authenticators\Session.php(374): CodeIgniter\Shield\Authentication\Authenticators\Session->checkUserState()
#11 C:\xampp\htdocs\arpirantes\vendor\codeigniter4\shield\src\Auth.php(191): CodeIgniter\Shield\Authentication\Authenticators\Session->loggedIn()
#12 C:\xampp\htdocs\arpirantes\app\Controllers\Acceso.php(82): CodeIgniter\Shield\Auth->__call('loggedIn', Array)
#13 C:\xampp\htdocs\arpirantes\system\CodeIgniter.php(933): App\Controllers\Acceso->encuesta_respondida()
#14 C:\xampp\htdocs\arpirantes\system\CodeIgniter.php(507): CodeIgniter\CodeIgniter->runController(Object(App\Controllers\Acceso))
#15 C:\xampp\htdocs\arpirantes\system\CodeIgniter.php(354): CodeIgniter\CodeIgniter->handleRequest(NULL, Object(Config\Cache), false)
#16 C:\xampp\htdocs\arpirantes\system\Boot.php(334): CodeIgniter\CodeIgniter->run()
#17 C:\xampp\htdocs\arpirantes\system\Boot.php(67): CodeIgniter\Boot::runCodeIgniter(Object(CodeIgniter\CodeIgniter))
#18 C:\xampp\htdocs\arpirantes\public\index.php(56): CodeIgniter\Boot::bootWeb(Object(Config\Paths))
#19 C:\xampp\htdocs\arpirantes\system\rewrite.php(44): require_once('C:\\xampp\\htdocs...')
#20 {main}
CRITICAL - 2025-06-14 13:53:57 --> CodeIgniter\Database\Exceptions\DatabaseException: Unable to connect to the database.
Main connection [MySQLi]: No se puede establecer una conexión ya que el equipo de destino denegó expresamente dicha conexión
[Method: GET, Route: Acceso/respondida]
in SYSTEMPATH\Database\BaseConnection.php on line 467.
 1 SYSTEMPATH\Database\BaseConnection.php(620): CodeIgniter\Database\BaseConnection->initialize()
 2 SYSTEMPATH\Database\BaseBuilder.php(1649): CodeIgniter\Database\BaseConnection->query('SELECT *
FROM `settings`
WHERE `context` IS NULL', [], false)
 3 VENDORPATH\codeigniter4\settings\src\Handlers\DatabaseHandler.php(186): CodeIgniter\Database\BaseBuilder->get()
 4 VENDORPATH\codeigniter4\settings\src\Handlers\DatabaseHandler.php(51): CodeIgniter\Settings\Handlers\DatabaseHandler->hydrate(null)
 5 VENDORPATH\codeigniter4\settings\src\Settings.php(59): CodeIgniter\Settings\Handlers\DatabaseHandler->has('Config\\Auth', 'sessionConfig', null)
 6 VENDORPATH\codeigniter4\settings\src\Helpers\setting_helper.php(25): CodeIgniter\Settings\Settings->get('Auth.sessionConfig')
 7 VENDORPATH\codeigniter4\shield\src\Authentication\Authenticators\Session.php(685): setting('Auth.sessionConfig')
 8 VENDORPATH\codeigniter4\shield\src\Authentication\Authenticators\Session.php(703): CodeIgniter\Shield\Authentication\Authenticators\Session->getSessionUserInfo()
 9 VENDORPATH\codeigniter4\shield\src\Authentication\Authenticators\Session.php(390): CodeIgniter\Shield\Authentication\Authenticators\Session->getSessionUserKey('id')
10 VENDORPATH\codeigniter4\shield\src\Authentication\Authenticators\Session.php(374): CodeIgniter\Shield\Authentication\Authenticators\Session->checkUserState()
11 VENDORPATH\codeigniter4\shield\src\Auth.php(191): CodeIgniter\Shield\Authentication\Authenticators\Session->loggedIn()
12 APPPATH\Controllers\Acceso.php(82): CodeIgniter\Shield\Auth->__call('loggedIn', [])
13 SYSTEMPATH\CodeIgniter.php(933): App\Controllers\Acceso->encuesta_respondida()
14 SYSTEMPATH\CodeIgniter.php(507): CodeIgniter\CodeIgniter->runController(Object(App\Controllers\Acceso))
15 SYSTEMPATH\CodeIgniter.php(354): CodeIgniter\CodeIgniter->handleRequest(null, Object(Config\Cache), false)
16 SYSTEMPATH\Boot.php(334): CodeIgniter\CodeIgniter->run()
17 SYSTEMPATH\Boot.php(67): CodeIgniter\Boot::runCodeIgniter(Object(CodeIgniter\CodeIgniter))
18 FCPATH\index.php(56): CodeIgniter\Boot::bootWeb(Object(Config\Paths))
19 SYSTEMPATH\rewrite.php(44): require_once('C:\\xampp\\htdocs\\arpirantes\\public\\index.php')
ERROR - 2025-06-14 13:54:23 --> mysqli_sql_exception: MySQL server has gone away in C:\xampp\htdocs\arpirantes\system\Database\MySQLi\Connection.php:327
Stack trace:
#0 C:\xampp\htdocs\arpirantes\system\Database\MySQLi\Connection.php(327): mysqli->query('SELECT *\nFROM `...', 0)
#1 C:\xampp\htdocs\arpirantes\system\Database\BaseConnection.php(738): CodeIgniter\Database\MySQLi\Connection->execute('SELECT *\nFROM `...')
#2 C:\xampp\htdocs\arpirantes\system\Database\BaseConnection.php(652): CodeIgniter\Database\BaseConnection->simpleQuery('SELECT *\nFROM `...')
#3 C:\xampp\htdocs\arpirantes\system\Database\BaseBuilder.php(1649): CodeIgniter\Database\BaseConnection->query('SELECT *\nFROM `...', Array, false)
#4 C:\xampp\htdocs\arpirantes\vendor\codeigniter4\settings\src\Handlers\DatabaseHandler.php(186): CodeIgniter\Database\BaseBuilder->get()
#5 C:\xampp\htdocs\arpirantes\vendor\codeigniter4\settings\src\Handlers\DatabaseHandler.php(51): CodeIgniter\Settings\Handlers\DatabaseHandler->hydrate(NULL)
#6 C:\xampp\htdocs\arpirantes\vendor\codeigniter4\settings\src\Settings.php(59): CodeIgniter\Settings\Handlers\DatabaseHandler->has('Config\\Auth', 'sessionConfig', NULL)
#7 C:\xampp\htdocs\arpirantes\vendor\codeigniter4\settings\src\Helpers\setting_helper.php(25): CodeIgniter\Settings\Settings->get('Auth.sessionCon...')
#8 C:\xampp\htdocs\arpirantes\vendor\codeigniter4\shield\src\Authentication\Authenticators\Session.php(685): setting('Auth.sessionCon...')
#9 C:\xampp\htdocs\arpirantes\vendor\codeigniter4\shield\src\Authentication\Authenticators\Session.php(703): CodeIgniter\Shield\Authentication\Authenticators\Session->getSessionUserInfo()
#10 C:\xampp\htdocs\arpirantes\vendor\codeigniter4\shield\src\Authentication\Authenticators\Session.php(390): CodeIgniter\Shield\Authentication\Authenticators\Session->getSessionUserKey('id')
#11 C:\xampp\htdocs\arpirantes\vendor\codeigniter4\shield\src\Authentication\Authenticators\Session.php(374): CodeIgniter\Shield\Authentication\Authenticators\Session->checkUserState()
#12 C:\xampp\htdocs\arpirantes\vendor\codeigniter4\shield\src\Auth.php(191): CodeIgniter\Shield\Authentication\Authenticators\Session->loggedIn()
#13 C:\xampp\htdocs\arpirantes\app\Controllers\Acceso.php(82): CodeIgniter\Shield\Auth->__call('loggedIn', Array)
#14 C:\xampp\htdocs\arpirantes\system\CodeIgniter.php(933): App\Controllers\Acceso->encuesta_respondida()
#15 C:\xampp\htdocs\arpirantes\system\CodeIgniter.php(507): CodeIgniter\CodeIgniter->runController(Object(App\Controllers\Acceso))
#16 C:\xampp\htdocs\arpirantes\system\CodeIgniter.php(354): CodeIgniter\CodeIgniter->handleRequest(NULL, Object(Config\Cache), false)
#17 C:\xampp\htdocs\arpirantes\system\Boot.php(334): CodeIgniter\CodeIgniter->run()
#18 C:\xampp\htdocs\arpirantes\system\Boot.php(67): CodeIgniter\Boot::runCodeIgniter(Object(CodeIgniter\CodeIgniter))
#19 C:\xampp\htdocs\arpirantes\public\index.php(56): CodeIgniter\Boot::bootWeb(Object(Config\Paths))
#20 C:\xampp\htdocs\arpirantes\system\rewrite.php(44): require_once('C:\\xampp\\htdocs...')
#21 {main}
CRITICAL - 2025-06-14 13:54:23 --> CodeIgniter\Database\Exceptions\DatabaseException: MySQL server has gone away
[Method: GET, Route: Acceso/respondida]
in SYSTEMPATH\Database\BaseConnection.php on line 692.
 1 SYSTEMPATH\Database\BaseBuilder.php(1649): CodeIgniter\Database\BaseConnection->query('SELECT *
FROM `settings`
WHERE `context` IS NULL', [], false)
 2 VENDORPATH\codeigniter4\settings\src\Handlers\DatabaseHandler.php(186): CodeIgniter\Database\BaseBuilder->get()
 3 VENDORPATH\codeigniter4\settings\src\Handlers\DatabaseHandler.php(51): CodeIgniter\Settings\Handlers\DatabaseHandler->hydrate(null)
 4 VENDORPATH\codeigniter4\settings\src\Settings.php(59): CodeIgniter\Settings\Handlers\DatabaseHandler->has('Config\\Auth', 'sessionConfig', null)
 5 VENDORPATH\codeigniter4\settings\src\Helpers\setting_helper.php(25): CodeIgniter\Settings\Settings->get('Auth.sessionConfig')
 6 VENDORPATH\codeigniter4\shield\src\Authentication\Authenticators\Session.php(685): setting('Auth.sessionConfig')
 7 VENDORPATH\codeigniter4\shield\src\Authentication\Authenticators\Session.php(703): CodeIgniter\Shield\Authentication\Authenticators\Session->getSessionUserInfo()
 8 VENDORPATH\codeigniter4\shield\src\Authentication\Authenticators\Session.php(390): CodeIgniter\Shield\Authentication\Authenticators\Session->getSessionUserKey('id')
 9 VENDORPATH\codeigniter4\shield\src\Authentication\Authenticators\Session.php(374): CodeIgniter\Shield\Authentication\Authenticators\Session->checkUserState()
10 VENDORPATH\codeigniter4\shield\src\Auth.php(191): CodeIgniter\Shield\Authentication\Authenticators\Session->loggedIn()
11 APPPATH\Controllers\Acceso.php(82): CodeIgniter\Shield\Auth->__call('loggedIn', [])
12 SYSTEMPATH\CodeIgniter.php(933): App\Controllers\Acceso->encuesta_respondida()
13 SYSTEMPATH\CodeIgniter.php(507): CodeIgniter\CodeIgniter->runController(Object(App\Controllers\Acceso))
14 SYSTEMPATH\CodeIgniter.php(354): CodeIgniter\CodeIgniter->handleRequest(null, Object(Config\Cache), false)
15 SYSTEMPATH\Boot.php(334): CodeIgniter\CodeIgniter->run()
16 SYSTEMPATH\Boot.php(67): CodeIgniter\Boot::runCodeIgniter(Object(CodeIgniter\CodeIgniter))
17 FCPATH\index.php(56): CodeIgniter\Boot::bootWeb(Object(Config\Paths))
18 SYSTEMPATH\rewrite.php(44): require_once('C:\\xampp\\htdocs\\arpirantes\\public\\index.php')
CRITICAL - 2025-06-14 13:54:23 --> [Caused by] CodeIgniter\Database\Exceptions\DatabaseException: MySQL server has gone away
in SYSTEMPATH\Database\MySQLi\Connection.php on line 332.
 1 SYSTEMPATH\Database\BaseConnection.php(738): CodeIgniter\Database\MySQLi\Connection->execute('SELECT *
FROM `settings`
WHERE `context` IS NULL')
 2 SYSTEMPATH\Database\BaseConnection.php(652): CodeIgniter\Database\BaseConnection->simpleQuery('SELECT *
FROM `settings`
WHERE `context` IS NULL')
 3 SYSTEMPATH\Database\BaseBuilder.php(1649): CodeIgniter\Database\BaseConnection->query('SELECT *
FROM `settings`
WHERE `context` IS NULL', [], false)
 4 VENDORPATH\codeigniter4\settings\src\Handlers\DatabaseHandler.php(186): CodeIgniter\Database\BaseBuilder->get()
 5 VENDORPATH\codeigniter4\settings\src\Handlers\DatabaseHandler.php(51): CodeIgniter\Settings\Handlers\DatabaseHandler->hydrate(null)
 6 VENDORPATH\codeigniter4\settings\src\Settings.php(59): CodeIgniter\Settings\Handlers\DatabaseHandler->has('Config\\Auth', 'sessionConfig', null)
 7 VENDORPATH\codeigniter4\settings\src\Helpers\setting_helper.php(25): CodeIgniter\Settings\Settings->get('Auth.sessionConfig')
 8 VENDORPATH\codeigniter4\shield\src\Authentication\Authenticators\Session.php(685): setting('Auth.sessionConfig')
 9 VENDORPATH\codeigniter4\shield\src\Authentication\Authenticators\Session.php(703): CodeIgniter\Shield\Authentication\Authenticators\Session->getSessionUserInfo()
10 VENDORPATH\codeigniter4\shield\src\Authentication\Authenticators\Session.php(390): CodeIgniter\Shield\Authentication\Authenticators\Session->getSessionUserKey('id')
11 VENDORPATH\codeigniter4\shield\src\Authentication\Authenticators\Session.php(374): CodeIgniter\Shield\Authentication\Authenticators\Session->checkUserState()
12 VENDORPATH\codeigniter4\shield\src\Auth.php(191): CodeIgniter\Shield\Authentication\Authenticators\Session->loggedIn()
13 APPPATH\Controllers\Acceso.php(82): CodeIgniter\Shield\Auth->__call('loggedIn', [])
14 SYSTEMPATH\CodeIgniter.php(933): App\Controllers\Acceso->encuesta_respondida()
15 SYSTEMPATH\CodeIgniter.php(507): CodeIgniter\CodeIgniter->runController(Object(App\Controllers\Acceso))
16 SYSTEMPATH\CodeIgniter.php(354): CodeIgniter\CodeIgniter->handleRequest(null, Object(Config\Cache), false)
17 SYSTEMPATH\Boot.php(334): CodeIgniter\CodeIgniter->run()
18 SYSTEMPATH\Boot.php(67): CodeIgniter\Boot::runCodeIgniter(Object(CodeIgniter\CodeIgniter))
19 FCPATH\index.php(56): CodeIgniter\Boot::bootWeb(Object(Config\Paths))
20 SYSTEMPATH\rewrite.php(44): require_once('C:\\xampp\\htdocs\\arpirantes\\public\\index.php')
CRITICAL - 2025-06-14 13:54:23 --> [Caused by] mysqli_sql_exception: MySQL server has gone away
in SYSTEMPATH\Database\MySQLi\Connection.php on line 327.
 1 SYSTEMPATH\Database\MySQLi\Connection.php(327): mysqli->query('SELECT *
FROM `settings`
WHERE `context` IS NULL', 0)
 2 SYSTEMPATH\Database\BaseConnection.php(738): CodeIgniter\Database\MySQLi\Connection->execute('SELECT *
FROM `settings`
WHERE `context` IS NULL')
 3 SYSTEMPATH\Database\BaseConnection.php(652): CodeIgniter\Database\BaseConnection->simpleQuery('SELECT *
FROM `settings`
WHERE `context` IS NULL')
 4 SYSTEMPATH\Database\BaseBuilder.php(1649): CodeIgniter\Database\BaseConnection->query('SELECT *
FROM `settings`
WHERE `context` IS NULL', [], false)
 5 VENDORPATH\codeigniter4\settings\src\Handlers\DatabaseHandler.php(186): CodeIgniter\Database\BaseBuilder->get()
 6 VENDORPATH\codeigniter4\settings\src\Handlers\DatabaseHandler.php(51): CodeIgniter\Settings\Handlers\DatabaseHandler->hydrate(null)
 7 VENDORPATH\codeigniter4\settings\src\Settings.php(59): CodeIgniter\Settings\Handlers\DatabaseHandler->has('Config\\Auth', 'sessionConfig', null)
 8 VENDORPATH\codeigniter4\settings\src\Helpers\setting_helper.php(25): CodeIgniter\Settings\Settings->get('Auth.sessionConfig')
 9 VENDORPATH\codeigniter4\shield\src\Authentication\Authenticators\Session.php(685): setting('Auth.sessionConfig')
10 VENDORPATH\codeigniter4\shield\src\Authentication\Authenticators\Session.php(703): CodeIgniter\Shield\Authentication\Authenticators\Session->getSessionUserInfo()
11 VENDORPATH\codeigniter4\shield\src\Authentication\Authenticators\Session.php(390): CodeIgniter\Shield\Authentication\Authenticators\Session->getSessionUserKey('id')
12 VENDORPATH\codeigniter4\shield\src\Authentication\Authenticators\Session.php(374): CodeIgniter\Shield\Authentication\Authenticators\Session->checkUserState()
13 VENDORPATH\codeigniter4\shield\src\Auth.php(191): CodeIgniter\Shield\Authentication\Authenticators\Session->loggedIn()
14 APPPATH\Controllers\Acceso.php(82): CodeIgniter\Shield\Auth->__call('loggedIn', [])
15 SYSTEMPATH\CodeIgniter.php(933): App\Controllers\Acceso->encuesta_respondida()
16 SYSTEMPATH\CodeIgniter.php(507): CodeIgniter\CodeIgniter->runController(Object(App\Controllers\Acceso))
17 SYSTEMPATH\CodeIgniter.php(354): CodeIgniter\CodeIgniter->handleRequest(null, Object(Config\Cache), false)
18 SYSTEMPATH\Boot.php(334): CodeIgniter\CodeIgniter->run()
19 SYSTEMPATH\Boot.php(67): CodeIgniter\Boot::runCodeIgniter(Object(CodeIgniter\CodeIgniter))
20 FCPATH\index.php(56): CodeIgniter\Boot::bootWeb(Object(Config\Paths))
21 SYSTEMPATH\rewrite.php(44): require_once('C:\\xampp\\htdocs\\arpirantes\\public\\index.php')
CRITICAL - 2025-06-14 13:57:42 --> ErrorException: Undefined variable $aspirante
[Method: GET, Route: Acceso/respondida]
in APPPATH\Views\base\publico\encuesta_contestada.php on line 43.
 1 APPPATH\Views\base\publico\encuesta_contestada.php(43): CodeIgniter\Debug\Exceptions->errorHandler(2, 'Undefined variable $aspirante', 'C:\\xampp\\htdocs\\arpirantes\\app\\Views\\base\\publico\\encuesta_contestada.php', 43)
 2 SYSTEMPATH\View\View.php(224): include('C:\\xampp\\htdocs\\arpirantes\\app\\Views\\base\\publico\\encuesta_contestada.php')
 3 SYSTEMPATH\View\View.php(227): CodeIgniter\View\View->CodeIgniter\View\{closure}()
 4 SYSTEMPATH\Common.php(1173): CodeIgniter\View\View->render('base/publico/encuesta_contestada', [], true)
 5 APPPATH\Controllers\Acceso.php(90): view('base/publico/encuesta_contestada', [...])
 6 SYSTEMPATH\CodeIgniter.php(933): App\Controllers\Acceso->encuesta_respondida()
 7 SYSTEMPATH\CodeIgniter.php(507): CodeIgniter\CodeIgniter->runController(Object(App\Controllers\Acceso))
 8 SYSTEMPATH\CodeIgniter.php(354): CodeIgniter\CodeIgniter->handleRequest(null, Object(Config\Cache), false)
 9 SYSTEMPATH\Boot.php(334): CodeIgniter\CodeIgniter->run()
10 SYSTEMPATH\Boot.php(67): CodeIgniter\Boot::runCodeIgniter(Object(CodeIgniter\CodeIgniter))
11 FCPATH\index.php(56): CodeIgniter\Boot::bootWeb(Object(Config\Paths))
12 SYSTEMPATH\rewrite.php(44): require_once('C:\\xampp\\htdocs\\arpirantes\\public\\index.php')
CRITICAL - 2025-06-14 13:57:57 --> ErrorException: Undefined variable $aspirante
[Method: GET, Route: Acceso/respondida]
in APPPATH\Views\base\publico\encuesta_contestada.php on line 43.
 1 APPPATH\Views\base\publico\encuesta_contestada.php(43): CodeIgniter\Debug\Exceptions->errorHandler(2, 'Undefined variable $aspirante', 'C:\\xampp\\htdocs\\arpirantes\\app\\Views\\base\\publico\\encuesta_contestada.php', 43)
 2 SYSTEMPATH\View\View.php(224): include('C:\\xampp\\htdocs\\arpirantes\\app\\Views\\base\\publico\\encuesta_contestada.php')
 3 SYSTEMPATH\View\View.php(227): CodeIgniter\View\View->CodeIgniter\View\{closure}()
 4 SYSTEMPATH\Common.php(1173): CodeIgniter\View\View->render('base/publico/encuesta_contestada', [], true)
 5 APPPATH\Controllers\Acceso.php(90): view('base/publico/encuesta_contestada', [...])
 6 SYSTEMPATH\CodeIgniter.php(933): App\Controllers\Acceso->encuesta_respondida()
 7 SYSTEMPATH\CodeIgniter.php(507): CodeIgniter\CodeIgniter->runController(Object(App\Controllers\Acceso))
 8 SYSTEMPATH\CodeIgniter.php(354): CodeIgniter\CodeIgniter->handleRequest(null, Object(Config\Cache), false)
 9 SYSTEMPATH\Boot.php(334): CodeIgniter\CodeIgniter->run()
10 SYSTEMPATH\Boot.php(67): CodeIgniter\Boot::runCodeIgniter(Object(CodeIgniter\CodeIgniter))
11 FCPATH\index.php(56): CodeIgniter\Boot::bootWeb(Object(Config\Paths))
12 SYSTEMPATH\rewrite.php(44): require_once('C:\\xampp\\htdocs\\arpirantes\\public\\index.php')
CRITICAL - 2025-06-14 13:58:09 --> ErrorException: Undefined variable $aspirante
[Method: GET, Route: Acceso/respondida]
in APPPATH\Views\base\publico\encuesta_contestada.php on line 43.
 1 APPPATH\Views\base\publico\encuesta_contestada.php(43): CodeIgniter\Debug\Exceptions->errorHandler(2, 'Undefined variable $aspirante', 'C:\\xampp\\htdocs\\arpirantes\\app\\Views\\base\\publico\\encuesta_contestada.php', 43)
 2 SYSTEMPATH\View\View.php(224): include('C:\\xampp\\htdocs\\arpirantes\\app\\Views\\base\\publico\\encuesta_contestada.php')
 3 SYSTEMPATH\View\View.php(227): CodeIgniter\View\View->CodeIgniter\View\{closure}()
 4 SYSTEMPATH\Common.php(1173): CodeIgniter\View\View->render('base/publico/encuesta_contestada', [], true)
 5 APPPATH\Controllers\Acceso.php(90): view('base/publico/encuesta_contestada', [...])
 6 SYSTEMPATH\CodeIgniter.php(933): App\Controllers\Acceso->encuesta_respondida()
 7 SYSTEMPATH\CodeIgniter.php(507): CodeIgniter\CodeIgniter->runController(Object(App\Controllers\Acceso))
 8 SYSTEMPATH\CodeIgniter.php(354): CodeIgniter\CodeIgniter->handleRequest(null, Object(Config\Cache), false)
 9 SYSTEMPATH\Boot.php(334): CodeIgniter\CodeIgniter->run()
10 SYSTEMPATH\Boot.php(67): CodeIgniter\Boot::runCodeIgniter(Object(CodeIgniter\CodeIgniter))
11 FCPATH\index.php(56): CodeIgniter\Boot::bootWeb(Object(Config\Paths))
12 SYSTEMPATH\rewrite.php(44): require_once('C:\\xampp\\htdocs\\arpirantes\\public\\index.php')
CRITICAL - 2025-06-14 14:04:40 --> ErrorException: Undefined variable $aspirante
[Method: GET, Route: Acceso/respondida]
in APPPATH\Views\base\publico\encuesta_contestada.php on line 43.
 1 APPPATH\Views\base\publico\encuesta_contestada.php(43): CodeIgniter\Debug\Exceptions->errorHandler(2, 'Undefined variable $aspirante', 'C:\\xampp\\htdocs\\arpirantes\\app\\Views\\base\\publico\\encuesta_contestada.php', 43)
 2 SYSTEMPATH\View\View.php(224): include('C:\\xampp\\htdocs\\arpirantes\\app\\Views\\base\\publico\\encuesta_contestada.php')
 3 SYSTEMPATH\View\View.php(227): CodeIgniter\View\View->CodeIgniter\View\{closure}()
 4 SYSTEMPATH\Common.php(1173): CodeIgniter\View\View->render('base/publico/encuesta_contestada', [], true)
 5 APPPATH\Controllers\Acceso.php(90): view('base/publico/encuesta_contestada', [...])
 6 SYSTEMPATH\CodeIgniter.php(933): App\Controllers\Acceso->encuesta_respondida()
 7 SYSTEMPATH\CodeIgniter.php(507): CodeIgniter\CodeIgniter->runController(Object(App\Controllers\Acceso))
 8 SYSTEMPATH\CodeIgniter.php(354): CodeIgniter\CodeIgniter->handleRequest(null, Object(Config\Cache), false)
 9 SYSTEMPATH\Boot.php(334): CodeIgniter\CodeIgniter->run()
10 SYSTEMPATH\Boot.php(67): CodeIgniter\Boot::runCodeIgniter(Object(CodeIgniter\CodeIgniter))
11 FCPATH\index.php(56): CodeIgniter\Boot::bootWeb(Object(Config\Paths))
12 SYSTEMPATH\rewrite.php(44): require_once('C:\\xampp\\htdocs\\arpirantes\\public\\index.php')
CRITICAL - 2025-06-14 14:04:48 --> ErrorException: Undefined variable $aspirante
[Method: GET, Route: Acceso/respondida]
in APPPATH\Views\base\publico\encuesta_contestada.php on line 43.
 1 APPPATH\Views\base\publico\encuesta_contestada.php(43): CodeIgniter\Debug\Exceptions->errorHandler(2, 'Undefined variable $aspirante', 'C:\\xampp\\htdocs\\arpirantes\\app\\Views\\base\\publico\\encuesta_contestada.php', 43)
 2 SYSTEMPATH\View\View.php(224): include('C:\\xampp\\htdocs\\arpirantes\\app\\Views\\base\\publico\\encuesta_contestada.php')
 3 SYSTEMPATH\View\View.php(227): CodeIgniter\View\View->CodeIgniter\View\{closure}()
 4 SYSTEMPATH\Common.php(1173): CodeIgniter\View\View->render('base/publico/encuesta_contestada', [], true)
 5 APPPATH\Controllers\Acceso.php(90): view('base/publico/encuesta_contestada', [...])
 6 SYSTEMPATH\CodeIgniter.php(933): App\Controllers\Acceso->encuesta_respondida()
 7 SYSTEMPATH\CodeIgniter.php(507): CodeIgniter\CodeIgniter->runController(Object(App\Controllers\Acceso))
 8 SYSTEMPATH\CodeIgniter.php(354): CodeIgniter\CodeIgniter->handleRequest(null, Object(Config\Cache), false)
 9 SYSTEMPATH\Boot.php(334): CodeIgniter\CodeIgniter->run()
10 SYSTEMPATH\Boot.php(67): CodeIgniter\Boot::runCodeIgniter(Object(CodeIgniter\CodeIgniter))
11 FCPATH\index.php(56): CodeIgniter\Boot::bootWeb(Object(Config\Paths))
12 SYSTEMPATH\rewrite.php(44): require_once('C:\\xampp\\htdocs\\arpirantes\\public\\index.php')
CRITICAL - 2025-06-14 14:05:11 --> ErrorException: Undefined variable $aspirante
[Method: GET, Route: Acceso/respondida]
in APPPATH\Views\base\publico\encuesta_contestada.php on line 43.
 1 APPPATH\Views\base\publico\encuesta_contestada.php(43): CodeIgniter\Debug\Exceptions->errorHandler(2, 'Undefined variable $aspirante', 'C:\\xampp\\htdocs\\arpirantes\\app\\Views\\base\\publico\\encuesta_contestada.php', 43)
 2 SYSTEMPATH\View\View.php(224): include('C:\\xampp\\htdocs\\arpirantes\\app\\Views\\base\\publico\\encuesta_contestada.php')
 3 SYSTEMPATH\View\View.php(227): CodeIgniter\View\View->CodeIgniter\View\{closure}()
 4 SYSTEMPATH\Common.php(1173): CodeIgniter\View\View->render('base/publico/encuesta_contestada', [], true)
 5 APPPATH\Controllers\Acceso.php(90): view('base/publico/encuesta_contestada', [...])
 6 SYSTEMPATH\CodeIgniter.php(933): App\Controllers\Acceso->encuesta_respondida()
 7 SYSTEMPATH\CodeIgniter.php(507): CodeIgniter\CodeIgniter->runController(Object(App\Controllers\Acceso))
 8 SYSTEMPATH\CodeIgniter.php(354): CodeIgniter\CodeIgniter->handleRequest(null, Object(Config\Cache), false)
 9 SYSTEMPATH\Boot.php(334): CodeIgniter\CodeIgniter->run()
10 SYSTEMPATH\Boot.php(67): CodeIgniter\Boot::runCodeIgniter(Object(CodeIgniter\CodeIgniter))
11 FCPATH\index.php(56): CodeIgniter\Boot::bootWeb(Object(Config\Paths))
12 SYSTEMPATH\rewrite.php(44): require_once('C:\\xampp\\htdocs\\arpirantes\\public\\index.php')
CRITICAL - 2025-06-14 14:05:12 --> ErrorException: Undefined variable $aspirante
[Method: GET, Route: Acceso/respondida]
in APPPATH\Views\base\publico\encuesta_contestada.php on line 43.
 1 APPPATH\Views\base\publico\encuesta_contestada.php(43): CodeIgniter\Debug\Exceptions->errorHandler(2, 'Undefined variable $aspirante', 'C:\\xampp\\htdocs\\arpirantes\\app\\Views\\base\\publico\\encuesta_contestada.php', 43)
 2 SYSTEMPATH\View\View.php(224): include('C:\\xampp\\htdocs\\arpirantes\\app\\Views\\base\\publico\\encuesta_contestada.php')
 3 SYSTEMPATH\View\View.php(227): CodeIgniter\View\View->CodeIgniter\View\{closure}()
 4 SYSTEMPATH\Common.php(1173): CodeIgniter\View\View->render('base/publico/encuesta_contestada', [], true)
 5 APPPATH\Controllers\Acceso.php(90): view('base/publico/encuesta_contestada', [...])
 6 SYSTEMPATH\CodeIgniter.php(933): App\Controllers\Acceso->encuesta_respondida()
 7 SYSTEMPATH\CodeIgniter.php(507): CodeIgniter\CodeIgniter->runController(Object(App\Controllers\Acceso))
 8 SYSTEMPATH\CodeIgniter.php(354): CodeIgniter\CodeIgniter->handleRequest(null, Object(Config\Cache), false)
 9 SYSTEMPATH\Boot.php(334): CodeIgniter\CodeIgniter->run()
10 SYSTEMPATH\Boot.php(67): CodeIgniter\Boot::runCodeIgniter(Object(CodeIgniter\CodeIgniter))
11 FCPATH\index.php(56): CodeIgniter\Boot::bootWeb(Object(Config\Paths))
12 SYSTEMPATH\rewrite.php(44): require_once('C:\\xampp\\htdocs\\arpirantes\\public\\index.php')
CRITICAL - 2025-06-14 14:05:13 --> ErrorException: Undefined variable $aspirante
[Method: GET, Route: Acceso/respondida]
in APPPATH\Views\base\publico\encuesta_contestada.php on line 43.
 1 APPPATH\Views\base\publico\encuesta_contestada.php(43): CodeIgniter\Debug\Exceptions->errorHandler(2, 'Undefined variable $aspirante', 'C:\\xampp\\htdocs\\arpirantes\\app\\Views\\base\\publico\\encuesta_contestada.php', 43)
 2 SYSTEMPATH\View\View.php(224): include('C:\\xampp\\htdocs\\arpirantes\\app\\Views\\base\\publico\\encuesta_contestada.php')
 3 SYSTEMPATH\View\View.php(227): CodeIgniter\View\View->CodeIgniter\View\{closure}()
 4 SYSTEMPATH\Common.php(1173): CodeIgniter\View\View->render('base/publico/encuesta_contestada', [], true)
 5 APPPATH\Controllers\Acceso.php(90): view('base/publico/encuesta_contestada', [...])
 6 SYSTEMPATH\CodeIgniter.php(933): App\Controllers\Acceso->encuesta_respondida()
 7 SYSTEMPATH\CodeIgniter.php(507): CodeIgniter\CodeIgniter->runController(Object(App\Controllers\Acceso))
 8 SYSTEMPATH\CodeIgniter.php(354): CodeIgniter\CodeIgniter->handleRequest(null, Object(Config\Cache), false)
 9 SYSTEMPATH\Boot.php(334): CodeIgniter\CodeIgniter->run()
10 SYSTEMPATH\Boot.php(67): CodeIgniter\Boot::runCodeIgniter(Object(CodeIgniter\CodeIgniter))
11 FCPATH\index.php(56): CodeIgniter\Boot::bootWeb(Object(Config\Paths))
12 SYSTEMPATH\rewrite.php(44): require_once('C:\\xampp\\htdocs\\arpirantes\\public\\index.php')
CRITICAL - 2025-06-14 14:05:35 --> ErrorException: Undefined variable $aspirante
[Method: GET, Route: Acceso/respondida]
in APPPATH\Views\base\publico\encuesta_contestada.php on line 43.
 1 APPPATH\Views\base\publico\encuesta_contestada.php(43): CodeIgniter\Debug\Exceptions->errorHandler(2, 'Undefined variable $aspirante', 'C:\\xampp\\htdocs\\arpirantes\\app\\Views\\base\\publico\\encuesta_contestada.php', 43)
 2 SYSTEMPATH\View\View.php(224): include('C:\\xampp\\htdocs\\arpirantes\\app\\Views\\base\\publico\\encuesta_contestada.php')
 3 SYSTEMPATH\View\View.php(227): CodeIgniter\View\View->CodeIgniter\View\{closure}()
 4 SYSTEMPATH\Common.php(1173): CodeIgniter\View\View->render('base/publico/encuesta_contestada', [], true)
 5 APPPATH\Controllers\Acceso.php(90): view('base/publico/encuesta_contestada', [...])
 6 SYSTEMPATH\CodeIgniter.php(933): App\Controllers\Acceso->encuesta_respondida()
 7 SYSTEMPATH\CodeIgniter.php(507): CodeIgniter\CodeIgniter->runController(Object(App\Controllers\Acceso))
 8 SYSTEMPATH\CodeIgniter.php(354): CodeIgniter\CodeIgniter->handleRequest(null, Object(Config\Cache), false)
 9 SYSTEMPATH\Boot.php(334): CodeIgniter\CodeIgniter->run()
10 SYSTEMPATH\Boot.php(67): CodeIgniter\Boot::runCodeIgniter(Object(CodeIgniter\CodeIgniter))
11 FCPATH\index.php(56): CodeIgniter\Boot::bootWeb(Object(Config\Paths))
12 SYSTEMPATH\rewrite.php(44): require_once('C:\\xampp\\htdocs\\arpirantes\\public\\index.php')
CRITICAL - 2025-06-14 14:10:29 --> ErrorException: Undefined variable $estadoPreficha
[Method: GET, Route: Acceso/respondida]
in APPPATH\Views\base\publico\encuesta_contestada.php on line 43.
 1 APPPATH\Views\base\publico\encuesta_contestada.php(43): CodeIgniter\Debug\Exceptions->errorHandler(2, 'Undefined variable $estadoPreficha', 'C:\\xampp\\htdocs\\arpirantes\\app\\Views\\base\\publico\\encuesta_contestada.php', 43)
 2 SYSTEMPATH\View\View.php(224): include('C:\\xampp\\htdocs\\arpirantes\\app\\Views\\base\\publico\\encuesta_contestada.php')
 3 SYSTEMPATH\View\View.php(227): CodeIgniter\View\View->CodeIgniter\View\{closure}()
 4 SYSTEMPATH\Common.php(1173): CodeIgniter\View\View->render('base/publico/encuesta_contestada', [], true)
 5 APPPATH\Controllers\Acceso.php(90): view('base/publico/encuesta_contestada', [...])
 6 SYSTEMPATH\CodeIgniter.php(933): App\Controllers\Acceso->encuesta_respondida()
 7 SYSTEMPATH\CodeIgniter.php(507): CodeIgniter\CodeIgniter->runController(Object(App\Controllers\Acceso))
 8 SYSTEMPATH\CodeIgniter.php(354): CodeIgniter\CodeIgniter->handleRequest(null, Object(Config\Cache), false)
 9 SYSTEMPATH\Boot.php(334): CodeIgniter\CodeIgniter->run()
10 SYSTEMPATH\Boot.php(67): CodeIgniter\Boot::runCodeIgniter(Object(CodeIgniter\CodeIgniter))
11 FCPATH\index.php(56): CodeIgniter\Boot::bootWeb(Object(Config\Paths))
12 SYSTEMPATH\rewrite.php(44): require_once('C:\\xampp\\htdocs\\arpirantes\\public\\index.php')
CRITICAL - 2025-06-14 14:10:58 --> ErrorException: Undefined variable $estadoPreficha
[Method: GET, Route: Acceso/respondida]
in APPPATH\Views\base\publico\encuesta_contestada.php on line 43.
 1 APPPATH\Views\base\publico\encuesta_contestada.php(43): CodeIgniter\Debug\Exceptions->errorHandler(2, 'Undefined variable $estadoPreficha', 'C:\\xampp\\htdocs\\arpirantes\\app\\Views\\base\\publico\\encuesta_contestada.php', 43)
 2 SYSTEMPATH\View\View.php(224): include('C:\\xampp\\htdocs\\arpirantes\\app\\Views\\base\\publico\\encuesta_contestada.php')
 3 SYSTEMPATH\View\View.php(227): CodeIgniter\View\View->CodeIgniter\View\{closure}()
 4 SYSTEMPATH\Common.php(1173): CodeIgniter\View\View->render('base/publico/encuesta_contestada', [], true)
 5 APPPATH\Controllers\Acceso.php(90): view('base/publico/encuesta_contestada', [...])
 6 SYSTEMPATH\CodeIgniter.php(933): App\Controllers\Acceso->encuesta_respondida()
 7 SYSTEMPATH\CodeIgniter.php(507): CodeIgniter\CodeIgniter->runController(Object(App\Controllers\Acceso))
 8 SYSTEMPATH\CodeIgniter.php(354): CodeIgniter\CodeIgniter->handleRequest(null, Object(Config\Cache), false)
 9 SYSTEMPATH\Boot.php(334): CodeIgniter\CodeIgniter->run()
10 SYSTEMPATH\Boot.php(67): CodeIgniter\Boot::runCodeIgniter(Object(CodeIgniter\CodeIgniter))
11 FCPATH\index.php(56): CodeIgniter\Boot::bootWeb(Object(Config\Paths))
12 SYSTEMPATH\rewrite.php(44): require_once('C:\\xampp\\htdocs\\arpirantes\\public\\index.php')
CRITICAL - 2025-06-14 14:11:01 --> ErrorException: Undefined variable $estadoPreficha
[Method: GET, Route: Acceso/respondida]
in APPPATH\Views\base\publico\encuesta_contestada.php on line 43.
 1 APPPATH\Views\base\publico\encuesta_contestada.php(43): CodeIgniter\Debug\Exceptions->errorHandler(2, 'Undefined variable $estadoPreficha', 'C:\\xampp\\htdocs\\arpirantes\\app\\Views\\base\\publico\\encuesta_contestada.php', 43)
 2 SYSTEMPATH\View\View.php(224): include('C:\\xampp\\htdocs\\arpirantes\\app\\Views\\base\\publico\\encuesta_contestada.php')
 3 SYSTEMPATH\View\View.php(227): CodeIgniter\View\View->CodeIgniter\View\{closure}()
 4 SYSTEMPATH\Common.php(1173): CodeIgniter\View\View->render('base/publico/encuesta_contestada', [], true)
 5 APPPATH\Controllers\Acceso.php(90): view('base/publico/encuesta_contestada', [...])
 6 SYSTEMPATH\CodeIgniter.php(933): App\Controllers\Acceso->encuesta_respondida()
 7 SYSTEMPATH\CodeIgniter.php(507): CodeIgniter\CodeIgniter->runController(Object(App\Controllers\Acceso))
 8 SYSTEMPATH\CodeIgniter.php(354): CodeIgniter\CodeIgniter->handleRequest(null, Object(Config\Cache), false)
 9 SYSTEMPATH\Boot.php(334): CodeIgniter\CodeIgniter->run()
10 SYSTEMPATH\Boot.php(67): CodeIgniter\Boot::runCodeIgniter(Object(CodeIgniter\CodeIgniter))
11 FCPATH\index.php(56): CodeIgniter\Boot::bootWeb(Object(Config\Paths))
12 SYSTEMPATH\rewrite.php(44): require_once('C:\\xampp\\htdocs\\arpirantes\\public\\index.php')
CRITICAL - 2025-06-14 14:11:02 --> ErrorException: Undefined variable $estadoPreficha
[Method: GET, Route: Acceso/respondida]
in APPPATH\Views\base\publico\encuesta_contestada.php on line 43.
 1 APPPATH\Views\base\publico\encuesta_contestada.php(43): CodeIgniter\Debug\Exceptions->errorHandler(2, 'Undefined variable $estadoPreficha', 'C:\\xampp\\htdocs\\arpirantes\\app\\Views\\base\\publico\\encuesta_contestada.php', 43)
 2 SYSTEMPATH\View\View.php(224): include('C:\\xampp\\htdocs\\arpirantes\\app\\Views\\base\\publico\\encuesta_contestada.php')
 3 SYSTEMPATH\View\View.php(227): CodeIgniter\View\View->CodeIgniter\View\{closure}()
 4 SYSTEMPATH\Common.php(1173): CodeIgniter\View\View->render('base/publico/encuesta_contestada', [], true)
 5 APPPATH\Controllers\Acceso.php(90): view('base/publico/encuesta_contestada', [...])
 6 SYSTEMPATH\CodeIgniter.php(933): App\Controllers\Acceso->encuesta_respondida()
 7 SYSTEMPATH\CodeIgniter.php(507): CodeIgniter\CodeIgniter->runController(Object(App\Controllers\Acceso))
 8 SYSTEMPATH\CodeIgniter.php(354): CodeIgniter\CodeIgniter->handleRequest(null, Object(Config\Cache), false)
 9 SYSTEMPATH\Boot.php(334): CodeIgniter\CodeIgniter->run()
10 SYSTEMPATH\Boot.php(67): CodeIgniter\Boot::runCodeIgniter(Object(CodeIgniter\CodeIgniter))
11 FCPATH\index.php(56): CodeIgniter\Boot::bootWeb(Object(Config\Paths))
12 SYSTEMPATH\rewrite.php(44): require_once('C:\\xampp\\htdocs\\arpirantes\\public\\index.php')
CRITICAL - 2025-06-14 14:11:02 --> ErrorException: Undefined variable $estadoPreficha
[Method: GET, Route: Acceso/respondida]
in APPPATH\Views\base\publico\encuesta_contestada.php on line 43.
 1 APPPATH\Views\base\publico\encuesta_contestada.php(43): CodeIgniter\Debug\Exceptions->errorHandler(2, 'Undefined variable $estadoPreficha', 'C:\\xampp\\htdocs\\arpirantes\\app\\Views\\base\\publico\\encuesta_contestada.php', 43)
 2 SYSTEMPATH\View\View.php(224): include('C:\\xampp\\htdocs\\arpirantes\\app\\Views\\base\\publico\\encuesta_contestada.php')
 3 SYSTEMPATH\View\View.php(227): CodeIgniter\View\View->CodeIgniter\View\{closure}()
 4 SYSTEMPATH\Common.php(1173): CodeIgniter\View\View->render('base/publico/encuesta_contestada', [], true)
 5 APPPATH\Controllers\Acceso.php(90): view('base/publico/encuesta_contestada', [...])
 6 SYSTEMPATH\CodeIgniter.php(933): App\Controllers\Acceso->encuesta_respondida()
 7 SYSTEMPATH\CodeIgniter.php(507): CodeIgniter\CodeIgniter->runController(Object(App\Controllers\Acceso))
 8 SYSTEMPATH\CodeIgniter.php(354): CodeIgniter\CodeIgniter->handleRequest(null, Object(Config\Cache), false)
 9 SYSTEMPATH\Boot.php(334): CodeIgniter\CodeIgniter->run()
10 SYSTEMPATH\Boot.php(67): CodeIgniter\Boot::runCodeIgniter(Object(CodeIgniter\CodeIgniter))
11 FCPATH\index.php(56): CodeIgniter\Boot::bootWeb(Object(Config\Paths))
12 SYSTEMPATH\rewrite.php(44): require_once('C:\\xampp\\htdocs\\arpirantes\\public\\index.php')
CRITICAL - 2025-06-14 14:11:03 --> ErrorException: Undefined variable $estadoPreficha
[Method: GET, Route: Acceso/respondida]
in APPPATH\Views\base\publico\encuesta_contestada.php on line 43.
 1 APPPATH\Views\base\publico\encuesta_contestada.php(43): CodeIgniter\Debug\Exceptions->errorHandler(2, 'Undefined variable $estadoPreficha', 'C:\\xampp\\htdocs\\arpirantes\\app\\Views\\base\\publico\\encuesta_contestada.php', 43)
 2 SYSTEMPATH\View\View.php(224): include('C:\\xampp\\htdocs\\arpirantes\\app\\Views\\base\\publico\\encuesta_contestada.php')
 3 SYSTEMPATH\View\View.php(227): CodeIgniter\View\View->CodeIgniter\View\{closure}()
 4 SYSTEMPATH\Common.php(1173): CodeIgniter\View\View->render('base/publico/encuesta_contestada', [], true)
 5 APPPATH\Controllers\Acceso.php(90): view('base/publico/encuesta_contestada', [...])
 6 SYSTEMPATH\CodeIgniter.php(933): App\Controllers\Acceso->encuesta_respondida()
 7 SYSTEMPATH\CodeIgniter.php(507): CodeIgniter\CodeIgniter->runController(Object(App\Controllers\Acceso))
 8 SYSTEMPATH\CodeIgniter.php(354): CodeIgniter\CodeIgniter->handleRequest(null, Object(Config\Cache), false)
 9 SYSTEMPATH\Boot.php(334): CodeIgniter\CodeIgniter->run()
10 SYSTEMPATH\Boot.php(67): CodeIgniter\Boot::runCodeIgniter(Object(CodeIgniter\CodeIgniter))
11 FCPATH\index.php(56): CodeIgniter\Boot::bootWeb(Object(Config\Paths))
12 SYSTEMPATH\rewrite.php(44): require_once('C:\\xampp\\htdocs\\arpirantes\\public\\index.php')
CRITICAL - 2025-06-14 14:13:31 --> ErrorException: Undefined variable $estadoPreficha
[Method: GET, Route: Acceso/respondida]
in APPPATH\Views\base\publico\encuesta_contestada.php on line 43.
 1 APPPATH\Views\base\publico\encuesta_contestada.php(43): CodeIgniter\Debug\Exceptions->errorHandler(2, 'Undefined variable $estadoPreficha', 'C:\\xampp\\htdocs\\arpirantes\\app\\Views\\base\\publico\\encuesta_contestada.php', 43)
 2 SYSTEMPATH\View\View.php(224): include('C:\\xampp\\htdocs\\arpirantes\\app\\Views\\base\\publico\\encuesta_contestada.php')
 3 SYSTEMPATH\View\View.php(227): CodeIgniter\View\View->CodeIgniter\View\{closure}()
 4 SYSTEMPATH\Common.php(1173): CodeIgniter\View\View->render('base/publico/encuesta_contestada', [], true)
 5 APPPATH\Controllers\Acceso.php(90): view('base/publico/encuesta_contestada', [...])
 6 SYSTEMPATH\CodeIgniter.php(933): App\Controllers\Acceso->encuesta_respondida()
 7 SYSTEMPATH\CodeIgniter.php(507): CodeIgniter\CodeIgniter->runController(Object(App\Controllers\Acceso))
 8 SYSTEMPATH\CodeIgniter.php(354): CodeIgniter\CodeIgniter->handleRequest(null, Object(Config\Cache), false)
 9 SYSTEMPATH\Boot.php(334): CodeIgniter\CodeIgniter->run()
10 SYSTEMPATH\Boot.php(67): CodeIgniter\Boot::runCodeIgniter(Object(CodeIgniter\CodeIgniter))
11 FCPATH\index.php(56): CodeIgniter\Boot::bootWeb(Object(Config\Paths))
12 SYSTEMPATH\rewrite.php(44): require_once('C:\\xampp\\htdocs\\arpirantes\\public\\index.php')
CRITICAL - 2025-06-14 14:14:10 --> ErrorException: Undefined variable $estadoPreficha
[Method: GET, Route: Acceso/respondida]
in APPPATH\Views\base\publico\encuesta_contestada.php on line 43.
 1 APPPATH\Views\base\publico\encuesta_contestada.php(43): CodeIgniter\Debug\Exceptions->errorHandler(2, 'Undefined variable $estadoPreficha', 'C:\\xampp\\htdocs\\arpirantes\\app\\Views\\base\\publico\\encuesta_contestada.php', 43)
 2 SYSTEMPATH\View\View.php(224): include('C:\\xampp\\htdocs\\arpirantes\\app\\Views\\base\\publico\\encuesta_contestada.php')
 3 SYSTEMPATH\View\View.php(227): CodeIgniter\View\View->CodeIgniter\View\{closure}()
 4 SYSTEMPATH\Common.php(1173): CodeIgniter\View\View->render('base/publico/encuesta_contestada', [], true)
 5 APPPATH\Controllers\Acceso.php(90): view('base/publico/encuesta_contestada', [...])
 6 SYSTEMPATH\CodeIgniter.php(933): App\Controllers\Acceso->encuesta_respondida()
 7 SYSTEMPATH\CodeIgniter.php(507): CodeIgniter\CodeIgniter->runController(Object(App\Controllers\Acceso))
 8 SYSTEMPATH\CodeIgniter.php(354): CodeIgniter\CodeIgniter->handleRequest(null, Object(Config\Cache), false)
 9 SYSTEMPATH\Boot.php(334): CodeIgniter\CodeIgniter->run()
10 SYSTEMPATH\Boot.php(67): CodeIgniter\Boot::runCodeIgniter(Object(CodeIgniter\CodeIgniter))
11 FCPATH\index.php(56): CodeIgniter\Boot::bootWeb(Object(Config\Paths))
12 SYSTEMPATH\rewrite.php(44): require_once('C:\\xampp\\htdocs\\arpirantes\\public\\index.php')
CRITICAL - 2025-06-14 14:15:26 --> ErrorException: Undefined variable $estadoPreficha
[Method: GET, Route: Acceso/respondida]
in APPPATH\Views\base\publico\encuesta_contestada.php on line 43.
 1 APPPATH\Views\base\publico\encuesta_contestada.php(43): CodeIgniter\Debug\Exceptions->errorHandler(2, 'Undefined variable $estadoPreficha', 'C:\\xampp\\htdocs\\arpirantes\\app\\Views\\base\\publico\\encuesta_contestada.php', 43)
 2 SYSTEMPATH\View\View.php(224): include('C:\\xampp\\htdocs\\arpirantes\\app\\Views\\base\\publico\\encuesta_contestada.php')
 3 SYSTEMPATH\View\View.php(227): CodeIgniter\View\View->CodeIgniter\View\{closure}()
 4 SYSTEMPATH\Common.php(1173): CodeIgniter\View\View->render('base/publico/encuesta_contestada', [], true)
 5 APPPATH\Controllers\Acceso.php(90): view('base/publico/encuesta_contestada', [...])
 6 SYSTEMPATH\CodeIgniter.php(933): App\Controllers\Acceso->encuesta_respondida()
 7 SYSTEMPATH\CodeIgniter.php(507): CodeIgniter\CodeIgniter->runController(Object(App\Controllers\Acceso))
 8 SYSTEMPATH\CodeIgniter.php(354): CodeIgniter\CodeIgniter->handleRequest(null, Object(Config\Cache), false)
 9 SYSTEMPATH\Boot.php(334): CodeIgniter\CodeIgniter->run()
10 SYSTEMPATH\Boot.php(67): CodeIgniter\Boot::runCodeIgniter(Object(CodeIgniter\CodeIgniter))
11 FCPATH\index.php(56): CodeIgniter\Boot::bootWeb(Object(Config\Paths))
12 SYSTEMPATH\rewrite.php(44): require_once('C:\\xampp\\htdocs\\arpirantes\\public\\index.php')
CRITICAL - 2025-06-14 14:16:18 --> ErrorException: Undefined variable $estadoPreficha
[Method: GET, Route: Acceso/respondida]
in APPPATH\Views\base\publico\encuesta_contestada.php on line 43.
 1 APPPATH\Views\base\publico\encuesta_contestada.php(43): CodeIgniter\Debug\Exceptions->errorHandler(2, 'Undefined variable $estadoPreficha', 'C:\\xampp\\htdocs\\arpirantes\\app\\Views\\base\\publico\\encuesta_contestada.php', 43)
 2 SYSTEMPATH\View\View.php(224): include('C:\\xampp\\htdocs\\arpirantes\\app\\Views\\base\\publico\\encuesta_contestada.php')
 3 SYSTEMPATH\View\View.php(227): CodeIgniter\View\View->CodeIgniter\View\{closure}()
 4 SYSTEMPATH\Common.php(1173): CodeIgniter\View\View->render('base/publico/encuesta_contestada', [], true)
 5 APPPATH\Controllers\Acceso.php(90): view('base/publico/encuesta_contestada', [...])
 6 SYSTEMPATH\CodeIgniter.php(933): App\Controllers\Acceso->encuesta_respondida()
 7 SYSTEMPATH\CodeIgniter.php(507): CodeIgniter\CodeIgniter->runController(Object(App\Controllers\Acceso))
 8 SYSTEMPATH\CodeIgniter.php(354): CodeIgniter\CodeIgniter->handleRequest(null, Object(Config\Cache), false)
 9 SYSTEMPATH\Boot.php(334): CodeIgniter\CodeIgniter->run()
10 SYSTEMPATH\Boot.php(67): CodeIgniter\Boot::runCodeIgniter(Object(CodeIgniter\CodeIgniter))
11 FCPATH\index.php(56): CodeIgniter\Boot::bootWeb(Object(Config\Paths))
12 SYSTEMPATH\rewrite.php(44): require_once('C:\\xampp\\htdocs\\arpirantes\\public\\index.php')
CRITICAL - 2025-06-14 14:16:32 --> ErrorException: Undefined variable $estadoPreficha
[Method: GET, Route: Acceso/respondida]
in APPPATH\Views\base\publico\encuesta_contestada.php on line 43.
 1 APPPATH\Views\base\publico\encuesta_contestada.php(43): CodeIgniter\Debug\Exceptions->errorHandler(2, 'Undefined variable $estadoPreficha', 'C:\\xampp\\htdocs\\arpirantes\\app\\Views\\base\\publico\\encuesta_contestada.php', 43)
 2 SYSTEMPATH\View\View.php(224): include('C:\\xampp\\htdocs\\arpirantes\\app\\Views\\base\\publico\\encuesta_contestada.php')
 3 SYSTEMPATH\View\View.php(227): CodeIgniter\View\View->CodeIgniter\View\{closure}()
 4 SYSTEMPATH\Common.php(1173): CodeIgniter\View\View->render('base/publico/encuesta_contestada', [], true)
 5 APPPATH\Controllers\Acceso.php(90): view('base/publico/encuesta_contestada', [...])
 6 SYSTEMPATH\CodeIgniter.php(933): App\Controllers\Acceso->encuesta_respondida()
 7 SYSTEMPATH\CodeIgniter.php(507): CodeIgniter\CodeIgniter->runController(Object(App\Controllers\Acceso))
 8 SYSTEMPATH\CodeIgniter.php(354): CodeIgniter\CodeIgniter->handleRequest(null, Object(Config\Cache), false)
 9 SYSTEMPATH\Boot.php(334): CodeIgniter\CodeIgniter->run()
10 SYSTEMPATH\Boot.php(67): CodeIgniter\Boot::runCodeIgniter(Object(CodeIgniter\CodeIgniter))
11 FCPATH\index.php(56): CodeIgniter\Boot::bootWeb(Object(Config\Paths))
12 SYSTEMPATH\rewrite.php(44): require_once('C:\\xampp\\htdocs\\arpirantes\\public\\index.php')
CRITICAL - 2025-06-14 14:16:52 --> ErrorException: Undefined variable $estadoPreficha
[Method: GET, Route: Acceso/respondida]
in APPPATH\Views\base\publico\encuesta_contestada.php on line 43.
 1 APPPATH\Views\base\publico\encuesta_contestada.php(43): CodeIgniter\Debug\Exceptions->errorHandler(2, 'Undefined variable $estadoPreficha', 'C:\\xampp\\htdocs\\arpirantes\\app\\Views\\base\\publico\\encuesta_contestada.php', 43)
 2 SYSTEMPATH\View\View.php(224): include('C:\\xampp\\htdocs\\arpirantes\\app\\Views\\base\\publico\\encuesta_contestada.php')
 3 SYSTEMPATH\View\View.php(227): CodeIgniter\View\View->CodeIgniter\View\{closure}()
 4 SYSTEMPATH\Common.php(1173): CodeIgniter\View\View->render('base/publico/encuesta_contestada', [], true)
 5 APPPATH\Controllers\Acceso.php(90): view('base/publico/encuesta_contestada', [...])
 6 SYSTEMPATH\CodeIgniter.php(933): App\Controllers\Acceso->encuesta_respondida()
 7 SYSTEMPATH\CodeIgniter.php(507): CodeIgniter\CodeIgniter->runController(Object(App\Controllers\Acceso))
 8 SYSTEMPATH\CodeIgniter.php(354): CodeIgniter\CodeIgniter->handleRequest(null, Object(Config\Cache), false)
 9 SYSTEMPATH\Boot.php(334): CodeIgniter\CodeIgniter->run()
10 SYSTEMPATH\Boot.php(67): CodeIgniter\Boot::runCodeIgniter(Object(CodeIgniter\CodeIgniter))
11 FCPATH\index.php(56): CodeIgniter\Boot::bootWeb(Object(Config\Paths))
12 SYSTEMPATH\rewrite.php(44): require_once('C:\\xampp\\htdocs\\arpirantes\\public\\index.php')
CRITICAL - 2025-06-14 14:17:23 --> ErrorException: Undefined variable $estadoPreficha
[Method: GET, Route: Acceso/respondida]
in APPPATH\Views\base\publico\encuesta_contestada.php on line 43.
 1 APPPATH\Views\base\publico\encuesta_contestada.php(43): CodeIgniter\Debug\Exceptions->errorHandler(2, 'Undefined variable $estadoPreficha', 'C:\\xampp\\htdocs\\arpirantes\\app\\Views\\base\\publico\\encuesta_contestada.php', 43)
 2 SYSTEMPATH\View\View.php(224): include('C:\\xampp\\htdocs\\arpirantes\\app\\Views\\base\\publico\\encuesta_contestada.php')
 3 SYSTEMPATH\View\View.php(227): CodeIgniter\View\View->CodeIgniter\View\{closure}()
 4 SYSTEMPATH\Common.php(1173): CodeIgniter\View\View->render('base/publico/encuesta_contestada', [], true)
 5 APPPATH\Controllers\Acceso.php(90): view('base/publico/encuesta_contestada', [...])
 6 SYSTEMPATH\CodeIgniter.php(933): App\Controllers\Acceso->encuesta_respondida()
 7 SYSTEMPATH\CodeIgniter.php(507): CodeIgniter\CodeIgniter->runController(Object(App\Controllers\Acceso))
 8 SYSTEMPATH\CodeIgniter.php(354): CodeIgniter\CodeIgniter->handleRequest(null, Object(Config\Cache), false)
 9 SYSTEMPATH\Boot.php(334): CodeIgniter\CodeIgniter->run()
10 SYSTEMPATH\Boot.php(67): CodeIgniter\Boot::runCodeIgniter(Object(CodeIgniter\CodeIgniter))
11 FCPATH\index.php(56): CodeIgniter\Boot::bootWeb(Object(Config\Paths))
12 SYSTEMPATH\rewrite.php(44): require_once('C:\\xampp\\htdocs\\arpirantes\\public\\index.php')
CRITICAL - 2025-06-14 14:18:58 --> ErrorException: Undefined variable $estadoPreficha
[Method: GET, Route: Acceso/respondida]
in APPPATH\Views\base\publico\encuesta_contestada.php on line 43.
 1 APPPATH\Views\base\publico\encuesta_contestada.php(43): CodeIgniter\Debug\Exceptions->errorHandler(2, 'Undefined variable $estadoPreficha', 'C:\\xampp\\htdocs\\arpirantes\\app\\Views\\base\\publico\\encuesta_contestada.php', 43)
 2 SYSTEMPATH\View\View.php(224): include('C:\\xampp\\htdocs\\arpirantes\\app\\Views\\base\\publico\\encuesta_contestada.php')
 3 SYSTEMPATH\View\View.php(227): CodeIgniter\View\View->CodeIgniter\View\{closure}()
 4 SYSTEMPATH\Common.php(1173): CodeIgniter\View\View->render('base/publico/encuesta_contestada', [], true)
 5 APPPATH\Controllers\Acceso.php(90): view('base/publico/encuesta_contestada', [...])
 6 SYSTEMPATH\CodeIgniter.php(933): App\Controllers\Acceso->encuesta_respondida()
 7 SYSTEMPATH\CodeIgniter.php(507): CodeIgniter\CodeIgniter->runController(Object(App\Controllers\Acceso))
 8 SYSTEMPATH\CodeIgniter.php(354): CodeIgniter\CodeIgniter->handleRequest(null, Object(Config\Cache), false)
 9 SYSTEMPATH\Boot.php(334): CodeIgniter\CodeIgniter->run()
10 SYSTEMPATH\Boot.php(67): CodeIgniter\Boot::runCodeIgniter(Object(CodeIgniter\CodeIgniter))
11 FCPATH\index.php(56): CodeIgniter\Boot::bootWeb(Object(Config\Paths))
12 SYSTEMPATH\rewrite.php(44): require_once('C:\\xampp\\htdocs\\arpirantes\\public\\index.php')
CRITICAL - 2025-06-14 14:19:00 --> ErrorException: Undefined variable $estadoPreficha
[Method: GET, Route: Acceso/respondida]
in APPPATH\Views\base\publico\encuesta_contestada.php on line 43.
 1 APPPATH\Views\base\publico\encuesta_contestada.php(43): CodeIgniter\Debug\Exceptions->errorHandler(2, 'Undefined variable $estadoPreficha', 'C:\\xampp\\htdocs\\arpirantes\\app\\Views\\base\\publico\\encuesta_contestada.php', 43)
 2 SYSTEMPATH\View\View.php(224): include('C:\\xampp\\htdocs\\arpirantes\\app\\Views\\base\\publico\\encuesta_contestada.php')
 3 SYSTEMPATH\View\View.php(227): CodeIgniter\View\View->CodeIgniter\View\{closure}()
 4 SYSTEMPATH\Common.php(1173): CodeIgniter\View\View->render('base/publico/encuesta_contestada', [], true)
 5 APPPATH\Controllers\Acceso.php(90): view('base/publico/encuesta_contestada', [...])
 6 SYSTEMPATH\CodeIgniter.php(933): App\Controllers\Acceso->encuesta_respondida()
 7 SYSTEMPATH\CodeIgniter.php(507): CodeIgniter\CodeIgniter->runController(Object(App\Controllers\Acceso))
 8 SYSTEMPATH\CodeIgniter.php(354): CodeIgniter\CodeIgniter->handleRequest(null, Object(Config\Cache), false)
 9 SYSTEMPATH\Boot.php(334): CodeIgniter\CodeIgniter->run()
10 SYSTEMPATH\Boot.php(67): CodeIgniter\Boot::runCodeIgniter(Object(CodeIgniter\CodeIgniter))
11 FCPATH\index.php(56): CodeIgniter\Boot::bootWeb(Object(Config\Paths))
12 SYSTEMPATH\rewrite.php(44): require_once('C:\\xampp\\htdocs\\arpirantes\\public\\index.php')
CRITICAL - 2025-06-14 14:19:02 --> ErrorException: Undefined variable $estadoPreficha
[Method: GET, Route: Acceso/respondida]
in APPPATH\Views\base\publico\encuesta_contestada.php on line 43.
 1 APPPATH\Views\base\publico\encuesta_contestada.php(43): CodeIgniter\Debug\Exceptions->errorHandler(2, 'Undefined variable $estadoPreficha', 'C:\\xampp\\htdocs\\arpirantes\\app\\Views\\base\\publico\\encuesta_contestada.php', 43)
 2 SYSTEMPATH\View\View.php(224): include('C:\\xampp\\htdocs\\arpirantes\\app\\Views\\base\\publico\\encuesta_contestada.php')
 3 SYSTEMPATH\View\View.php(227): CodeIgniter\View\View->CodeIgniter\View\{closure}()
 4 SYSTEMPATH\Common.php(1173): CodeIgniter\View\View->render('base/publico/encuesta_contestada', [], true)
 5 APPPATH\Controllers\Acceso.php(90): view('base/publico/encuesta_contestada', [...])
 6 SYSTEMPATH\CodeIgniter.php(933): App\Controllers\Acceso->encuesta_respondida()
 7 SYSTEMPATH\CodeIgniter.php(507): CodeIgniter\CodeIgniter->runController(Object(App\Controllers\Acceso))
 8 SYSTEMPATH\CodeIgniter.php(354): CodeIgniter\CodeIgniter->handleRequest(null, Object(Config\Cache), false)
 9 SYSTEMPATH\Boot.php(334): CodeIgniter\CodeIgniter->run()
10 SYSTEMPATH\Boot.php(67): CodeIgniter\Boot::runCodeIgniter(Object(CodeIgniter\CodeIgniter))
11 FCPATH\index.php(56): CodeIgniter\Boot::bootWeb(Object(Config\Paths))
12 SYSTEMPATH\rewrite.php(44): require_once('C:\\xampp\\htdocs\\arpirantes\\public\\index.php')
CRITICAL - 2025-06-14 14:19:59 --> ErrorException: Undefined variable $estadoPreficha
[Method: GET, Route: Acceso/respondida]
in APPPATH\Views\base\publico\encuesta_contestada.php on line 43.
 1 APPPATH\Views\base\publico\encuesta_contestada.php(43): CodeIgniter\Debug\Exceptions->errorHandler(2, 'Undefined variable $estadoPreficha', 'C:\\xampp\\htdocs\\arpirantes\\app\\Views\\base\\publico\\encuesta_contestada.php', 43)
 2 SYSTEMPATH\View\View.php(224): include('C:\\xampp\\htdocs\\arpirantes\\app\\Views\\base\\publico\\encuesta_contestada.php')
 3 SYSTEMPATH\View\View.php(227): CodeIgniter\View\View->CodeIgniter\View\{closure}()
 4 SYSTEMPATH\Common.php(1173): CodeIgniter\View\View->render('base/publico/encuesta_contestada', [], true)
 5 APPPATH\Controllers\Acceso.php(90): view('base/publico/encuesta_contestada', [...])
 6 SYSTEMPATH\CodeIgniter.php(933): App\Controllers\Acceso->encuesta_respondida()
 7 SYSTEMPATH\CodeIgniter.php(507): CodeIgniter\CodeIgniter->runController(Object(App\Controllers\Acceso))
 8 SYSTEMPATH\CodeIgniter.php(354): CodeIgniter\CodeIgniter->handleRequest(null, Object(Config\Cache), false)
 9 SYSTEMPATH\Boot.php(334): CodeIgniter\CodeIgniter->run()
10 SYSTEMPATH\Boot.php(67): CodeIgniter\Boot::runCodeIgniter(Object(CodeIgniter\CodeIgniter))
11 FCPATH\index.php(56): CodeIgniter\Boot::bootWeb(Object(Config\Paths))
12 SYSTEMPATH\rewrite.php(44): require_once('C:\\xampp\\htdocs\\arpirantes\\public\\index.php')
CRITICAL - 2025-06-14 14:38:43 --> ErrorException: Undefined variable $estadoPreficha
[Method: GET, Route: Acceso/respondida]
in APPPATH\Views\base\publico\encuesta_contestada.php on line 43.
 1 APPPATH\Views\base\publico\encuesta_contestada.php(43): CodeIgniter\Debug\Exceptions->errorHandler(2, 'Undefined variable $estadoPreficha', 'C:\\xampp\\htdocs\\arpirantes\\app\\Views\\base\\publico\\encuesta_contestada.php', 43)
 2 SYSTEMPATH\View\View.php(224): include('C:\\xampp\\htdocs\\arpirantes\\app\\Views\\base\\publico\\encuesta_contestada.php')
 3 SYSTEMPATH\View\View.php(227): CodeIgniter\View\View->CodeIgniter\View\{closure}()
 4 SYSTEMPATH\Common.php(1173): CodeIgniter\View\View->render('base/publico/encuesta_contestada', [], true)
 5 APPPATH\Controllers\Acceso.php(90): view('base/publico/encuesta_contestada', [...])
 6 SYSTEMPATH\CodeIgniter.php(933): App\Controllers\Acceso->encuesta_respondida()
 7 SYSTEMPATH\CodeIgniter.php(507): CodeIgniter\CodeIgniter->runController(Object(App\Controllers\Acceso))
 8 SYSTEMPATH\CodeIgniter.php(354): CodeIgniter\CodeIgniter->handleRequest(null, Object(Config\Cache), false)
 9 SYSTEMPATH\Boot.php(334): CodeIgniter\CodeIgniter->run()
10 SYSTEMPATH\Boot.php(67): CodeIgniter\Boot::runCodeIgniter(Object(CodeIgniter\CodeIgniter))
11 FCPATH\index.php(56): CodeIgniter\Boot::bootWeb(Object(Config\Paths))
12 SYSTEMPATH\rewrite.php(44): require_once('C:\\xampp\\htdocs\\arpirantes\\public\\index.php')
CRITICAL - 2025-06-14 14:41:25 --> ErrorException: Undefined variable $estadoPreficha
[Method: GET, Route: Acceso/respondida]
in APPPATH\Views\base\publico\encuesta_contestada.php on line 43.
 1 APPPATH\Views\base\publico\encuesta_contestada.php(43): CodeIgniter\Debug\Exceptions->errorHandler(2, 'Undefined variable $estadoPreficha', 'C:\\xampp\\htdocs\\arpirantes\\app\\Views\\base\\publico\\encuesta_contestada.php', 43)
 2 SYSTEMPATH\View\View.php(224): include('C:\\xampp\\htdocs\\arpirantes\\app\\Views\\base\\publico\\encuesta_contestada.php')
 3 SYSTEMPATH\View\View.php(227): CodeIgniter\View\View->CodeIgniter\View\{closure}()
 4 SYSTEMPATH\Common.php(1173): CodeIgniter\View\View->render('base/publico/encuesta_contestada', [], true)
 5 APPPATH\Controllers\Acceso.php(90): view('base/publico/encuesta_contestada', [...])
 6 SYSTEMPATH\CodeIgniter.php(933): App\Controllers\Acceso->encuesta_respondida()
 7 SYSTEMPATH\CodeIgniter.php(507): CodeIgniter\CodeIgniter->runController(Object(App\Controllers\Acceso))
 8 SYSTEMPATH\CodeIgniter.php(354): CodeIgniter\CodeIgniter->handleRequest(null, Object(Config\Cache), false)
 9 SYSTEMPATH\Boot.php(334): CodeIgniter\CodeIgniter->run()
10 SYSTEMPATH\Boot.php(67): CodeIgniter\Boot::runCodeIgniter(Object(CodeIgniter\CodeIgniter))
11 FCPATH\index.php(56): CodeIgniter\Boot::bootWeb(Object(Config\Paths))
12 SYSTEMPATH\rewrite.php(44): require_once('C:\\xampp\\htdocs\\arpirantes\\public\\index.php')
CRITICAL - 2025-06-14 14:44:30 --> ErrorException: Undefined variable $estadoPreficha
[Method: GET, Route: Acceso/respondida]
in APPPATH\Views\base\publico\encuesta_contestada.php on line 43.
 1 APPPATH\Views\base\publico\encuesta_contestada.php(43): CodeIgniter\Debug\Exceptions->errorHandler(2, 'Undefined variable $estadoPreficha', 'C:\\xampp\\htdocs\\arpirantes\\app\\Views\\base\\publico\\encuesta_contestada.php', 43)
 2 SYSTEMPATH\View\View.php(224): include('C:\\xampp\\htdocs\\arpirantes\\app\\Views\\base\\publico\\encuesta_contestada.php')
 3 SYSTEMPATH\View\View.php(227): CodeIgniter\View\View->CodeIgniter\View\{closure}()
 4 SYSTEMPATH\Common.php(1173): CodeIgniter\View\View->render('base/publico/encuesta_contestada', [], true)
 5 APPPATH\Controllers\Acceso.php(90): view('base/publico/encuesta_contestada', [...])
 6 SYSTEMPATH\CodeIgniter.php(933): App\Controllers\Acceso->encuesta_respondida()
 7 SYSTEMPATH\CodeIgniter.php(507): CodeIgniter\CodeIgniter->runController(Object(App\Controllers\Acceso))
 8 SYSTEMPATH\CodeIgniter.php(354): CodeIgniter\CodeIgniter->handleRequest(null, Object(Config\Cache), false)
 9 SYSTEMPATH\Boot.php(334): CodeIgniter\CodeIgniter->run()
10 SYSTEMPATH\Boot.php(67): CodeIgniter\Boot::runCodeIgniter(Object(CodeIgniter\CodeIgniter))
11 FCPATH\index.php(56): CodeIgniter\Boot::bootWeb(Object(Config\Paths))
12 SYSTEMPATH\rewrite.php(44): require_once('C:\\xampp\\htdocs\\arpirantes\\public\\index.php')
CRITICAL - 2025-06-14 14:47:06 --> ErrorException: Undefined variable $estadoPreficha
[Method: GET, Route: Acceso/respondida]
in APPPATH\Views\base\publico\encuesta_contestada.php on line 43.
 1 APPPATH\Views\base\publico\encuesta_contestada.php(43): CodeIgniter\Debug\Exceptions->errorHandler(2, 'Undefined variable $estadoPreficha', 'C:\\xampp\\htdocs\\arpirantes\\app\\Views\\base\\publico\\encuesta_contestada.php', 43)
 2 SYSTEMPATH\View\View.php(224): include('C:\\xampp\\htdocs\\arpirantes\\app\\Views\\base\\publico\\encuesta_contestada.php')
 3 SYSTEMPATH\View\View.php(227): CodeIgniter\View\View->CodeIgniter\View\{closure}()
 4 SYSTEMPATH\Common.php(1173): CodeIgniter\View\View->render('base/publico/encuesta_contestada', [], true)
 5 APPPATH\Controllers\Acceso.php(90): view('base/publico/encuesta_contestada', [...])
 6 SYSTEMPATH\CodeIgniter.php(933): App\Controllers\Acceso->encuesta_respondida()
 7 SYSTEMPATH\CodeIgniter.php(507): CodeIgniter\CodeIgniter->runController(Object(App\Controllers\Acceso))
 8 SYSTEMPATH\CodeIgniter.php(354): CodeIgniter\CodeIgniter->handleRequest(null, Object(Config\Cache), false)
 9 SYSTEMPATH\Boot.php(334): CodeIgniter\CodeIgniter->run()
10 SYSTEMPATH\Boot.php(67): CodeIgniter\Boot::runCodeIgniter(Object(CodeIgniter\CodeIgniter))
11 FCPATH\index.php(56): CodeIgniter\Boot::bootWeb(Object(Config\Paths))
12 SYSTEMPATH\rewrite.php(44): require_once('C:\\xampp\\htdocs\\arpirantes\\public\\index.php')
CRITICAL - 2025-06-14 17:19:11 --> CodeIgniter\View\Exceptions\ViewException: Invalid file: "convocatorias/crear_convocatoria.php"
[Method: GET, Route: convocatoria/crear]
in SYSTEMPATH\Exceptions\FrameworkException.php on line 39.
 1 SYSTEMPATH\View\View.php(212): CodeIgniter\Exceptions\FrameworkException::forInvalidFile('convocatorias/crear_convocatoria.php')
 2 SYSTEMPATH\Common.php(1173): CodeIgniter\View\View->render('convocatorias/crear_convocatoria', [], true)
 3 APPPATH\Controllers\Convocatoria.php(53): view('convocatorias/crear_convocatoria', [...])
 4 SYSTEMPATH\CodeIgniter.php(933): App\Controllers\Convocatoria->listar()
 5 SYSTEMPATH\CodeIgniter.php(507): CodeIgniter\CodeIgniter->runController(Object(App\Controllers\Convocatoria))
 6 SYSTEMPATH\CodeIgniter.php(354): CodeIgniter\CodeIgniter->handleRequest(null, Object(Config\Cache), false)
 7 SYSTEMPATH\Boot.php(334): CodeIgniter\CodeIgniter->run()
 8 SYSTEMPATH\Boot.php(67): CodeIgniter\Boot::runCodeIgniter(Object(CodeIgniter\CodeIgniter))
 9 FCPATH\index.php(56): CodeIgniter\Boot::bootWeb(Object(Config\Paths))
10 SYSTEMPATH\rewrite.php(44): require_once('C:\\xampp\\htdocs\\arpirantes\\public\\index.php')
CRITICAL - 2025-06-14 17:22:17 --> CodeIgniter\View\Exceptions\ViewException: Invalid file: "convocatorias/crear_convocatoria.php"
[Method: GET, Route: convocatoria/crear]
in SYSTEMPATH\Exceptions\FrameworkException.php on line 39.
 1 SYSTEMPATH\View\View.php(212): CodeIgniter\Exceptions\FrameworkException::forInvalidFile('convocatorias/crear_convocatoria.php')
 2 SYSTEMPATH\Common.php(1173): CodeIgniter\View\View->render('convocatorias/crear_convocatoria', [], true)
 3 APPPATH\Controllers\Convocatoria.php(67): view('convocatorias/crear_convocatoria', [...])
 4 SYSTEMPATH\CodeIgniter.php(933): App\Controllers\Convocatoria->listar()
 5 SYSTEMPATH\CodeIgniter.php(507): CodeIgniter\CodeIgniter->runController(Object(App\Controllers\Convocatoria))
 6 SYSTEMPATH\CodeIgniter.php(354): CodeIgniter\CodeIgniter->handleRequest(null, Object(Config\Cache), false)
 7 SYSTEMPATH\Boot.php(334): CodeIgniter\CodeIgniter->run()
 8 SYSTEMPATH\Boot.php(67): CodeIgniter\Boot::runCodeIgniter(Object(CodeIgniter\CodeIgniter))
 9 FCPATH\index.php(56): CodeIgniter\Boot::bootWeb(Object(Config\Paths))
10 SYSTEMPATH\rewrite.php(44): require_once('C:\\xampp\\htdocs\\arpirantes\\public\\index.php')
CRITICAL - 2025-06-14 17:27:49 --> CodeIgniter\View\Exceptions\ViewException: Invalid file: "base/administrador/convocatorias.php"
[Method: GET, Route: convocatoria/crear]
in SYSTEMPATH\Exceptions\FrameworkException.php on line 39.
 1 SYSTEMPATH\View\View.php(212): CodeIgniter\Exceptions\FrameworkException::forInvalidFile('base/administrador/convocatorias.php')
 2 SYSTEMPATH\Common.php(1173): CodeIgniter\View\View->render('base/administrador/convocatorias', [], true)
 3 APPPATH\Controllers\Convocatoria.php(44): view('base/administrador/convocatorias', [...])
 4 SYSTEMPATH\CodeIgniter.php(933): App\Controllers\Convocatoria->index()
 5 SYSTEMPATH\CodeIgniter.php(507): CodeIgniter\CodeIgniter->runController(Object(App\Controllers\Convocatoria))
 6 SYSTEMPATH\CodeIgniter.php(354): CodeIgniter\CodeIgniter->handleRequest(null, Object(Config\Cache), false)
 7 SYSTEMPATH\Boot.php(334): CodeIgniter\CodeIgniter->run()
 8 SYSTEMPATH\Boot.php(67): CodeIgniter\Boot::runCodeIgniter(Object(CodeIgniter\CodeIgniter))
 9 FCPATH\index.php(56): CodeIgniter\Boot::bootWeb(Object(Config\Paths))
10 SYSTEMPATH\rewrite.php(44): require_once('C:\\xampp\\htdocs\\arpirantes\\public\\index.php')
CRITICAL - 2025-06-14 17:38:29 --> CodeIgniter\View\Exceptions\ViewException: Invalid file: "base/administrador/convocatorias.php"
[Method: GET, Route: convocatoria/crear]
in SYSTEMPATH\Exceptions\FrameworkException.php on line 39.
 1 SYSTEMPATH\View\View.php(212): CodeIgniter\Exceptions\FrameworkException::forInvalidFile('base/administrador/convocatorias.php')
 2 SYSTEMPATH\Common.php(1173): CodeIgniter\View\View->render('base/administrador/convocatorias', [], true)
 3 APPPATH\Controllers\Convocatoria.php(32): view('base/administrador/convocatorias', [...])
 4 SYSTEMPATH\CodeIgniter.php(933): App\Controllers\Convocatoria->index()
 5 SYSTEMPATH\CodeIgniter.php(507): CodeIgniter\CodeIgniter->runController(Object(App\Controllers\Convocatoria))
 6 SYSTEMPATH\CodeIgniter.php(354): CodeIgniter\CodeIgniter->handleRequest(null, Object(Config\Cache), false)
 7 SYSTEMPATH\Boot.php(334): CodeIgniter\CodeIgniter->run()
 8 SYSTEMPATH\Boot.php(67): CodeIgniter\Boot::runCodeIgniter(Object(CodeIgniter\CodeIgniter))
 9 FCPATH\index.php(56): CodeIgniter\Boot::bootWeb(Object(Config\Paths))
10 SYSTEMPATH\rewrite.php(44): require_once('C:\\xampp\\htdocs\\arpirantes\\public\\index.php')
