CRITICAL - 2025-07-09 11:19:13 --> ErrorException: Undefined variable $aspirantes
[Method: GET, Route: Acceso/respondida]
in APPPATH\Views\base\publico\encuesta_contestada.php on line 50.
 1 APPPATH\Views\base\publico\encuesta_contestada.php(50): CodeIgniter\Debug\Exceptions->errorHandler(2, 'Undefined variable $aspirantes', 'C:\\xampp\\htdocs\\rockstar\\rockstar\\app\\Views\\base\\publico\\encuesta_contestada.php', 50)
 2 SYSTEMPATH\View\View.php(224): include('C:\\xampp\\htdocs\\rockstar\\rockstar\\app\\Views\\base\\publico\\encuesta_contestada.php')
 3 SYSTEMPATH\View\View.php(227): CodeIgniter\View\View->CodeIgniter\View\{closure}()
 4 SYSTEMPATH\Common.php(1173): CodeIgniter\View\View->render('base/publico/encuesta_contestada', [], true)
 5 APPPATH\Controllers\Acceso.php(98): view('base/publico/encuesta_contestada', [...])
 6 SYSTEMPATH\CodeIgniter.php(933): App\Controllers\Acceso->encuesta_respondida()
 7 SYSTEMPATH\CodeIgniter.php(507): CodeIgniter\CodeIgniter->runController(Object(App\Controllers\Acceso))
 8 SYSTEMPATH\CodeIgniter.php(354): CodeIgniter\CodeIgniter->handleRequest(null, Object(Config\Cache), false)
 9 SYSTEMPATH\Boot.php(334): CodeIgniter\CodeIgniter->run()
10 SYSTEMPATH\Boot.php(67): CodeIgniter\Boot::runCodeIgniter(Object(CodeIgniter\CodeIgniter))
11 FCPATH\index.php(56): CodeIgniter\Boot::bootWeb(Object(Config\Paths))
12 SYSTEMPATH\rewrite.php(44): require_once('C:\\xampp\\htdocs\\rockstar\\rockstar\\public\\index.php')
CRITICAL - 2025-07-09 11:20:28 --> ErrorException: Undefined variable $aspirantes
[Method: GET, Route: Acceso/respondida]
in APPPATH\Views\base\publico\encuesta_contestada.php on line 50.
 1 APPPATH\Views\base\publico\encuesta_contestada.php(50): CodeIgniter\Debug\Exceptions->errorHandler(2, 'Undefined variable $aspirantes', 'C:\\xampp\\htdocs\\rockstar\\rockstar\\app\\Views\\base\\publico\\encuesta_contestada.php', 50)
 2 SYSTEMPATH\View\View.php(224): include('C:\\xampp\\htdocs\\rockstar\\rockstar\\app\\Views\\base\\publico\\encuesta_contestada.php')
 3 SYSTEMPATH\View\View.php(227): CodeIgniter\View\View->CodeIgniter\View\{closure}()
 4 SYSTEMPATH\Common.php(1173): CodeIgniter\View\View->render('base/publico/encuesta_contestada', [], true)
 5 APPPATH\Controllers\Acceso.php(98): view('base/publico/encuesta_contestada', [...])
 6 SYSTEMPATH\CodeIgniter.php(933): App\Controllers\Acceso->encuesta_respondida()
 7 SYSTEMPATH\CodeIgniter.php(507): CodeIgniter\CodeIgniter->runController(Object(App\Controllers\Acceso))
 8 SYSTEMPATH\CodeIgniter.php(354): CodeIgniter\CodeIgniter->handleRequest(null, Object(Config\Cache), false)
 9 SYSTEMPATH\Boot.php(334): CodeIgniter\CodeIgniter->run()
10 SYSTEMPATH\Boot.php(67): CodeIgniter\Boot::runCodeIgniter(Object(CodeIgniter\CodeIgniter))
11 FCPATH\index.php(56): CodeIgniter\Boot::bootWeb(Object(Config\Paths))
12 SYSTEMPATH\rewrite.php(44): require_once('C:\\xampp\\htdocs\\rockstar\\rockstar\\public\\index.php')
CRITICAL - 2025-07-09 11:20:33 --> ErrorException: Undefined variable $aspirantes
[Method: GET, Route: Acceso/respondida]
in APPPATH\Views\base\publico\encuesta_contestada.php on line 50.
 1 APPPATH\Views\base\publico\encuesta_contestada.php(50): CodeIgniter\Debug\Exceptions->errorHandler(2, 'Undefined variable $aspirantes', 'C:\\xampp\\htdocs\\rockstar\\rockstar\\app\\Views\\base\\publico\\encuesta_contestada.php', 50)
 2 SYSTEMPATH\View\View.php(224): include('C:\\xampp\\htdocs\\rockstar\\rockstar\\app\\Views\\base\\publico\\encuesta_contestada.php')
 3 SYSTEMPATH\View\View.php(227): CodeIgniter\View\View->CodeIgniter\View\{closure}()
 4 SYSTEMPATH\Common.php(1173): CodeIgniter\View\View->render('base/publico/encuesta_contestada', [], true)
 5 APPPATH\Controllers\Acceso.php(98): view('base/publico/encuesta_contestada', [...])
 6 SYSTEMPATH\CodeIgniter.php(933): App\Controllers\Acceso->encuesta_respondida()
 7 SYSTEMPATH\CodeIgniter.php(507): CodeIgniter\CodeIgniter->runController(Object(App\Controllers\Acceso))
 8 SYSTEMPATH\CodeIgniter.php(354): CodeIgniter\CodeIgniter->handleRequest(null, Object(Config\Cache), false)
 9 SYSTEMPATH\Boot.php(334): CodeIgniter\CodeIgniter->run()
10 SYSTEMPATH\Boot.php(67): CodeIgniter\Boot::runCodeIgniter(Object(CodeIgniter\CodeIgniter))
11 FCPATH\index.php(56): CodeIgniter\Boot::bootWeb(Object(Config\Paths))
12 SYSTEMPATH\rewrite.php(44): require_once('C:\\xampp\\htdocs\\rockstar\\rockstar\\public\\index.php')
CRITICAL - 2025-07-09 11:20:50 --> ErrorException: Undefined variable $aspirantes
[Method: GET, Route: Acceso/respondida]
in APPPATH\Views\base\publico\encuesta_contestada.php on line 50.
 1 APPPATH\Views\base\publico\encuesta_contestada.php(50): CodeIgniter\Debug\Exceptions->errorHandler(2, 'Undefined variable $aspirantes', 'C:\\xampp\\htdocs\\rockstar\\rockstar\\app\\Views\\base\\publico\\encuesta_contestada.php', 50)
 2 SYSTEMPATH\View\View.php(224): include('C:\\xampp\\htdocs\\rockstar\\rockstar\\app\\Views\\base\\publico\\encuesta_contestada.php')
 3 SYSTEMPATH\View\View.php(227): CodeIgniter\View\View->CodeIgniter\View\{closure}()
 4 SYSTEMPATH\Common.php(1173): CodeIgniter\View\View->render('base/publico/encuesta_contestada', [], true)
 5 APPPATH\Controllers\Acceso.php(98): view('base/publico/encuesta_contestada', [...])
 6 SYSTEMPATH\CodeIgniter.php(933): App\Controllers\Acceso->encuesta_respondida()
 7 SYSTEMPATH\CodeIgniter.php(507): CodeIgniter\CodeIgniter->runController(Object(App\Controllers\Acceso))
 8 SYSTEMPATH\CodeIgniter.php(354): CodeIgniter\CodeIgniter->handleRequest(null, Object(Config\Cache), false)
 9 SYSTEMPATH\Boot.php(334): CodeIgniter\CodeIgniter->run()
10 SYSTEMPATH\Boot.php(67): CodeIgniter\Boot::runCodeIgniter(Object(CodeIgniter\CodeIgniter))
11 FCPATH\index.php(56): CodeIgniter\Boot::bootWeb(Object(Config\Paths))
12 SYSTEMPATH\rewrite.php(44): require_once('C:\\xampp\\htdocs\\rockstar\\rockstar\\public\\index.php')
CRITICAL - 2025-07-09 11:26:06 --> ErrorException: Undefined variable $aspirantes
[Method: GET, Route: Acceso/respondida]
in APPPATH\Views\base\publico\encuesta_contestada.php on line 50.
 1 APPPATH\Views\base\publico\encuesta_contestada.php(50): CodeIgniter\Debug\Exceptions->errorHandler(2, 'Undefined variable $aspirantes', 'C:\\xampp\\htdocs\\rockstar\\rockstar\\app\\Views\\base\\publico\\encuesta_contestada.php', 50)
 2 SYSTEMPATH\View\View.php(224): include('C:\\xampp\\htdocs\\rockstar\\rockstar\\app\\Views\\base\\publico\\encuesta_contestada.php')
 3 SYSTEMPATH\View\View.php(227): CodeIgniter\View\View->CodeIgniter\View\{closure}()
 4 SYSTEMPATH\Common.php(1173): CodeIgniter\View\View->render('base/publico/encuesta_contestada', [], true)
 5 APPPATH\Controllers\Acceso.php(98): view('base/publico/encuesta_contestada', [...])
 6 SYSTEMPATH\CodeIgniter.php(933): App\Controllers\Acceso->encuesta_respondida()
 7 SYSTEMPATH\CodeIgniter.php(507): CodeIgniter\CodeIgniter->runController(Object(App\Controllers\Acceso))
 8 SYSTEMPATH\CodeIgniter.php(354): CodeIgniter\CodeIgniter->handleRequest(null, Object(Config\Cache), false)
 9 SYSTEMPATH\Boot.php(334): CodeIgniter\CodeIgniter->run()
10 SYSTEMPATH\Boot.php(67): CodeIgniter\Boot::runCodeIgniter(Object(CodeIgniter\CodeIgniter))
11 FCPATH\index.php(56): CodeIgniter\Boot::bootWeb(Object(Config\Paths))
12 SYSTEMPATH\rewrite.php(44): require_once('C:\\xampp\\htdocs\\rockstar\\rockstar\\public\\index.php')
CRITICAL - 2025-07-09 11:38:40 --> CodeIgniter\View\Exceptions\ViewException: Invalid file: "base/publico/grupos_curso.php"
[Method: GET, Route: grupos/nivelacion]
in SYSTEMPATH\Exceptions\FrameworkException.php on line 39.
 1 SYSTEMPATH\View\View.php(212): CodeIgniter\Exceptions\FrameworkException::forInvalidFile('base/publico/grupos_curso.php')
 2 SYSTEMPATH\Common.php(1173): CodeIgniter\View\View->render('base/publico/grupos_curso', [], true)
 3 APPPATH\Controllers\Grupo.php(47): view('base/publico/grupos_curso', [...])
 4 SYSTEMPATH\CodeIgniter.php(933): App\Controllers\Grupo->index()
 5 SYSTEMPATH\CodeIgniter.php(507): CodeIgniter\CodeIgniter->runController(Object(App\Controllers\Grupo))
 6 SYSTEMPATH\CodeIgniter.php(354): CodeIgniter\CodeIgniter->handleRequest(null, Object(Config\Cache), false)
 7 SYSTEMPATH\Boot.php(334): CodeIgniter\CodeIgniter->run()
 8 SYSTEMPATH\Boot.php(67): CodeIgniter\Boot::runCodeIgniter(Object(CodeIgniter\CodeIgniter))
 9 FCPATH\index.php(56): CodeIgniter\Boot::bootWeb(Object(Config\Paths))
10 SYSTEMPATH\rewrite.php(44): require_once('C:\\xampp\\htdocs\\rockstar\\rockstar\\public\\index.php')
CRITICAL - 2025-07-09 11:39:06 --> ErrorException: Undefined variable $user_info
[Method: GET, Route: grupos/nivelacion]
in APPPATH\Views\base\template\header.php on line 36.
 1 APPPATH\Views\base\template\header.php(36): CodeIgniter\Debug\Exceptions->errorHandler(2, 'Undefined variable $user_info', 'C:\\xampp\\htdocs\\rockstar\\rockstar\\app\\Views\\base\\template\\header.php', 36)
 2 SYSTEMPATH\View\View.php(224): include('C:\\xampp\\htdocs\\rockstar\\rockstar\\app\\Views\\base\\template\\header.php')
 3 SYSTEMPATH\View\View.php(227): CodeIgniter\View\View->CodeIgniter\View\{closure}()
 4 SYSTEMPATH\Common.php(1173): CodeIgniter\View\View->render('base/template/header', [], true)
 5 APPPATH\Views\base\administrador\grupos_curso.php(29): view('base/template/header')
 6 SYSTEMPATH\View\View.php(224): include('C:\\xampp\\htdocs\\rockstar\\rockstar\\app\\Views\\base\\administrador\\grupos_curso.php')
 7 SYSTEMPATH\View\View.php(227): CodeIgniter\View\View->CodeIgniter\View\{closure}()
 8 SYSTEMPATH\Common.php(1173): CodeIgniter\View\View->render('base/administrador/grupos_curso', [], true)
 9 APPPATH\Controllers\Grupo.php(47): view('base/administrador/grupos_curso', [...])
10 SYSTEMPATH\CodeIgniter.php(933): App\Controllers\Grupo->index()
11 SYSTEMPATH\CodeIgniter.php(507): CodeIgniter\CodeIgniter->runController(Object(App\Controllers\Grupo))
12 SYSTEMPATH\CodeIgniter.php(354): CodeIgniter\CodeIgniter->handleRequest(null, Object(Config\Cache), false)
13 SYSTEMPATH\Boot.php(334): CodeIgniter\CodeIgniter->run()
14 SYSTEMPATH\Boot.php(67): CodeIgniter\Boot::runCodeIgniter(Object(CodeIgniter\CodeIgniter))
15 FCPATH\index.php(56): CodeIgniter\Boot::bootWeb(Object(Config\Paths))
16 SYSTEMPATH\rewrite.php(44): require_once('C:\\xampp\\htdocs\\rockstar\\rockstar\\public\\index.php')
CRITICAL - 2025-07-09 13:57:09 --> ErrorException: Undefined variable $sedes
[Method: GET, Route: grupos/nivelacion]
in APPPATH\Views\base\administrador\grupos_curso.php on line 49.
 1 APPPATH\Views\base\administrador\grupos_curso.php(49): CodeIgniter\Debug\Exceptions->errorHandler(2, 'Undefined variable $sedes', 'C:\\xampp\\htdocs\\rockstar\\rockstar\\app\\Views\\base\\administrador\\grupos_curso.php', 49)
 2 SYSTEMPATH\View\View.php(224): include('C:\\xampp\\htdocs\\rockstar\\rockstar\\app\\Views\\base\\administrador\\grupos_curso.php')
 3 SYSTEMPATH\View\View.php(227): CodeIgniter\View\View->CodeIgniter\View\{closure}()
 4 SYSTEMPATH\Common.php(1173): CodeIgniter\View\View->render('base/administrador/grupos_curso', [], true)
 5 APPPATH\Controllers\Grupo.php(57): view('base/administrador/grupos_curso', [...])
 6 SYSTEMPATH\CodeIgniter.php(933): App\Controllers\Grupo->index()
 7 SYSTEMPATH\CodeIgniter.php(507): CodeIgniter\CodeIgniter->runController(Object(App\Controllers\Grupo))
 8 SYSTEMPATH\CodeIgniter.php(354): CodeIgniter\CodeIgniter->handleRequest(null, Object(Config\Cache), false)
 9 SYSTEMPATH\Boot.php(334): CodeIgniter\CodeIgniter->run()
10 SYSTEMPATH\Boot.php(67): CodeIgniter\Boot::runCodeIgniter(Object(CodeIgniter\CodeIgniter))
11 FCPATH\index.php(56): CodeIgniter\Boot::bootWeb(Object(Config\Paths))
12 SYSTEMPATH\rewrite.php(44): require_once('C:\\xampp\\htdocs\\rockstar\\rockstar\\public\\index.php')
CRITICAL - 2025-07-09 14:03:10 --> ErrorException: Undefined variable $sedes
[Method: GET, Route: grupos/nivelacion]
in APPPATH\Views\base\administrador\grupos_curso.php on line 48.
 1 APPPATH\Views\base\administrador\grupos_curso.php(48): CodeIgniter\Debug\Exceptions->errorHandler(2, 'Undefined variable $sedes', 'C:\\xampp\\htdocs\\rockstar\\rockstar\\app\\Views\\base\\administrador\\grupos_curso.php', 48)
 2 SYSTEMPATH\View\View.php(224): include('C:\\xampp\\htdocs\\rockstar\\rockstar\\app\\Views\\base\\administrador\\grupos_curso.php')
 3 SYSTEMPATH\View\View.php(227): CodeIgniter\View\View->CodeIgniter\View\{closure}()
 4 SYSTEMPATH\Common.php(1173): CodeIgniter\View\View->render('base/administrador/grupos_curso', [], true)
 5 APPPATH\Controllers\Grupo.php(57): view('base/administrador/grupos_curso', [...])
 6 SYSTEMPATH\CodeIgniter.php(933): App\Controllers\Grupo->index()
 7 SYSTEMPATH\CodeIgniter.php(507): CodeIgniter\CodeIgniter->runController(Object(App\Controllers\Grupo))
 8 SYSTEMPATH\CodeIgniter.php(354): CodeIgniter\CodeIgniter->handleRequest(null, Object(Config\Cache), false)
 9 SYSTEMPATH\Boot.php(334): CodeIgniter\CodeIgniter->run()
10 SYSTEMPATH\Boot.php(67): CodeIgniter\Boot::runCodeIgniter(Object(CodeIgniter\CodeIgniter))
11 FCPATH\index.php(56): CodeIgniter\Boot::bootWeb(Object(Config\Paths))
12 SYSTEMPATH\rewrite.php(44): require_once('C:\\xampp\\htdocs\\rockstar\\rockstar\\public\\index.php')
CRITICAL - 2025-07-09 14:06:19 --> ErrorException: Undefined variable $sedes
[Method: GET, Route: grupos/curso]
in APPPATH\Views\base\administrador\grupos_curso.php on line 48.
 1 APPPATH\Views\base\administrador\grupos_curso.php(48): CodeIgniter\Debug\Exceptions->errorHandler(2, 'Undefined variable $sedes', 'C:\\xampp\\htdocs\\rockstar\\rockstar\\app\\Views\\base\\administrador\\grupos_curso.php', 48)
 2 SYSTEMPATH\View\View.php(224): include('C:\\xampp\\htdocs\\rockstar\\rockstar\\app\\Views\\base\\administrador\\grupos_curso.php')
 3 SYSTEMPATH\View\View.php(227): CodeIgniter\View\View->CodeIgniter\View\{closure}()
 4 SYSTEMPATH\Common.php(1173): CodeIgniter\View\View->render('base/administrador/grupos_curso', [], true)
 5 APPPATH\Controllers\Grupo.php(57): view('base/administrador/grupos_curso', [...])
 6 SYSTEMPATH\CodeIgniter.php(933): App\Controllers\Grupo->index()
 7 SYSTEMPATH\CodeIgniter.php(507): CodeIgniter\CodeIgniter->runController(Object(App\Controllers\Grupo))
 8 SYSTEMPATH\CodeIgniter.php(354): CodeIgniter\CodeIgniter->handleRequest(null, Object(Config\Cache), false)
 9 SYSTEMPATH\Boot.php(334): CodeIgniter\CodeIgniter->run()
10 SYSTEMPATH\Boot.php(67): CodeIgniter\Boot::runCodeIgniter(Object(CodeIgniter\CodeIgniter))
11 FCPATH\index.php(56): CodeIgniter\Boot::bootWeb(Object(Config\Paths))
12 SYSTEMPATH\rewrite.php(44): require_once('C:\\xampp\\htdocs\\rockstar\\rockstar\\public\\index.php')
CRITICAL - 2025-07-09 14:07:41 --> ErrorException: Undefined array key "id"
[Method: GET, Route: grupos/curso]
in APPPATH\Views\base\administrador\grupos_curso.php on line 49.
 1 APPPATH\Views\base\administrador\grupos_curso.php(49): CodeIgniter\Debug\Exceptions->errorHandler(2, 'Undefined array key "id"', 'C:\\xampp\\htdocs\\rockstar\\rockstar\\app\\Views\\base\\administrador\\grupos_curso.php', 49)
 2 SYSTEMPATH\View\View.php(224): include('C:\\xampp\\htdocs\\rockstar\\rockstar\\app\\Views\\base\\administrador\\grupos_curso.php')
 3 SYSTEMPATH\View\View.php(227): CodeIgniter\View\View->CodeIgniter\View\{closure}()
 4 SYSTEMPATH\Common.php(1173): CodeIgniter\View\View->render('base/administrador/grupos_curso', [], true)
 5 APPPATH\Controllers\Grupo.php(61): view('base/administrador/grupos_curso', [...])
 6 SYSTEMPATH\CodeIgniter.php(933): App\Controllers\Grupo->index()
 7 SYSTEMPATH\CodeIgniter.php(507): CodeIgniter\CodeIgniter->runController(Object(App\Controllers\Grupo))
 8 SYSTEMPATH\CodeIgniter.php(354): CodeIgniter\CodeIgniter->handleRequest(null, Object(Config\Cache), false)
 9 SYSTEMPATH\Boot.php(334): CodeIgniter\CodeIgniter->run()
10 SYSTEMPATH\Boot.php(67): CodeIgniter\Boot::runCodeIgniter(Object(CodeIgniter\CodeIgniter))
11 FCPATH\index.php(56): CodeIgniter\Boot::bootWeb(Object(Config\Paths))
12 SYSTEMPATH\rewrite.php(44): require_once('C:\\xampp\\htdocs\\rockstar\\rockstar\\public\\index.php')
CRITICAL - 2025-07-09 14:08:54 --> ErrorException: Undefined array key "nombre"
[Method: GET, Route: grupos/curso]
in APPPATH\Views\base\administrador\grupos_curso.php on line 49.
 1 APPPATH\Views\base\administrador\grupos_curso.php(49): CodeIgniter\Debug\Exceptions->errorHandler(2, 'Undefined array key "nombre"', 'C:\\xampp\\htdocs\\rockstar\\rockstar\\app\\Views\\base\\administrador\\grupos_curso.php', 49)
 2 SYSTEMPATH\View\View.php(224): include('C:\\xampp\\htdocs\\rockstar\\rockstar\\app\\Views\\base\\administrador\\grupos_curso.php')
 3 SYSTEMPATH\View\View.php(227): CodeIgniter\View\View->CodeIgniter\View\{closure}()
 4 SYSTEMPATH\Common.php(1173): CodeIgniter\View\View->render('base/administrador/grupos_curso', [], true)
 5 APPPATH\Controllers\Grupo.php(61): view('base/administrador/grupos_curso', [...])
 6 SYSTEMPATH\CodeIgniter.php(933): App\Controllers\Grupo->index()
 7 SYSTEMPATH\CodeIgniter.php(507): CodeIgniter\CodeIgniter->runController(Object(App\Controllers\Grupo))
 8 SYSTEMPATH\CodeIgniter.php(354): CodeIgniter\CodeIgniter->handleRequest(null, Object(Config\Cache), false)
 9 SYSTEMPATH\Boot.php(334): CodeIgniter\CodeIgniter->run()
10 SYSTEMPATH\Boot.php(67): CodeIgniter\Boot::runCodeIgniter(Object(CodeIgniter\CodeIgniter))
11 FCPATH\index.php(56): CodeIgniter\Boot::bootWeb(Object(Config\Paths))
12 SYSTEMPATH\rewrite.php(44): require_once('C:\\xampp\\htdocs\\rockstar\\rockstar\\public\\index.php')
CRITICAL - 2025-07-09 14:31:53 --> ErrorException: Undefined variable $aspirantesSinGrupoCurso
[Method: GET, Route: grupos/curso]
in APPPATH\Views\base\administrador\grupos_curso.php on line 41.
 1 APPPATH\Views\base\administrador\grupos_curso.php(41): CodeIgniter\Debug\Exceptions->errorHandler(2, 'Undefined variable $aspirantesSinGrupoCurso', 'C:\\xampp\\htdocs\\rockstar\\rockstar\\app\\Views\\base\\administrador\\grupos_curso.php', 41)
 2 SYSTEMPATH\View\View.php(224): include('C:\\xampp\\htdocs\\rockstar\\rockstar\\app\\Views\\base\\administrador\\grupos_curso.php')
 3 SYSTEMPATH\View\View.php(227): CodeIgniter\View\View->CodeIgniter\View\{closure}()
 4 SYSTEMPATH\Common.php(1173): CodeIgniter\View\View->render('base/administrador/grupos_curso', [], true)
 5 APPPATH\Controllers\Grupo.php(51): view('base/administrador/grupos_curso', [...])
 6 SYSTEMPATH\CodeIgniter.php(933): App\Controllers\Grupo->index()
 7 SYSTEMPATH\CodeIgniter.php(507): CodeIgniter\CodeIgniter->runController(Object(App\Controllers\Grupo))
 8 SYSTEMPATH\CodeIgniter.php(354): CodeIgniter\CodeIgniter->handleRequest(null, Object(Config\Cache), false)
 9 SYSTEMPATH\Boot.php(334): CodeIgniter\CodeIgniter->run()
10 SYSTEMPATH\Boot.php(67): CodeIgniter\Boot::runCodeIgniter(Object(CodeIgniter\CodeIgniter))
11 FCPATH\index.php(56): CodeIgniter\Boot::bootWeb(Object(Config\Paths))
12 SYSTEMPATH\rewrite.php(44): require_once('C:\\xampp\\htdocs\\rockstar\\rockstar\\public\\index.php')
CRITICAL - 2025-07-09 14:33:34 --> ErrorException: Undefined variable $aulas
[Method: GET, Route: grupos/curso]
in APPPATH\Views\base\administrador\grupos_curso.php on line 60.
 1 APPPATH\Views\base\administrador\grupos_curso.php(60): CodeIgniter\Debug\Exceptions->errorHandler(2, 'Undefined variable $aulas', 'C:\\xampp\\htdocs\\rockstar\\rockstar\\app\\Views\\base\\administrador\\grupos_curso.php', 60)
 2 SYSTEMPATH\View\View.php(224): include('C:\\xampp\\htdocs\\rockstar\\rockstar\\app\\Views\\base\\administrador\\grupos_curso.php')
 3 SYSTEMPATH\View\View.php(227): CodeIgniter\View\View->CodeIgniter\View\{closure}()
 4 SYSTEMPATH\Common.php(1173): CodeIgniter\View\View->render('base/administrador/grupos_curso', [], true)
 5 APPPATH\Controllers\Grupo.php(51): view('base/administrador/grupos_curso', [...])
 6 SYSTEMPATH\CodeIgniter.php(933): App\Controllers\Grupo->index()
 7 SYSTEMPATH\CodeIgniter.php(507): CodeIgniter\CodeIgniter->runController(Object(App\Controllers\Grupo))
 8 SYSTEMPATH\CodeIgniter.php(354): CodeIgniter\CodeIgniter->handleRequest(null, Object(Config\Cache), false)
 9 SYSTEMPATH\Boot.php(334): CodeIgniter\CodeIgniter->run()
10 SYSTEMPATH\Boot.php(67): CodeIgniter\Boot::runCodeIgniter(Object(CodeIgniter\CodeIgniter))
11 FCPATH\index.php(56): CodeIgniter\Boot::bootWeb(Object(Config\Paths))
12 SYSTEMPATH\rewrite.php(44): require_once('C:\\xampp\\htdocs\\rockstar\\rockstar\\public\\index.php')
CRITICAL - 2025-07-09 14:33:36 --> ErrorException: Undefined variable $aulas
[Method: GET, Route: grupos/curso]
in APPPATH\Views\base\administrador\grupos_curso.php on line 60.
 1 APPPATH\Views\base\administrador\grupos_curso.php(60): CodeIgniter\Debug\Exceptions->errorHandler(2, 'Undefined variable $aulas', 'C:\\xampp\\htdocs\\rockstar\\rockstar\\app\\Views\\base\\administrador\\grupos_curso.php', 60)
 2 SYSTEMPATH\View\View.php(224): include('C:\\xampp\\htdocs\\rockstar\\rockstar\\app\\Views\\base\\administrador\\grupos_curso.php')
 3 SYSTEMPATH\View\View.php(227): CodeIgniter\View\View->CodeIgniter\View\{closure}()
 4 SYSTEMPATH\Common.php(1173): CodeIgniter\View\View->render('base/administrador/grupos_curso', [], true)
 5 APPPATH\Controllers\Grupo.php(51): view('base/administrador/grupos_curso', [...])
 6 SYSTEMPATH\CodeIgniter.php(933): App\Controllers\Grupo->index()
 7 SYSTEMPATH\CodeIgniter.php(507): CodeIgniter\CodeIgniter->runController(Object(App\Controllers\Grupo))
 8 SYSTEMPATH\CodeIgniter.php(354): CodeIgniter\CodeIgniter->handleRequest(null, Object(Config\Cache), false)
 9 SYSTEMPATH\Boot.php(334): CodeIgniter\CodeIgniter->run()
10 SYSTEMPATH\Boot.php(67): CodeIgniter\Boot::runCodeIgniter(Object(CodeIgniter\CodeIgniter))
11 FCPATH\index.php(56): CodeIgniter\Boot::bootWeb(Object(Config\Paths))
12 SYSTEMPATH\rewrite.php(44): require_once('C:\\xampp\\htdocs\\rockstar\\rockstar\\public\\index.php')
