CRITICAL - 2025-06-03 00:20:13 --> ErrorException: Undefined array key "examen_aprobado"
[Method: GET, Route: Acceso/aspirante_registrados]
in APPPATH\Views\base\publico\aspirantes_registrados.php on line 52.
 1 APPPATH\Views\base\publico\aspirantes_registrados.php(52): CodeIgniter\Debug\Exceptions->errorHandler(2, 'Undefined array key "examen_aprobado"', 'C:\\Users\\Jorge Andrey\\Desktop\\arpirantes\\app\\Views\\base\\publico\\aspirantes_registrados.php', 52)
 2 SYSTEMPATH\View\View.php(224): include('C:\\Users\\Jorge Andrey\\Desktop\\arpirantes\\app\\Views\\base\\publico\\aspirantes_registrados.php')
 3 SYSTEMPATH\View\View.php(227): CodeIgniter\View\View->CodeIgniter\View\{closure}()
 4 SYSTEMPATH\Common.php(1173): CodeIgniter\View\View->render('base/publico/aspirantes_registrados', [], true)
 5 APPPATH\Controllers\Aspirante.php(261): view('base/publico/aspirantes_registrados', [...])
 6 SYSTEMPATH\CodeIgniter.php(933): App\Controllers\Aspirante->indexAS()
 7 SYSTEMPATH\CodeIgniter.php(507): CodeIgniter\CodeIgniter->runController(Object(App\Controllers\Aspirante))
 8 SYSTEMPATH\CodeIgniter.php(354): CodeIgniter\CodeIgniter->handleRequest(null, Object(Config\Cache), false)
 9 SYSTEMPATH\Boot.php(334): CodeIgniter\CodeIgniter->run()
10 SYSTEMPATH\Boot.php(67): CodeIgniter\Boot::runCodeIgniter(Object(CodeIgniter\CodeIgniter))
11 FCPATH\index.php(56): CodeIgniter\Boot::bootWeb(Object(Config\Paths))
12 SYSTEMPATH\rewrite.php(44): require_once('C:\\Users\\Jorge Andrey\\Desktop\\arpirantes\\public\\index.php')
CRITICAL - 2025-06-03 00:41:32 --> ErrorException: Undefined array key "examen_aprobado"
[Method: GET, Route: Acceso/aspirante_registrados]
in APPPATH\Views\base\publico\aspirantes_registrados.php on line 55.
 1 APPPATH\Views\base\publico\aspirantes_registrados.php(55): CodeIgniter\Debug\Exceptions->errorHandler(2, 'Undefined array key "examen_aprobado"', 'C:\\Users\\Jorge Andrey\\Desktop\\arpirantes\\app\\Views\\base\\publico\\aspirantes_registrados.php', 55)
 2 SYSTEMPATH\View\View.php(224): include('C:\\Users\\Jorge Andrey\\Desktop\\arpirantes\\app\\Views\\base\\publico\\aspirantes_registrados.php')
 3 SYSTEMPATH\View\View.php(227): CodeIgniter\View\View->CodeIgniter\View\{closure}()
 4 SYSTEMPATH\Common.php(1173): CodeIgniter\View\View->render('base/publico/aspirantes_registrados', [], true)
 5 APPPATH\Controllers\Aspirante.php(263): view('base/publico/aspirantes_registrados', [...])
 6 SYSTEMPATH\CodeIgniter.php(933): App\Controllers\Aspirante->indexAS()
 7 SYSTEMPATH\CodeIgniter.php(507): CodeIgniter\CodeIgniter->runController(Object(App\Controllers\Aspirante))
 8 SYSTEMPATH\CodeIgniter.php(354): CodeIgniter\CodeIgniter->handleRequest(null, Object(Config\Cache), false)
 9 SYSTEMPATH\Boot.php(334): CodeIgniter\CodeIgniter->run()
10 SYSTEMPATH\Boot.php(67): CodeIgniter\Boot::runCodeIgniter(Object(CodeIgniter\CodeIgniter))
11 FCPATH\index.php(56): CodeIgniter\Boot::bootWeb(Object(Config\Paths))
12 SYSTEMPATH\rewrite.php(44): require_once('C:\\Users\\Jorge Andrey\\Desktop\\arpirantes\\public\\index.php')
ERROR - 2025-06-03 00:55:59 --> mysqli_sql_exception: Duplicate entry 'PESI781224MOCRNR09' for key 'aspirantes.idx_curp' in C:\Users\Jorge Andrey\Desktop\arpirantes\system\Database\MySQLi\Connection.php:327
Stack trace:
#0 C:\Users\Jorge Andrey\Desktop\arpirantes\system\Database\MySQLi\Connection.php(327): mysqli->query('INSERT INTO `as...', 0)
#1 C:\Users\Jorge Andrey\Desktop\arpirantes\system\Database\BaseConnection.php(738): CodeIgniter\Database\MySQLi\Connection->execute('INSERT INTO `as...')
#2 C:\Users\Jorge Andrey\Desktop\arpirantes\system\Database\BaseConnection.php(652): CodeIgniter\Database\BaseConnection->simpleQuery('INSERT INTO `as...')
#3 C:\Users\Jorge Andrey\Desktop\arpirantes\system\Database\BaseBuilder.php(2345): CodeIgniter\Database\BaseConnection->query('INSERT INTO `as...', Array, false)
#4 C:\Users\Jorge Andrey\Desktop\arpirantes\system\Model.php(394): CodeIgniter\Database\BaseBuilder->insert()
#5 C:\Users\Jorge Andrey\Desktop\arpirantes\system\BaseModel.php(839): CodeIgniter\Model->doInsert(Array)
#6 C:\Users\Jorge Andrey\Desktop\arpirantes\system\Model.php(800): CodeIgniter\BaseModel->insert(Array, false)
#7 C:\Users\Jorge Andrey\Desktop\arpirantes\system\BaseModel.php(750): CodeIgniter\Model->insert(Array, false)
#8 C:\Users\Jorge Andrey\Desktop\arpirantes\app\Controllers\Aspirante.php(99): CodeIgniter\BaseModel->save(Array)
#9 C:\Users\Jorge Andrey\Desktop\arpirantes\system\CodeIgniter.php(933): App\Controllers\Aspirante->create()
#10 C:\Users\Jorge Andrey\Desktop\arpirantes\system\CodeIgniter.php(507): CodeIgniter\CodeIgniter->runController(Object(App\Controllers\Aspirante))
#11 C:\Users\Jorge Andrey\Desktop\arpirantes\system\CodeIgniter.php(354): CodeIgniter\CodeIgniter->handleRequest(NULL, Object(Config\Cache), false)
#12 C:\Users\Jorge Andrey\Desktop\arpirantes\system\Boot.php(334): CodeIgniter\CodeIgniter->run()
#13 C:\Users\Jorge Andrey\Desktop\arpirantes\system\Boot.php(67): CodeIgniter\Boot::runCodeIgniter(Object(CodeIgniter\CodeIgniter))
#14 C:\Users\Jorge Andrey\Desktop\arpirantes\public\index.php(56): CodeIgniter\Boot::bootWeb(Object(Config\Paths))
#15 C:\Users\Jorge Andrey\Desktop\arpirantes\system\rewrite.php(44): require_once('C:\\Users\\Jorge ...')
#16 {main}
CRITICAL - 2025-06-03 00:55:59 --> CodeIgniter\Database\Exceptions\DatabaseException: Duplicate entry 'PESI781224MOCRNR09' for key 'aspirantes.idx_curp'
[Method: POST, Route: guardar-aspirante]
in SYSTEMPATH\Database\BaseConnection.php on line 692.
 1 SYSTEMPATH\Database\BaseBuilder.php(2345): CodeIgniter\Database\BaseConnection->query('INSERT INTO `aspirantes` (`curp`, `primer_apellido`, `segundo_apellido`, `nombre`, `correo`, `fecha_nacimiento`, `edad`, `genero`, `telefono`, `sede`, `carrera`, `sede_alternativa`, `carrera_alternativa`, `reingreso`) VALUES (:curp:, :primer_apellido:, :segundo_apellido:, :nombre:, :correo:, :fecha_nacimiento:, :edad:, :genero:, :telefono:, :sede:, :carrera:, :sede_alternativa:, :carrera_alternativa:, :reingreso:)', [...], false)
 2 SYSTEMPATH\Model.php(394): CodeIgniter\Database\BaseBuilder->insert()
 3 SYSTEMPATH\BaseModel.php(839): CodeIgniter\Model->doInsert([...])
 4 SYSTEMPATH\Model.php(800): CodeIgniter\BaseModel->insert([...], false)
 5 SYSTEMPATH\BaseModel.php(750): CodeIgniter\Model->insert([...], false)
 6 APPPATH\Controllers\Aspirante.php(99): CodeIgniter\BaseModel->save([...])
 7 SYSTEMPATH\CodeIgniter.php(933): App\Controllers\Aspirante->create()
 8 SYSTEMPATH\CodeIgniter.php(507): CodeIgniter\CodeIgniter->runController(Object(App\Controllers\Aspirante))
 9 SYSTEMPATH\CodeIgniter.php(354): CodeIgniter\CodeIgniter->handleRequest(null, Object(Config\Cache), false)
10 SYSTEMPATH\Boot.php(334): CodeIgniter\CodeIgniter->run()
11 SYSTEMPATH\Boot.php(67): CodeIgniter\Boot::runCodeIgniter(Object(CodeIgniter\CodeIgniter))
12 FCPATH\index.php(56): CodeIgniter\Boot::bootWeb(Object(Config\Paths))
13 SYSTEMPATH\rewrite.php(44): require_once('C:\\Users\\Jorge Andrey\\Desktop\\arpirantes\\public\\index.php')
CRITICAL - 2025-06-03 00:55:59 --> [Caused by] CodeIgniter\Database\Exceptions\DatabaseException: Duplicate entry 'PESI781224MOCRNR09' for key 'aspirantes.idx_curp'
in SYSTEMPATH\Database\MySQLi\Connection.php on line 332.
 1 SYSTEMPATH\Database\BaseConnection.php(738): CodeIgniter\Database\MySQLi\Connection->execute('INSERT INTO `aspirantes` (`curp`, `primer_apellido`, `segundo_apellido`, `nombre`, `correo`, `fecha_nacimiento`, `edad`, `genero`, `telefono`, `sede`, `carrera`, `sede_alternativa`, `carrera_alternativa`, `reingreso`) VALUES (\'PESI781224MOCRNR09\', \'PEREZ\', \'SANCHEZ\', \'IRMA\', \'20161300@itoaxaca.edu.mx\', \'1978-12-24\', \'46\', \'Femenino\', \'9512104918\', \'1\', \'undefined\', \'2\', \'undefined\', \'No\')')
 2 SYSTEMPATH\Database\BaseConnection.php(652): CodeIgniter\Database\BaseConnection->simpleQuery('INSERT INTO `aspirantes` (`curp`, `primer_apellido`, `segundo_apellido`, `nombre`, `correo`, `fecha_nacimiento`, `edad`, `genero`, `telefono`, `sede`, `carrera`, `sede_alternativa`, `carrera_alternativa`, `reingreso`) VALUES (\'PESI781224MOCRNR09\', \'PEREZ\', \'SANCHEZ\', \'IRMA\', \'20161300@itoaxaca.edu.mx\', \'1978-12-24\', \'46\', \'Femenino\', \'9512104918\', \'1\', \'undefined\', \'2\', \'undefined\', \'No\')')
 3 SYSTEMPATH\Database\BaseBuilder.php(2345): CodeIgniter\Database\BaseConnection->query('INSERT INTO `aspirantes` (`curp`, `primer_apellido`, `segundo_apellido`, `nombre`, `correo`, `fecha_nacimiento`, `edad`, `genero`, `telefono`, `sede`, `carrera`, `sede_alternativa`, `carrera_alternativa`, `reingreso`) VALUES (:curp:, :primer_apellido:, :segundo_apellido:, :nombre:, :correo:, :fecha_nacimiento:, :edad:, :genero:, :telefono:, :sede:, :carrera:, :sede_alternativa:, :carrera_alternativa:, :reingreso:)', [...], false)
 4 SYSTEMPATH\Model.php(394): CodeIgniter\Database\BaseBuilder->insert()
 5 SYSTEMPATH\BaseModel.php(839): CodeIgniter\Model->doInsert([...])
 6 SYSTEMPATH\Model.php(800): CodeIgniter\BaseModel->insert([...], false)
 7 SYSTEMPATH\BaseModel.php(750): CodeIgniter\Model->insert([...], false)
 8 APPPATH\Controllers\Aspirante.php(99): CodeIgniter\BaseModel->save([...])
 9 SYSTEMPATH\CodeIgniter.php(933): App\Controllers\Aspirante->create()
10 SYSTEMPATH\CodeIgniter.php(507): CodeIgniter\CodeIgniter->runController(Object(App\Controllers\Aspirante))
11 SYSTEMPATH\CodeIgniter.php(354): CodeIgniter\CodeIgniter->handleRequest(null, Object(Config\Cache), false)
12 SYSTEMPATH\Boot.php(334): CodeIgniter\CodeIgniter->run()
13 SYSTEMPATH\Boot.php(67): CodeIgniter\Boot::runCodeIgniter(Object(CodeIgniter\CodeIgniter))
14 FCPATH\index.php(56): CodeIgniter\Boot::bootWeb(Object(Config\Paths))
15 SYSTEMPATH\rewrite.php(44): require_once('C:\\Users\\Jorge Andrey\\Desktop\\arpirantes\\public\\index.php')
CRITICAL - 2025-06-03 00:55:59 --> [Caused by] mysqli_sql_exception: Duplicate entry 'PESI781224MOCRNR09' for key 'aspirantes.idx_curp'
in SYSTEMPATH\Database\MySQLi\Connection.php on line 327.
 1 SYSTEMPATH\Database\MySQLi\Connection.php(327): mysqli->query('INSERT INTO `aspirantes` (`curp`, `primer_apellido`, `segundo_apellido`, `nombre`, `correo`, `fecha_nacimiento`, `edad`, `genero`, `telefono`, `sede`, `carrera`, `sede_alternativa`, `carrera_alternativa`, `reingreso`) VALUES (\'PESI781224MOCRNR09\', \'PEREZ\', \'SANCHEZ\', \'IRMA\', \'20161300@itoaxaca.edu.mx\', \'1978-12-24\', \'46\', \'Femenino\', \'9512104918\', \'1\', \'undefined\', \'2\', \'undefined\', \'No\')', 0)
 2 SYSTEMPATH\Database\BaseConnection.php(738): CodeIgniter\Database\MySQLi\Connection->execute('INSERT INTO `aspirantes` (`curp`, `primer_apellido`, `segundo_apellido`, `nombre`, `correo`, `fecha_nacimiento`, `edad`, `genero`, `telefono`, `sede`, `carrera`, `sede_alternativa`, `carrera_alternativa`, `reingreso`) VALUES (\'PESI781224MOCRNR09\', \'PEREZ\', \'SANCHEZ\', \'IRMA\', \'20161300@itoaxaca.edu.mx\', \'1978-12-24\', \'46\', \'Femenino\', \'9512104918\', \'1\', \'undefined\', \'2\', \'undefined\', \'No\')')
 3 SYSTEMPATH\Database\BaseConnection.php(652): CodeIgniter\Database\BaseConnection->simpleQuery('INSERT INTO `aspirantes` (`curp`, `primer_apellido`, `segundo_apellido`, `nombre`, `correo`, `fecha_nacimiento`, `edad`, `genero`, `telefono`, `sede`, `carrera`, `sede_alternativa`, `carrera_alternativa`, `reingreso`) VALUES (\'PESI781224MOCRNR09\', \'PEREZ\', \'SANCHEZ\', \'IRMA\', \'20161300@itoaxaca.edu.mx\', \'1978-12-24\', \'46\', \'Femenino\', \'9512104918\', \'1\', \'undefined\', \'2\', \'undefined\', \'No\')')
 4 SYSTEMPATH\Database\BaseBuilder.php(2345): CodeIgniter\Database\BaseConnection->query('INSERT INTO `aspirantes` (`curp`, `primer_apellido`, `segundo_apellido`, `nombre`, `correo`, `fecha_nacimiento`, `edad`, `genero`, `telefono`, `sede`, `carrera`, `sede_alternativa`, `carrera_alternativa`, `reingreso`) VALUES (:curp:, :primer_apellido:, :segundo_apellido:, :nombre:, :correo:, :fecha_nacimiento:, :edad:, :genero:, :telefono:, :sede:, :carrera:, :sede_alternativa:, :carrera_alternativa:, :reingreso:)', [...], false)
 5 SYSTEMPATH\Model.php(394): CodeIgniter\Database\BaseBuilder->insert()
 6 SYSTEMPATH\BaseModel.php(839): CodeIgniter\Model->doInsert([...])
 7 SYSTEMPATH\Model.php(800): CodeIgniter\BaseModel->insert([...], false)
 8 SYSTEMPATH\BaseModel.php(750): CodeIgniter\Model->insert([...], false)
 9 APPPATH\Controllers\Aspirante.php(99): CodeIgniter\BaseModel->save([...])
10 SYSTEMPATH\CodeIgniter.php(933): App\Controllers\Aspirante->create()
11 SYSTEMPATH\CodeIgniter.php(507): CodeIgniter\CodeIgniter->runController(Object(App\Controllers\Aspirante))
12 SYSTEMPATH\CodeIgniter.php(354): CodeIgniter\CodeIgniter->handleRequest(null, Object(Config\Cache), false)
13 SYSTEMPATH\Boot.php(334): CodeIgniter\CodeIgniter->run()
14 SYSTEMPATH\Boot.php(67): CodeIgniter\Boot::runCodeIgniter(Object(CodeIgniter\CodeIgniter))
15 FCPATH\index.php(56): CodeIgniter\Boot::bootWeb(Object(Config\Paths))
16 SYSTEMPATH\rewrite.php(44): require_once('C:\\Users\\Jorge Andrey\\Desktop\\arpirantes\\public\\index.php')
ERROR - 2025-06-03 00:58:38 --> mysqli_sql_exception: Duplicate entry 'PESI781224MOCRNR09' for key 'aspirantes.idx_curp' in C:\Users\Jorge Andrey\Desktop\arpirantes\system\Database\MySQLi\Connection.php:327
Stack trace:
#0 C:\Users\Jorge Andrey\Desktop\arpirantes\system\Database\MySQLi\Connection.php(327): mysqli->query('INSERT INTO `as...', 0)
#1 C:\Users\Jorge Andrey\Desktop\arpirantes\system\Database\BaseConnection.php(738): CodeIgniter\Database\MySQLi\Connection->execute('INSERT INTO `as...')
#2 C:\Users\Jorge Andrey\Desktop\arpirantes\system\Database\BaseConnection.php(652): CodeIgniter\Database\BaseConnection->simpleQuery('INSERT INTO `as...')
#3 C:\Users\Jorge Andrey\Desktop\arpirantes\system\Database\BaseBuilder.php(2345): CodeIgniter\Database\BaseConnection->query('INSERT INTO `as...', Array, false)
#4 C:\Users\Jorge Andrey\Desktop\arpirantes\system\Model.php(394): CodeIgniter\Database\BaseBuilder->insert()
#5 C:\Users\Jorge Andrey\Desktop\arpirantes\system\BaseModel.php(839): CodeIgniter\Model->doInsert(Array)
#6 C:\Users\Jorge Andrey\Desktop\arpirantes\system\Model.php(800): CodeIgniter\BaseModel->insert(Array, false)
#7 C:\Users\Jorge Andrey\Desktop\arpirantes\system\BaseModel.php(750): CodeIgniter\Model->insert(Array, false)
#8 C:\Users\Jorge Andrey\Desktop\arpirantes\app\Controllers\Aspirante.php(99): CodeIgniter\BaseModel->save(Array)
#9 C:\Users\Jorge Andrey\Desktop\arpirantes\system\CodeIgniter.php(933): App\Controllers\Aspirante->create()
#10 C:\Users\Jorge Andrey\Desktop\arpirantes\system\CodeIgniter.php(507): CodeIgniter\CodeIgniter->runController(Object(App\Controllers\Aspirante))
#11 C:\Users\Jorge Andrey\Desktop\arpirantes\system\CodeIgniter.php(354): CodeIgniter\CodeIgniter->handleRequest(NULL, Object(Config\Cache), false)
#12 C:\Users\Jorge Andrey\Desktop\arpirantes\system\Boot.php(334): CodeIgniter\CodeIgniter->run()
#13 C:\Users\Jorge Andrey\Desktop\arpirantes\system\Boot.php(67): CodeIgniter\Boot::runCodeIgniter(Object(CodeIgniter\CodeIgniter))
#14 C:\Users\Jorge Andrey\Desktop\arpirantes\public\index.php(56): CodeIgniter\Boot::bootWeb(Object(Config\Paths))
#15 C:\Users\Jorge Andrey\Desktop\arpirantes\system\rewrite.php(44): require_once('C:\\Users\\Jorge ...')
#16 {main}
CRITICAL - 2025-06-03 00:58:38 --> CodeIgniter\Database\Exceptions\DatabaseException: Duplicate entry 'PESI781224MOCRNR09' for key 'aspirantes.idx_curp'
[Method: POST, Route: guardar-aspirante]
in SYSTEMPATH\Database\BaseConnection.php on line 692.
 1 SYSTEMPATH\Database\BaseBuilder.php(2345): CodeIgniter\Database\BaseConnection->query('INSERT INTO `aspirantes` (`curp`, `primer_apellido`, `segundo_apellido`, `nombre`, `correo`, `fecha_nacimiento`, `edad`, `genero`, `telefono`, `sede`, `carrera`, `sede_alternativa`, `carrera_alternativa`, `reingreso`) VALUES (:curp:, :primer_apellido:, :segundo_apellido:, :nombre:, :correo:, :fecha_nacimiento:, :edad:, :genero:, :telefono:, :sede:, :carrera:, :sede_alternativa:, :carrera_alternativa:, :reingreso:)', [...], false)
 2 SYSTEMPATH\Model.php(394): CodeIgniter\Database\BaseBuilder->insert()
 3 SYSTEMPATH\BaseModel.php(839): CodeIgniter\Model->doInsert([...])
 4 SYSTEMPATH\Model.php(800): CodeIgniter\BaseModel->insert([...], false)
 5 SYSTEMPATH\BaseModel.php(750): CodeIgniter\Model->insert([...], false)
 6 APPPATH\Controllers\Aspirante.php(99): CodeIgniter\BaseModel->save([...])
 7 SYSTEMPATH\CodeIgniter.php(933): App\Controllers\Aspirante->create()
 8 SYSTEMPATH\CodeIgniter.php(507): CodeIgniter\CodeIgniter->runController(Object(App\Controllers\Aspirante))
 9 SYSTEMPATH\CodeIgniter.php(354): CodeIgniter\CodeIgniter->handleRequest(null, Object(Config\Cache), false)
10 SYSTEMPATH\Boot.php(334): CodeIgniter\CodeIgniter->run()
11 SYSTEMPATH\Boot.php(67): CodeIgniter\Boot::runCodeIgniter(Object(CodeIgniter\CodeIgniter))
12 FCPATH\index.php(56): CodeIgniter\Boot::bootWeb(Object(Config\Paths))
13 SYSTEMPATH\rewrite.php(44): require_once('C:\\Users\\Jorge Andrey\\Desktop\\arpirantes\\public\\index.php')
CRITICAL - 2025-06-03 00:58:38 --> [Caused by] CodeIgniter\Database\Exceptions\DatabaseException: Duplicate entry 'PESI781224MOCRNR09' for key 'aspirantes.idx_curp'
in SYSTEMPATH\Database\MySQLi\Connection.php on line 332.
 1 SYSTEMPATH\Database\BaseConnection.php(738): CodeIgniter\Database\MySQLi\Connection->execute('INSERT INTO `aspirantes` (`curp`, `primer_apellido`, `segundo_apellido`, `nombre`, `correo`, `fecha_nacimiento`, `edad`, `genero`, `telefono`, `sede`, `carrera`, `sede_alternativa`, `carrera_alternativa`, `reingreso`) VALUES (\'PESI781224MOCRNR09\', \'PEREZ\', \'SANCHEZ\', \'IRMA\', \'20161300@itoaxaca.edu.mx\', \'1978-12-24\', \'46\', \'Femenino\', \'9512104918\', \'1\', \'undefined\', \'2\', \'undefined\', \'No\')')
 2 SYSTEMPATH\Database\BaseConnection.php(652): CodeIgniter\Database\BaseConnection->simpleQuery('INSERT INTO `aspirantes` (`curp`, `primer_apellido`, `segundo_apellido`, `nombre`, `correo`, `fecha_nacimiento`, `edad`, `genero`, `telefono`, `sede`, `carrera`, `sede_alternativa`, `carrera_alternativa`, `reingreso`) VALUES (\'PESI781224MOCRNR09\', \'PEREZ\', \'SANCHEZ\', \'IRMA\', \'20161300@itoaxaca.edu.mx\', \'1978-12-24\', \'46\', \'Femenino\', \'9512104918\', \'1\', \'undefined\', \'2\', \'undefined\', \'No\')')
 3 SYSTEMPATH\Database\BaseBuilder.php(2345): CodeIgniter\Database\BaseConnection->query('INSERT INTO `aspirantes` (`curp`, `primer_apellido`, `segundo_apellido`, `nombre`, `correo`, `fecha_nacimiento`, `edad`, `genero`, `telefono`, `sede`, `carrera`, `sede_alternativa`, `carrera_alternativa`, `reingreso`) VALUES (:curp:, :primer_apellido:, :segundo_apellido:, :nombre:, :correo:, :fecha_nacimiento:, :edad:, :genero:, :telefono:, :sede:, :carrera:, :sede_alternativa:, :carrera_alternativa:, :reingreso:)', [...], false)
 4 SYSTEMPATH\Model.php(394): CodeIgniter\Database\BaseBuilder->insert()
 5 SYSTEMPATH\BaseModel.php(839): CodeIgniter\Model->doInsert([...])
 6 SYSTEMPATH\Model.php(800): CodeIgniter\BaseModel->insert([...], false)
 7 SYSTEMPATH\BaseModel.php(750): CodeIgniter\Model->insert([...], false)
 8 APPPATH\Controllers\Aspirante.php(99): CodeIgniter\BaseModel->save([...])
 9 SYSTEMPATH\CodeIgniter.php(933): App\Controllers\Aspirante->create()
10 SYSTEMPATH\CodeIgniter.php(507): CodeIgniter\CodeIgniter->runController(Object(App\Controllers\Aspirante))
11 SYSTEMPATH\CodeIgniter.php(354): CodeIgniter\CodeIgniter->handleRequest(null, Object(Config\Cache), false)
12 SYSTEMPATH\Boot.php(334): CodeIgniter\CodeIgniter->run()
13 SYSTEMPATH\Boot.php(67): CodeIgniter\Boot::runCodeIgniter(Object(CodeIgniter\CodeIgniter))
14 FCPATH\index.php(56): CodeIgniter\Boot::bootWeb(Object(Config\Paths))
15 SYSTEMPATH\rewrite.php(44): require_once('C:\\Users\\Jorge Andrey\\Desktop\\arpirantes\\public\\index.php')
CRITICAL - 2025-06-03 00:58:38 --> [Caused by] mysqli_sql_exception: Duplicate entry 'PESI781224MOCRNR09' for key 'aspirantes.idx_curp'
in SYSTEMPATH\Database\MySQLi\Connection.php on line 327.
 1 SYSTEMPATH\Database\MySQLi\Connection.php(327): mysqli->query('INSERT INTO `aspirantes` (`curp`, `primer_apellido`, `segundo_apellido`, `nombre`, `correo`, `fecha_nacimiento`, `edad`, `genero`, `telefono`, `sede`, `carrera`, `sede_alternativa`, `carrera_alternativa`, `reingreso`) VALUES (\'PESI781224MOCRNR09\', \'PEREZ\', \'SANCHEZ\', \'IRMA\', \'20161300@itoaxaca.edu.mx\', \'1978-12-24\', \'46\', \'Femenino\', \'9512104918\', \'1\', \'undefined\', \'2\', \'undefined\', \'No\')', 0)
 2 SYSTEMPATH\Database\BaseConnection.php(738): CodeIgniter\Database\MySQLi\Connection->execute('INSERT INTO `aspirantes` (`curp`, `primer_apellido`, `segundo_apellido`, `nombre`, `correo`, `fecha_nacimiento`, `edad`, `genero`, `telefono`, `sede`, `carrera`, `sede_alternativa`, `carrera_alternativa`, `reingreso`) VALUES (\'PESI781224MOCRNR09\', \'PEREZ\', \'SANCHEZ\', \'IRMA\', \'20161300@itoaxaca.edu.mx\', \'1978-12-24\', \'46\', \'Femenino\', \'9512104918\', \'1\', \'undefined\', \'2\', \'undefined\', \'No\')')
 3 SYSTEMPATH\Database\BaseConnection.php(652): CodeIgniter\Database\BaseConnection->simpleQuery('INSERT INTO `aspirantes` (`curp`, `primer_apellido`, `segundo_apellido`, `nombre`, `correo`, `fecha_nacimiento`, `edad`, `genero`, `telefono`, `sede`, `carrera`, `sede_alternativa`, `carrera_alternativa`, `reingreso`) VALUES (\'PESI781224MOCRNR09\', \'PEREZ\', \'SANCHEZ\', \'IRMA\', \'20161300@itoaxaca.edu.mx\', \'1978-12-24\', \'46\', \'Femenino\', \'9512104918\', \'1\', \'undefined\', \'2\', \'undefined\', \'No\')')
 4 SYSTEMPATH\Database\BaseBuilder.php(2345): CodeIgniter\Database\BaseConnection->query('INSERT INTO `aspirantes` (`curp`, `primer_apellido`, `segundo_apellido`, `nombre`, `correo`, `fecha_nacimiento`, `edad`, `genero`, `telefono`, `sede`, `carrera`, `sede_alternativa`, `carrera_alternativa`, `reingreso`) VALUES (:curp:, :primer_apellido:, :segundo_apellido:, :nombre:, :correo:, :fecha_nacimiento:, :edad:, :genero:, :telefono:, :sede:, :carrera:, :sede_alternativa:, :carrera_alternativa:, :reingreso:)', [...], false)
 5 SYSTEMPATH\Model.php(394): CodeIgniter\Database\BaseBuilder->insert()
 6 SYSTEMPATH\BaseModel.php(839): CodeIgniter\Model->doInsert([...])
 7 SYSTEMPATH\Model.php(800): CodeIgniter\BaseModel->insert([...], false)
 8 SYSTEMPATH\BaseModel.php(750): CodeIgniter\Model->insert([...], false)
 9 APPPATH\Controllers\Aspirante.php(99): CodeIgniter\BaseModel->save([...])
10 SYSTEMPATH\CodeIgniter.php(933): App\Controllers\Aspirante->create()
11 SYSTEMPATH\CodeIgniter.php(507): CodeIgniter\CodeIgniter->runController(Object(App\Controllers\Aspirante))
12 SYSTEMPATH\CodeIgniter.php(354): CodeIgniter\CodeIgniter->handleRequest(null, Object(Config\Cache), false)
13 SYSTEMPATH\Boot.php(334): CodeIgniter\CodeIgniter->run()
14 SYSTEMPATH\Boot.php(67): CodeIgniter\Boot::runCodeIgniter(Object(CodeIgniter\CodeIgniter))
15 FCPATH\index.php(56): CodeIgniter\Boot::bootWeb(Object(Config\Paths))
16 SYSTEMPATH\rewrite.php(44): require_once('C:\\Users\\Jorge Andrey\\Desktop\\arpirantes\\public\\index.php')
ERROR - 2025-06-03 01:00:06 --> mysqli_sql_exception: Duplicate entry 'PESI781224MOCRNR09' for key 'aspirantes.idx_curp' in C:\Users\Jorge Andrey\Desktop\arpirantes\system\Database\MySQLi\Connection.php:327
Stack trace:
#0 C:\Users\Jorge Andrey\Desktop\arpirantes\system\Database\MySQLi\Connection.php(327): mysqli->query('INSERT INTO `as...', 0)
#1 C:\Users\Jorge Andrey\Desktop\arpirantes\system\Database\BaseConnection.php(738): CodeIgniter\Database\MySQLi\Connection->execute('INSERT INTO `as...')
#2 C:\Users\Jorge Andrey\Desktop\arpirantes\system\Database\BaseConnection.php(652): CodeIgniter\Database\BaseConnection->simpleQuery('INSERT INTO `as...')
#3 C:\Users\Jorge Andrey\Desktop\arpirantes\system\Database\BaseBuilder.php(2345): CodeIgniter\Database\BaseConnection->query('INSERT INTO `as...', Array, false)
#4 C:\Users\Jorge Andrey\Desktop\arpirantes\system\Model.php(394): CodeIgniter\Database\BaseBuilder->insert()
#5 C:\Users\Jorge Andrey\Desktop\arpirantes\system\BaseModel.php(839): CodeIgniter\Model->doInsert(Array)
#6 C:\Users\Jorge Andrey\Desktop\arpirantes\system\Model.php(800): CodeIgniter\BaseModel->insert(Array, false)
#7 C:\Users\Jorge Andrey\Desktop\arpirantes\system\BaseModel.php(750): CodeIgniter\Model->insert(Array, false)
#8 C:\Users\Jorge Andrey\Desktop\arpirantes\app\Controllers\Aspirante.php(99): CodeIgniter\BaseModel->save(Array)
#9 C:\Users\Jorge Andrey\Desktop\arpirantes\system\CodeIgniter.php(933): App\Controllers\Aspirante->create()
#10 C:\Users\Jorge Andrey\Desktop\arpirantes\system\CodeIgniter.php(507): CodeIgniter\CodeIgniter->runController(Object(App\Controllers\Aspirante))
#11 C:\Users\Jorge Andrey\Desktop\arpirantes\system\CodeIgniter.php(354): CodeIgniter\CodeIgniter->handleRequest(NULL, Object(Config\Cache), false)
#12 C:\Users\Jorge Andrey\Desktop\arpirantes\system\Boot.php(334): CodeIgniter\CodeIgniter->run()
#13 C:\Users\Jorge Andrey\Desktop\arpirantes\system\Boot.php(67): CodeIgniter\Boot::runCodeIgniter(Object(CodeIgniter\CodeIgniter))
#14 C:\Users\Jorge Andrey\Desktop\arpirantes\public\index.php(56): CodeIgniter\Boot::bootWeb(Object(Config\Paths))
#15 C:\Users\Jorge Andrey\Desktop\arpirantes\system\rewrite.php(44): require_once('C:\\Users\\Jorge ...')
#16 {main}
CRITICAL - 2025-06-03 01:00:06 --> CodeIgniter\Database\Exceptions\DatabaseException: Duplicate entry 'PESI781224MOCRNR09' for key 'aspirantes.idx_curp'
[Method: POST, Route: guardar-aspirante]
in SYSTEMPATH\Database\BaseConnection.php on line 692.
 1 SYSTEMPATH\Database\BaseBuilder.php(2345): CodeIgniter\Database\BaseConnection->query('INSERT INTO `aspirantes` (`curp`, `primer_apellido`, `segundo_apellido`, `nombre`, `correo`, `fecha_nacimiento`, `edad`, `genero`, `telefono`, `sede`, `carrera`, `sede_alternativa`, `carrera_alternativa`, `reingreso`) VALUES (:curp:, :primer_apellido:, :segundo_apellido:, :nombre:, :correo:, :fecha_nacimiento:, :edad:, :genero:, :telefono:, :sede:, :carrera:, :sede_alternativa:, :carrera_alternativa:, :reingreso:)', [...], false)
 2 SYSTEMPATH\Model.php(394): CodeIgniter\Database\BaseBuilder->insert()
 3 SYSTEMPATH\BaseModel.php(839): CodeIgniter\Model->doInsert([...])
 4 SYSTEMPATH\Model.php(800): CodeIgniter\BaseModel->insert([...], false)
 5 SYSTEMPATH\BaseModel.php(750): CodeIgniter\Model->insert([...], false)
 6 APPPATH\Controllers\Aspirante.php(99): CodeIgniter\BaseModel->save([...])
 7 SYSTEMPATH\CodeIgniter.php(933): App\Controllers\Aspirante->create()
 8 SYSTEMPATH\CodeIgniter.php(507): CodeIgniter\CodeIgniter->runController(Object(App\Controllers\Aspirante))
 9 SYSTEMPATH\CodeIgniter.php(354): CodeIgniter\CodeIgniter->handleRequest(null, Object(Config\Cache), false)
10 SYSTEMPATH\Boot.php(334): CodeIgniter\CodeIgniter->run()
11 SYSTEMPATH\Boot.php(67): CodeIgniter\Boot::runCodeIgniter(Object(CodeIgniter\CodeIgniter))
12 FCPATH\index.php(56): CodeIgniter\Boot::bootWeb(Object(Config\Paths))
13 SYSTEMPATH\rewrite.php(44): require_once('C:\\Users\\Jorge Andrey\\Desktop\\arpirantes\\public\\index.php')
CRITICAL - 2025-06-03 01:00:06 --> [Caused by] CodeIgniter\Database\Exceptions\DatabaseException: Duplicate entry 'PESI781224MOCRNR09' for key 'aspirantes.idx_curp'
in SYSTEMPATH\Database\MySQLi\Connection.php on line 332.
 1 SYSTEMPATH\Database\BaseConnection.php(738): CodeIgniter\Database\MySQLi\Connection->execute('INSERT INTO `aspirantes` (`curp`, `primer_apellido`, `segundo_apellido`, `nombre`, `correo`, `fecha_nacimiento`, `edad`, `genero`, `telefono`, `sede`, `carrera`, `sede_alternativa`, `carrera_alternativa`, `reingreso`) VALUES (\'PESI781224MOCRNR09\', \'PEREZ\', \'SANCHEZ\', \'IRMA\', \'20161300@itoaxaca.edu.mx\', \'1978-12-24\', \'46\', \'Femenino\', \'9512104918\', \'1\', \'undefined\', \'2\', \'undefined\', \'No\')')
 2 SYSTEMPATH\Database\BaseConnection.php(652): CodeIgniter\Database\BaseConnection->simpleQuery('INSERT INTO `aspirantes` (`curp`, `primer_apellido`, `segundo_apellido`, `nombre`, `correo`, `fecha_nacimiento`, `edad`, `genero`, `telefono`, `sede`, `carrera`, `sede_alternativa`, `carrera_alternativa`, `reingreso`) VALUES (\'PESI781224MOCRNR09\', \'PEREZ\', \'SANCHEZ\', \'IRMA\', \'20161300@itoaxaca.edu.mx\', \'1978-12-24\', \'46\', \'Femenino\', \'9512104918\', \'1\', \'undefined\', \'2\', \'undefined\', \'No\')')
 3 SYSTEMPATH\Database\BaseBuilder.php(2345): CodeIgniter\Database\BaseConnection->query('INSERT INTO `aspirantes` (`curp`, `primer_apellido`, `segundo_apellido`, `nombre`, `correo`, `fecha_nacimiento`, `edad`, `genero`, `telefono`, `sede`, `carrera`, `sede_alternativa`, `carrera_alternativa`, `reingreso`) VALUES (:curp:, :primer_apellido:, :segundo_apellido:, :nombre:, :correo:, :fecha_nacimiento:, :edad:, :genero:, :telefono:, :sede:, :carrera:, :sede_alternativa:, :carrera_alternativa:, :reingreso:)', [...], false)
 4 SYSTEMPATH\Model.php(394): CodeIgniter\Database\BaseBuilder->insert()
 5 SYSTEMPATH\BaseModel.php(839): CodeIgniter\Model->doInsert([...])
 6 SYSTEMPATH\Model.php(800): CodeIgniter\BaseModel->insert([...], false)
 7 SYSTEMPATH\BaseModel.php(750): CodeIgniter\Model->insert([...], false)
 8 APPPATH\Controllers\Aspirante.php(99): CodeIgniter\BaseModel->save([...])
 9 SYSTEMPATH\CodeIgniter.php(933): App\Controllers\Aspirante->create()
10 SYSTEMPATH\CodeIgniter.php(507): CodeIgniter\CodeIgniter->runController(Object(App\Controllers\Aspirante))
11 SYSTEMPATH\CodeIgniter.php(354): CodeIgniter\CodeIgniter->handleRequest(null, Object(Config\Cache), false)
12 SYSTEMPATH\Boot.php(334): CodeIgniter\CodeIgniter->run()
13 SYSTEMPATH\Boot.php(67): CodeIgniter\Boot::runCodeIgniter(Object(CodeIgniter\CodeIgniter))
14 FCPATH\index.php(56): CodeIgniter\Boot::bootWeb(Object(Config\Paths))
15 SYSTEMPATH\rewrite.php(44): require_once('C:\\Users\\Jorge Andrey\\Desktop\\arpirantes\\public\\index.php')
CRITICAL - 2025-06-03 01:00:06 --> [Caused by] mysqli_sql_exception: Duplicate entry 'PESI781224MOCRNR09' for key 'aspirantes.idx_curp'
in SYSTEMPATH\Database\MySQLi\Connection.php on line 327.
 1 SYSTEMPATH\Database\MySQLi\Connection.php(327): mysqli->query('INSERT INTO `aspirantes` (`curp`, `primer_apellido`, `segundo_apellido`, `nombre`, `correo`, `fecha_nacimiento`, `edad`, `genero`, `telefono`, `sede`, `carrera`, `sede_alternativa`, `carrera_alternativa`, `reingreso`) VALUES (\'PESI781224MOCRNR09\', \'PEREZ\', \'SANCHEZ\', \'IRMA\', \'20161300@itoaxaca.edu.mx\', \'1978-12-24\', \'46\', \'Femenino\', \'9512104918\', \'1\', \'undefined\', \'2\', \'undefined\', \'No\')', 0)
 2 SYSTEMPATH\Database\BaseConnection.php(738): CodeIgniter\Database\MySQLi\Connection->execute('INSERT INTO `aspirantes` (`curp`, `primer_apellido`, `segundo_apellido`, `nombre`, `correo`, `fecha_nacimiento`, `edad`, `genero`, `telefono`, `sede`, `carrera`, `sede_alternativa`, `carrera_alternativa`, `reingreso`) VALUES (\'PESI781224MOCRNR09\', \'PEREZ\', \'SANCHEZ\', \'IRMA\', \'20161300@itoaxaca.edu.mx\', \'1978-12-24\', \'46\', \'Femenino\', \'9512104918\', \'1\', \'undefined\', \'2\', \'undefined\', \'No\')')
 3 SYSTEMPATH\Database\BaseConnection.php(652): CodeIgniter\Database\BaseConnection->simpleQuery('INSERT INTO `aspirantes` (`curp`, `primer_apellido`, `segundo_apellido`, `nombre`, `correo`, `fecha_nacimiento`, `edad`, `genero`, `telefono`, `sede`, `carrera`, `sede_alternativa`, `carrera_alternativa`, `reingreso`) VALUES (\'PESI781224MOCRNR09\', \'PEREZ\', \'SANCHEZ\', \'IRMA\', \'20161300@itoaxaca.edu.mx\', \'1978-12-24\', \'46\', \'Femenino\', \'9512104918\', \'1\', \'undefined\', \'2\', \'undefined\', \'No\')')
 4 SYSTEMPATH\Database\BaseBuilder.php(2345): CodeIgniter\Database\BaseConnection->query('INSERT INTO `aspirantes` (`curp`, `primer_apellido`, `segundo_apellido`, `nombre`, `correo`, `fecha_nacimiento`, `edad`, `genero`, `telefono`, `sede`, `carrera`, `sede_alternativa`, `carrera_alternativa`, `reingreso`) VALUES (:curp:, :primer_apellido:, :segundo_apellido:, :nombre:, :correo:, :fecha_nacimiento:, :edad:, :genero:, :telefono:, :sede:, :carrera:, :sede_alternativa:, :carrera_alternativa:, :reingreso:)', [...], false)
 5 SYSTEMPATH\Model.php(394): CodeIgniter\Database\BaseBuilder->insert()
 6 SYSTEMPATH\BaseModel.php(839): CodeIgniter\Model->doInsert([...])
 7 SYSTEMPATH\Model.php(800): CodeIgniter\BaseModel->insert([...], false)
 8 SYSTEMPATH\BaseModel.php(750): CodeIgniter\Model->insert([...], false)
 9 APPPATH\Controllers\Aspirante.php(99): CodeIgniter\BaseModel->save([...])
10 SYSTEMPATH\CodeIgniter.php(933): App\Controllers\Aspirante->create()
11 SYSTEMPATH\CodeIgniter.php(507): CodeIgniter\CodeIgniter->runController(Object(App\Controllers\Aspirante))
12 SYSTEMPATH\CodeIgniter.php(354): CodeIgniter\CodeIgniter->handleRequest(null, Object(Config\Cache), false)
13 SYSTEMPATH\Boot.php(334): CodeIgniter\CodeIgniter->run()
14 SYSTEMPATH\Boot.php(67): CodeIgniter\Boot::runCodeIgniter(Object(CodeIgniter\CodeIgniter))
15 FCPATH\index.php(56): CodeIgniter\Boot::bootWeb(Object(Config\Paths))
16 SYSTEMPATH\rewrite.php(44): require_once('C:\\Users\\Jorge Andrey\\Desktop\\arpirantes\\public\\index.php')
CRITICAL - 2025-06-03 01:15:17 --> ErrorException: Undefined array key "id"
[Method: GET, Route: Acceso/aspirante_registrados]
in APPPATH\Views\base\publico\aspirantes_registrados.php on line 60.
 1 APPPATH\Views\base\publico\aspirantes_registrados.php(60): CodeIgniter\Debug\Exceptions->errorHandler(2, 'Undefined array key "id"', 'C:\\Users\\Jorge Andrey\\Desktop\\arpirantes\\app\\Views\\base\\publico\\aspirantes_registrados.php', 60)
 2 SYSTEMPATH\View\View.php(224): include('C:\\Users\\Jorge Andrey\\Desktop\\arpirantes\\app\\Views\\base\\publico\\aspirantes_registrados.php')
 3 SYSTEMPATH\View\View.php(227): CodeIgniter\View\View->CodeIgniter\View\{closure}()
 4 SYSTEMPATH\Common.php(1173): CodeIgniter\View\View->render('base/publico/aspirantes_registrados', [], true)
 5 APPPATH\Controllers\Aspirante.php(263): view('base/publico/aspirantes_registrados', [...])
 6 SYSTEMPATH\CodeIgniter.php(933): App\Controllers\Aspirante->indexAS()
 7 SYSTEMPATH\CodeIgniter.php(507): CodeIgniter\CodeIgniter->runController(Object(App\Controllers\Aspirante))
 8 SYSTEMPATH\CodeIgniter.php(354): CodeIgniter\CodeIgniter->handleRequest(null, Object(Config\Cache), false)
 9 SYSTEMPATH\Boot.php(334): CodeIgniter\CodeIgniter->run()
10 SYSTEMPATH\Boot.php(67): CodeIgniter\Boot::runCodeIgniter(Object(CodeIgniter\CodeIgniter))
11 FCPATH\index.php(56): CodeIgniter\Boot::bootWeb(Object(Config\Paths))
12 SYSTEMPATH\rewrite.php(44): require_once('C:\\Users\\Jorge Andrey\\Desktop\\arpirantes\\public\\index.php')
CRITICAL - 2025-06-03 01:44:51 --> ErrorException: Undefined array key "id"
[Method: GET, Route: Acceso/aspirante_registrados]
in APPPATH\Views\base\publico\aspirantes_registrados.php on line 60.
 1 APPPATH\Views\base\publico\aspirantes_registrados.php(60): CodeIgniter\Debug\Exceptions->errorHandler(2, 'Undefined array key "id"', 'C:\\Users\\Jorge Andrey\\Desktop\\arpirantes\\app\\Views\\base\\publico\\aspirantes_registrados.php', 60)
 2 SYSTEMPATH\View\View.php(224): include('C:\\Users\\Jorge Andrey\\Desktop\\arpirantes\\app\\Views\\base\\publico\\aspirantes_registrados.php')
 3 SYSTEMPATH\View\View.php(227): CodeIgniter\View\View->CodeIgniter\View\{closure}()
 4 SYSTEMPATH\Common.php(1173): CodeIgniter\View\View->render('base/publico/aspirantes_registrados', [], true)
 5 APPPATH\Controllers\Aspirante.php(271): view('base/publico/aspirantes_registrados', [...])
 6 SYSTEMPATH\CodeIgniter.php(933): App\Controllers\Aspirante->indexAS()
 7 SYSTEMPATH\CodeIgniter.php(507): CodeIgniter\CodeIgniter->runController(Object(App\Controllers\Aspirante))
 8 SYSTEMPATH\CodeIgniter.php(354): CodeIgniter\CodeIgniter->handleRequest(null, Object(Config\Cache), false)
 9 SYSTEMPATH\Boot.php(334): CodeIgniter\CodeIgniter->run()
10 SYSTEMPATH\Boot.php(67): CodeIgniter\Boot::runCodeIgniter(Object(CodeIgniter\CodeIgniter))
11 FCPATH\index.php(56): CodeIgniter\Boot::bootWeb(Object(Config\Paths))
12 SYSTEMPATH\rewrite.php(44): require_once('C:\\Users\\Jorge Andrey\\Desktop\\arpirantes\\public\\index.php')
