CRITICAL - 2025-08-03 15:19:27 --> CodeIgniter\View\Exceptions\ViewException: Invalid file: "pdf/aspirantes_seleccionados.php"
[Method: GET, Route: aspirantes/imprimirSeleccionados]
in SYSTEMPATH\Exceptions\FrameworkException.php on line 39.
 1 SYSTEMPATH\View\View.php(212): CodeIgniter\Exceptions\FrameworkException::forInvalidFile('pdf/aspirantes_seleccionados.php')
 2 SYSTEMPATH\Common.php(1173): CodeIgniter\View\View->render('pdf/aspirantes_seleccionados', [], true)
 3 APPPATH\Controllers\Aspirante.php(614): view('pdf/aspirantes_seleccionados', [...])
 4 SYSTEMPATH\CodeIgniter.php(933): App\Controllers\Aspirante->imprimirSeleccionados()
 5 SYSTEMPATH\CodeIgniter.php(507): CodeIgniter\CodeIgniter->runController(Object(App\Controllers\Aspirante))
 6 SYSTEMPATH\CodeIgniter.php(354): CodeIgniter\CodeIgniter->handleRequest(null, Object(Config\Cache), false)
 7 SYSTEMPATH\Boot.php(334): CodeIgniter\CodeIgniter->run()
 8 SYSTEMPATH\Boot.php(67): CodeIgniter\Boot::runCodeIgniter(Object(CodeIgniter\CodeIgniter))
 9 FCPATH\index.php(56): CodeIgniter\Boot::bootWeb(Object(Config\Paths))
10 SYSTEMPATH\rewrite.php(44): require_once('C:\\xampp\\htdocs\\rockstar\\rockstar\\public\\index.php')
CRITICAL - 2025-08-03 15:19:53 --> CodeIgniter\View\Exceptions\ViewException: Invalid file: "pdf/aspirantes_seleccionados.php"
[Method: GET, Route: aspirantes/imprimirSeleccionados]
in SYSTEMPATH\Exceptions\FrameworkException.php on line 39.
 1 SYSTEMPATH\View\View.php(212): CodeIgniter\Exceptions\FrameworkException::forInvalidFile('pdf/aspirantes_seleccionados.php')
 2 SYSTEMPATH\Common.php(1173): CodeIgniter\View\View->render('pdf/aspirantes_seleccionados', [], true)
 3 APPPATH\Controllers\Aspirante.php(614): view('pdf/aspirantes_seleccionados', [...])
 4 SYSTEMPATH\CodeIgniter.php(933): App\Controllers\Aspirante->imprimirSeleccionados()
 5 SYSTEMPATH\CodeIgniter.php(507): CodeIgniter\CodeIgniter->runController(Object(App\Controllers\Aspirante))
 6 SYSTEMPATH\CodeIgniter.php(354): CodeIgniter\CodeIgniter->handleRequest(null, Object(Config\Cache), false)
 7 SYSTEMPATH\Boot.php(334): CodeIgniter\CodeIgniter->run()
 8 SYSTEMPATH\Boot.php(67): CodeIgniter\Boot::runCodeIgniter(Object(CodeIgniter\CodeIgniter))
 9 FCPATH\index.php(56): CodeIgniter\Boot::bootWeb(Object(Config\Paths))
10 SYSTEMPATH\rewrite.php(44): require_once('C:\\xampp\\htdocs\\rockstar\\rockstar\\public\\index.php')
