ERROR - 2025-06-26 17:15:03 --> mysqli_sql_exception: Cannot add or update a child row: a foreign key constraint fails (`discere2`.`aspirantes`, CONSTRAINT `periodo` FOREIGN KEY (`periodo`) REFERENCES `convocatorias` (`codigo`)) in C:\xampp\htdocs\arpirantes\system\Database\MySQLi\Connection.php:327
Stack trace:
#0 C:\xampp\htdocs\arpirantes\system\Database\MySQLi\Connection.php(327): mysqli->query('INSERT INTO `as...', 0)
#1 C:\xampp\htdocs\arpirantes\system\Database\BaseConnection.php(738): CodeIgniter\Database\MySQLi\Connection->execute('INSERT INTO `as...')
#2 C:\xampp\htdocs\arpirantes\system\Database\BaseConnection.php(652): CodeIgniter\Database\BaseConnection->simpleQuery('INSERT INTO `as...')
#3 C:\xampp\htdocs\arpirantes\system\Database\BaseBuilder.php(2345): CodeIgniter\Database\BaseConnection->query('INSERT INTO `as...', Array, false)
#4 C:\xampp\htdocs\arpirantes\system\Model.php(394): CodeIgniter\Database\BaseBuilder->insert()
#5 C:\xampp\htdocs\arpirantes\system\BaseModel.php(839): CodeIgniter\Model->doInsert(Array)
#6 C:\xampp\htdocs\arpirantes\system\Model.php(800): CodeIgniter\BaseModel->insert(Array, false)
#7 C:\xampp\htdocs\arpirantes\system\BaseModel.php(750): CodeIgniter\Model->insert(Array, false)
#8 C:\xampp\htdocs\arpirantes\app\Controllers\Aspirante.php(484): CodeIgniter\BaseModel->save(Array)
#9 C:\xampp\htdocs\arpirantes\system\CodeIgniter.php(933): App\Controllers\Aspirante->generarFalsosAspirantes('500')
#10 C:\xampp\htdocs\arpirantes\system\CodeIgniter.php(507): CodeIgniter\CodeIgniter->runController(Object(App\Controllers\Aspirante))
#11 C:\xampp\htdocs\arpirantes\system\CodeIgniter.php(354): CodeIgniter\CodeIgniter->handleRequest(NULL, Object(Config\Cache), false)
#12 C:\xampp\htdocs\arpirantes\system\Boot.php(334): CodeIgniter\CodeIgniter->run()
#13 C:\xampp\htdocs\arpirantes\system\Boot.php(67): CodeIgniter\Boot::runCodeIgniter(Object(CodeIgniter\CodeIgniter))
#14 C:\xampp\htdocs\arpirantes\public\index.php(56): CodeIgniter\Boot::bootWeb(Object(Config\Paths))
#15 C:\xampp\htdocs\arpirantes\system\rewrite.php(44): require_once('C:\\xampp\\htdocs...')
#16 {main}
CRITICAL - 2025-06-26 17:15:03 --> CodeIgniter\Database\Exceptions\DatabaseException: Cannot add or update a child row: a foreign key constraint fails (`discere2`.`aspirantes`, CONSTRAINT `periodo` FOREIGN KEY (`periodo`) REFERENCES `convocatorias` (`codigo`))
[Method: GET, Route: aspirante/generarFalsosAspirantes/500]
in SYSTEMPATH\Database\BaseConnection.php on line 692.
 1 SYSTEMPATH\Database\BaseBuilder.php(2345): CodeIgniter\Database\BaseConnection->query('INSERT INTO `aspirantes` (`curp`, `primer_apellido`, `segundo_apellido`, `nombre`, `correo`, `fecha_nacimiento`, `edad`, `genero`, `telefono`, `sede`, `carrera`, `sede_alternativa`, `carrera_alternativa`, `reingreso`, `preficha`) VALUES (:curp:, :primer_apellido:, :segundo_apellido:, :nombre:, :correo:, :fecha_nacimiento:, :edad:, :genero:, :telefono:, :sede:, :carrera:, :sede_alternativa:, :carrera_alternativa:, :reingreso:, :preficha:)', [...], false)
 2 SYSTEMPATH\Model.php(394): CodeIgniter\Database\BaseBuilder->insert()
 3 SYSTEMPATH\BaseModel.php(839): CodeIgniter\Model->doInsert([...])
 4 SYSTEMPATH\Model.php(800): CodeIgniter\BaseModel->insert([...], false)
 5 SYSTEMPATH\BaseModel.php(750): CodeIgniter\Model->insert([...], false)
 6 APPPATH\Controllers\Aspirante.php(484): CodeIgniter\BaseModel->save([...])
 7 SYSTEMPATH\CodeIgniter.php(933): App\Controllers\Aspirante->generarFalsosAspirantes('500')
 8 SYSTEMPATH\CodeIgniter.php(507): CodeIgniter\CodeIgniter->runController(Object(App\Controllers\Aspirante))
 9 SYSTEMPATH\CodeIgniter.php(354): CodeIgniter\CodeIgniter->handleRequest(null, Object(Config\Cache), false)
10 SYSTEMPATH\Boot.php(334): CodeIgniter\CodeIgniter->run()
11 SYSTEMPATH\Boot.php(67): CodeIgniter\Boot::runCodeIgniter(Object(CodeIgniter\CodeIgniter))
12 FCPATH\index.php(56): CodeIgniter\Boot::bootWeb(Object(Config\Paths))
13 SYSTEMPATH\rewrite.php(44): require_once('C:\\xampp\\htdocs\\arpirantes\\public\\index.php')
CRITICAL - 2025-06-26 17:15:03 --> [Caused by] CodeIgniter\Database\Exceptions\DatabaseException: Cannot add or update a child row: a foreign key constraint fails (`discere2`.`aspirantes`, CONSTRAINT `periodo` FOREIGN KEY (`periodo`) REFERENCES `convocatorias` (`codigo`))
in SYSTEMPATH\Database\MySQLi\Connection.php on line 332.
 1 SYSTEMPATH\Database\BaseConnection.php(738): CodeIgniter\Database\MySQLi\Connection->execute('INSERT INTO `aspirantes` (`curp`, `primer_apellido`, `segundo_apellido`, `nombre`, `correo`, `fecha_nacimiento`, `edad`, `genero`, `telefono`, `sede`, `carrera`, `sede_alternativa`, `carrera_alternativa`, `reingreso`, `preficha`) VALUES (\'XGB31WN9MU8GD0VW5H\', \'Wiza\', \'Hintz\', \'Agustin\', \'aspirante0_1750979703@example.com\', \'1993-07-12\', 24, \'F\', \'9519456439\', 1, 42, NULL, NULL, \'Sí\', 0)')
 2 SYSTEMPATH\Database\BaseConnection.php(652): CodeIgniter\Database\BaseConnection->simpleQuery('INSERT INTO `aspirantes` (`curp`, `primer_apellido`, `segundo_apellido`, `nombre`, `correo`, `fecha_nacimiento`, `edad`, `genero`, `telefono`, `sede`, `carrera`, `sede_alternativa`, `carrera_alternativa`, `reingreso`, `preficha`) VALUES (\'XGB31WN9MU8GD0VW5H\', \'Wiza\', \'Hintz\', \'Agustin\', \'aspirante0_1750979703@example.com\', \'1993-07-12\', 24, \'F\', \'9519456439\', 1, 42, NULL, NULL, \'Sí\', 0)')
 3 SYSTEMPATH\Database\BaseBuilder.php(2345): CodeIgniter\Database\BaseConnection->query('INSERT INTO `aspirantes` (`curp`, `primer_apellido`, `segundo_apellido`, `nombre`, `correo`, `fecha_nacimiento`, `edad`, `genero`, `telefono`, `sede`, `carrera`, `sede_alternativa`, `carrera_alternativa`, `reingreso`, `preficha`) VALUES (:curp:, :primer_apellido:, :segundo_apellido:, :nombre:, :correo:, :fecha_nacimiento:, :edad:, :genero:, :telefono:, :sede:, :carrera:, :sede_alternativa:, :carrera_alternativa:, :reingreso:, :preficha:)', [...], false)
 4 SYSTEMPATH\Model.php(394): CodeIgniter\Database\BaseBuilder->insert()
 5 SYSTEMPATH\BaseModel.php(839): CodeIgniter\Model->doInsert([...])
 6 SYSTEMPATH\Model.php(800): CodeIgniter\BaseModel->insert([...], false)
 7 SYSTEMPATH\BaseModel.php(750): CodeIgniter\Model->insert([...], false)
 8 APPPATH\Controllers\Aspirante.php(484): CodeIgniter\BaseModel->save([...])
 9 SYSTEMPATH\CodeIgniter.php(933): App\Controllers\Aspirante->generarFalsosAspirantes('500')
10 SYSTEMPATH\CodeIgniter.php(507): CodeIgniter\CodeIgniter->runController(Object(App\Controllers\Aspirante))
11 SYSTEMPATH\CodeIgniter.php(354): CodeIgniter\CodeIgniter->handleRequest(null, Object(Config\Cache), false)
12 SYSTEMPATH\Boot.php(334): CodeIgniter\CodeIgniter->run()
13 SYSTEMPATH\Boot.php(67): CodeIgniter\Boot::runCodeIgniter(Object(CodeIgniter\CodeIgniter))
14 FCPATH\index.php(56): CodeIgniter\Boot::bootWeb(Object(Config\Paths))
15 SYSTEMPATH\rewrite.php(44): require_once('C:\\xampp\\htdocs\\arpirantes\\public\\index.php')
CRITICAL - 2025-06-26 17:15:03 --> [Caused by] mysqli_sql_exception: Cannot add or update a child row: a foreign key constraint fails (`discere2`.`aspirantes`, CONSTRAINT `periodo` FOREIGN KEY (`periodo`) REFERENCES `convocatorias` (`codigo`))
in SYSTEMPATH\Database\MySQLi\Connection.php on line 327.
 1 SYSTEMPATH\Database\MySQLi\Connection.php(327): mysqli->query('INSERT INTO `aspirantes` (`curp`, `primer_apellido`, `segundo_apellido`, `nombre`, `correo`, `fecha_nacimiento`, `edad`, `genero`, `telefono`, `sede`, `carrera`, `sede_alternativa`, `carrera_alternativa`, `reingreso`, `preficha`) VALUES (\'XGB31WN9MU8GD0VW5H\', \'Wiza\', \'Hintz\', \'Agustin\', \'aspirante0_1750979703@example.com\', \'1993-07-12\', 24, \'F\', \'9519456439\', 1, 42, NULL, NULL, \'Sí\', 0)', 0)
 2 SYSTEMPATH\Database\BaseConnection.php(738): CodeIgniter\Database\MySQLi\Connection->execute('INSERT INTO `aspirantes` (`curp`, `primer_apellido`, `segundo_apellido`, `nombre`, `correo`, `fecha_nacimiento`, `edad`, `genero`, `telefono`, `sede`, `carrera`, `sede_alternativa`, `carrera_alternativa`, `reingreso`, `preficha`) VALUES (\'XGB31WN9MU8GD0VW5H\', \'Wiza\', \'Hintz\', \'Agustin\', \'aspirante0_1750979703@example.com\', \'1993-07-12\', 24, \'F\', \'9519456439\', 1, 42, NULL, NULL, \'Sí\', 0)')
 3 SYSTEMPATH\Database\BaseConnection.php(652): CodeIgniter\Database\BaseConnection->simpleQuery('INSERT INTO `aspirantes` (`curp`, `primer_apellido`, `segundo_apellido`, `nombre`, `correo`, `fecha_nacimiento`, `edad`, `genero`, `telefono`, `sede`, `carrera`, `sede_alternativa`, `carrera_alternativa`, `reingreso`, `preficha`) VALUES (\'XGB31WN9MU8GD0VW5H\', \'Wiza\', \'Hintz\', \'Agustin\', \'aspirante0_1750979703@example.com\', \'1993-07-12\', 24, \'F\', \'9519456439\', 1, 42, NULL, NULL, \'Sí\', 0)')
 4 SYSTEMPATH\Database\BaseBuilder.php(2345): CodeIgniter\Database\BaseConnection->query('INSERT INTO `aspirantes` (`curp`, `primer_apellido`, `segundo_apellido`, `nombre`, `correo`, `fecha_nacimiento`, `edad`, `genero`, `telefono`, `sede`, `carrera`, `sede_alternativa`, `carrera_alternativa`, `reingreso`, `preficha`) VALUES (:curp:, :primer_apellido:, :segundo_apellido:, :nombre:, :correo:, :fecha_nacimiento:, :edad:, :genero:, :telefono:, :sede:, :carrera:, :sede_alternativa:, :carrera_alternativa:, :reingreso:, :preficha:)', [...], false)
 5 SYSTEMPATH\Model.php(394): CodeIgniter\Database\BaseBuilder->insert()
 6 SYSTEMPATH\BaseModel.php(839): CodeIgniter\Model->doInsert([...])
 7 SYSTEMPATH\Model.php(800): CodeIgniter\BaseModel->insert([...], false)
 8 SYSTEMPATH\BaseModel.php(750): CodeIgniter\Model->insert([...], false)
 9 APPPATH\Controllers\Aspirante.php(484): CodeIgniter\BaseModel->save([...])
10 SYSTEMPATH\CodeIgniter.php(933): App\Controllers\Aspirante->generarFalsosAspirantes('500')
11 SYSTEMPATH\CodeIgniter.php(507): CodeIgniter\CodeIgniter->runController(Object(App\Controllers\Aspirante))
12 SYSTEMPATH\CodeIgniter.php(354): CodeIgniter\CodeIgniter->handleRequest(null, Object(Config\Cache), false)
13 SYSTEMPATH\Boot.php(334): CodeIgniter\CodeIgniter->run()
14 SYSTEMPATH\Boot.php(67): CodeIgniter\Boot::runCodeIgniter(Object(CodeIgniter\CodeIgniter))
15 FCPATH\index.php(56): CodeIgniter\Boot::bootWeb(Object(Config\Paths))
16 SYSTEMPATH\rewrite.php(44): require_once('C:\\xampp\\htdocs\\arpirantes\\public\\index.php')
CRITICAL - 2025-06-26 17:18:43 --> ErrorException: Maximum execution time of 60 seconds exceeded
[Method: GET, Route: aspirante/generarFalsosAspirantes/500]
in VENDORPATH\codeigniter4\shield\src\Authentication\Passwords.php on line 43.
 1 [internal function]: CodeIgniter\Debug\Exceptions->shutdownHandler()
CRITICAL - 2025-06-26 17:20:49 --> ErrorException: Maximum execution time of 60 seconds exceeded
[Method: GET, Route: aspirante/generarFalsosAspirantes/100]
in VENDORPATH\codeigniter4\shield\src\Authentication\Passwords.php on line 43.
 1 [internal function]: CodeIgniter\Debug\Exceptions->shutdownHandler()
