CRITICAL - 2025-06-11 17:57:22 --> ErrorException: Undefined array key "preficha"
[Method: GET, Route: Acceso/aspirante_registrados]
in APPPATH\Views\base\administrador\aspirantes_registrados.php on line 88.
 1 APPPATH\Views\base\administrador\aspirantes_registrados.php(88): CodeIgniter\Debug\Exceptions->errorHandler(2, 'Undefined array key "preficha"', 'C:\\xampp\\htdocs\\arpirantes\\app\\Views\\base\\administrador\\aspirantes_registrados.php', 88)
 2 SYSTEMPATH\View\View.php(224): include('C:\\xampp\\htdocs\\arpirantes\\app\\Views\\base\\administrador\\aspirantes_registrados.php')
 3 SYSTEMPATH\View\View.php(227): CodeIgniter\View\View->CodeIgniter\View\{closure}()
 4 SYSTEMPATH\Common.php(1173): CodeIgniter\View\View->render('base/administrador/aspirantes_registrados', [], true)
 5 APPPATH\Controllers\Aspirante.php(337): view('base/administrador/aspirantes_registrados', [...])
 6 SYSTEMPATH\CodeIgniter.php(933): App\Controllers\Aspirante->indexAS()
 7 SYSTEMPATH\CodeIgniter.php(507): CodeIgniter\CodeIgniter->runController(Object(App\Controllers\Aspirante))
 8 SYSTEMPATH\CodeIgniter.php(354): CodeIgniter\CodeIgniter->handleRequest(null, Object(Config\Cache), false)
 9 SYSTEMPATH\Boot.php(334): CodeIgniter\CodeIgniter->run()
10 SYSTEMPATH\Boot.php(67): CodeIgniter\Boot::runCodeIgniter(Object(CodeIgniter\CodeIgniter))
11 FCPATH\index.php(56): CodeIgniter\Boot::bootWeb(Object(Config\Paths))
12 SYSTEMPATH\rewrite.php(44): require_once('C:\\xampp\\htdocs\\arpirantes\\public\\index.php')
ERROR - 2025-06-11 18:14:43 --> mysqli_sql_exception: Duplicate entry 'VACZ880404MOCSHR06' for key 'username' in C:\xampp\htdocs\arpirantes\system\Database\MySQLi\Connection.php:327
Stack trace:
#0 C:\xampp\htdocs\arpirantes\system\Database\MySQLi\Connection.php(327): mysqli->query('INSERT INTO `us...', 0)
#1 C:\xampp\htdocs\arpirantes\system\Database\BaseConnection.php(738): CodeIgniter\Database\MySQLi\Connection->execute('INSERT INTO `us...')
#2 C:\xampp\htdocs\arpirantes\system\Database\BaseConnection.php(652): CodeIgniter\Database\BaseConnection->simpleQuery('INSERT INTO `us...')
#3 C:\xampp\htdocs\arpirantes\system\Database\BaseBuilder.php(2345): CodeIgniter\Database\BaseConnection->query('INSERT INTO `us...', Array, false)
#4 C:\xampp\htdocs\arpirantes\system\Model.php(394): CodeIgniter\Database\BaseBuilder->insert()
#5 C:\xampp\htdocs\arpirantes\system\BaseModel.php(839): CodeIgniter\Model->doInsert(Array)
#6 C:\xampp\htdocs\arpirantes\system\Model.php(800): CodeIgniter\BaseModel->insert(Array, false)
#7 C:\xampp\htdocs\arpirantes\vendor\codeigniter4\shield\src\Models\UserModel.php(271): CodeIgniter\Model->insert(Object(CodeIgniter\Shield\Entities\User), false)
#8 C:\xampp\htdocs\arpirantes\system\BaseModel.php(750): CodeIgniter\Shield\Models\UserModel->insert(Object(CodeIgniter\Shield\Entities\User), false)
#9 C:\xampp\htdocs\arpirantes\vendor\codeigniter4\shield\src\Models\UserModel.php(333): CodeIgniter\BaseModel->save(Object(CodeIgniter\Shield\Entities\User))
#10 C:\xampp\htdocs\arpirantes\app\Controllers\Aspirante.php(149): CodeIgniter\Shield\Models\UserModel->save(Object(CodeIgniter\Shield\Entities\User))
#11 C:\xampp\htdocs\arpirantes\system\CodeIgniter.php(933): App\Controllers\Aspirante->create()
#12 C:\xampp\htdocs\arpirantes\system\CodeIgniter.php(507): CodeIgniter\CodeIgniter->runController(Object(App\Controllers\Aspirante))
#13 C:\xampp\htdocs\arpirantes\system\CodeIgniter.php(354): CodeIgniter\CodeIgniter->handleRequest(NULL, Object(Config\Cache), false)
#14 C:\xampp\htdocs\arpirantes\system\Boot.php(334): CodeIgniter\CodeIgniter->run()
#15 C:\xampp\htdocs\arpirantes\system\Boot.php(67): CodeIgniter\Boot::runCodeIgniter(Object(CodeIgniter\CodeIgniter))
#16 C:\xampp\htdocs\arpirantes\public\index.php(56): CodeIgniter\Boot::bootWeb(Object(Config\Paths))
#17 C:\xampp\htdocs\arpirantes\system\rewrite.php(44): require_once('C:\\xampp\\htdocs...')
#18 {main}
CRITICAL - 2025-06-11 18:14:43 --> CodeIgniter\Database\Exceptions\DatabaseException: Duplicate entry 'VACZ880404MOCSHR06' for key 'username'
[Method: POST, Route: guardar-aspirante]
in SYSTEMPATH\Database\BaseConnection.php on line 692.
 1 SYSTEMPATH\Database\BaseBuilder.php(2345): CodeIgniter\Database\BaseConnection->query('INSERT INTO `users` (`username`, `created_at`, `updated_at`) VALUES (:username:, :created_at:, :updated_at:)', [...], false)
 2 SYSTEMPATH\Model.php(394): CodeIgniter\Database\BaseBuilder->insert()
 3 SYSTEMPATH\BaseModel.php(839): CodeIgniter\Model->doInsert([...])
 4 SYSTEMPATH\Model.php(800): CodeIgniter\BaseModel->insert([...], false)
 5 VENDORPATH\codeigniter4\shield\src\Models\UserModel.php(271): CodeIgniter\Model->insert(Object(CodeIgniter\Shield\Entities\User), false)
 6 SYSTEMPATH\BaseModel.php(750): CodeIgniter\Shield\Models\UserModel->insert(Object(CodeIgniter\Shield\Entities\User), false)
 7 VENDORPATH\codeigniter4\shield\src\Models\UserModel.php(333): CodeIgniter\BaseModel->save(Object(CodeIgniter\Shield\Entities\User))
 8 APPPATH\Controllers\Aspirante.php(149): CodeIgniter\Shield\Models\UserModel->save(Object(CodeIgniter\Shield\Entities\User))
 9 SYSTEMPATH\CodeIgniter.php(933): App\Controllers\Aspirante->create()
10 SYSTEMPATH\CodeIgniter.php(507): CodeIgniter\CodeIgniter->runController(Object(App\Controllers\Aspirante))
11 SYSTEMPATH\CodeIgniter.php(354): CodeIgniter\CodeIgniter->handleRequest(null, Object(Config\Cache), false)
12 SYSTEMPATH\Boot.php(334): CodeIgniter\CodeIgniter->run()
13 SYSTEMPATH\Boot.php(67): CodeIgniter\Boot::runCodeIgniter(Object(CodeIgniter\CodeIgniter))
14 FCPATH\index.php(56): CodeIgniter\Boot::bootWeb(Object(Config\Paths))
15 SYSTEMPATH\rewrite.php(44): require_once('C:\\xampp\\htdocs\\arpirantes\\public\\index.php')
CRITICAL - 2025-06-11 18:14:43 --> [Caused by] CodeIgniter\Database\Exceptions\DatabaseException: Duplicate entry 'VACZ880404MOCSHR06' for key 'username'
in SYSTEMPATH\Database\MySQLi\Connection.php on line 332.
 1 SYSTEMPATH\Database\BaseConnection.php(738): CodeIgniter\Database\MySQLi\Connection->execute('INSERT INTO `users` (`username`, `created_at`, `updated_at`) VALUES (\'VACZ880404MOCSHR06\', \'2025-06-11 18:14:43\', \'2025-06-11 18:14:43\')')
 2 SYSTEMPATH\Database\BaseConnection.php(652): CodeIgniter\Database\BaseConnection->simpleQuery('INSERT INTO `users` (`username`, `created_at`, `updated_at`) VALUES (\'VACZ880404MOCSHR06\', \'2025-06-11 18:14:43\', \'2025-06-11 18:14:43\')')
 3 SYSTEMPATH\Database\BaseBuilder.php(2345): CodeIgniter\Database\BaseConnection->query('INSERT INTO `users` (`username`, `created_at`, `updated_at`) VALUES (:username:, :created_at:, :updated_at:)', [...], false)
 4 SYSTEMPATH\Model.php(394): CodeIgniter\Database\BaseBuilder->insert()
 5 SYSTEMPATH\BaseModel.php(839): CodeIgniter\Model->doInsert([...])
 6 SYSTEMPATH\Model.php(800): CodeIgniter\BaseModel->insert([...], false)
 7 VENDORPATH\codeigniter4\shield\src\Models\UserModel.php(271): CodeIgniter\Model->insert(Object(CodeIgniter\Shield\Entities\User), false)
 8 SYSTEMPATH\BaseModel.php(750): CodeIgniter\Shield\Models\UserModel->insert(Object(CodeIgniter\Shield\Entities\User), false)
 9 VENDORPATH\codeigniter4\shield\src\Models\UserModel.php(333): CodeIgniter\BaseModel->save(Object(CodeIgniter\Shield\Entities\User))
10 APPPATH\Controllers\Aspirante.php(149): CodeIgniter\Shield\Models\UserModel->save(Object(CodeIgniter\Shield\Entities\User))
11 SYSTEMPATH\CodeIgniter.php(933): App\Controllers\Aspirante->create()
12 SYSTEMPATH\CodeIgniter.php(507): CodeIgniter\CodeIgniter->runController(Object(App\Controllers\Aspirante))
13 SYSTEMPATH\CodeIgniter.php(354): CodeIgniter\CodeIgniter->handleRequest(null, Object(Config\Cache), false)
14 SYSTEMPATH\Boot.php(334): CodeIgniter\CodeIgniter->run()
15 SYSTEMPATH\Boot.php(67): CodeIgniter\Boot::runCodeIgniter(Object(CodeIgniter\CodeIgniter))
16 FCPATH\index.php(56): CodeIgniter\Boot::bootWeb(Object(Config\Paths))
17 SYSTEMPATH\rewrite.php(44): require_once('C:\\xampp\\htdocs\\arpirantes\\public\\index.php')
CRITICAL - 2025-06-11 18:14:43 --> [Caused by] mysqli_sql_exception: Duplicate entry 'VACZ880404MOCSHR06' for key 'username'
in SYSTEMPATH\Database\MySQLi\Connection.php on line 327.
 1 SYSTEMPATH\Database\MySQLi\Connection.php(327): mysqli->query('INSERT INTO `users` (`username`, `created_at`, `updated_at`) VALUES (\'VACZ880404MOCSHR06\', \'2025-06-11 18:14:43\', \'2025-06-11 18:14:43\')', 0)
 2 SYSTEMPATH\Database\BaseConnection.php(738): CodeIgniter\Database\MySQLi\Connection->execute('INSERT INTO `users` (`username`, `created_at`, `updated_at`) VALUES (\'VACZ880404MOCSHR06\', \'2025-06-11 18:14:43\', \'2025-06-11 18:14:43\')')
 3 SYSTEMPATH\Database\BaseConnection.php(652): CodeIgniter\Database\BaseConnection->simpleQuery('INSERT INTO `users` (`username`, `created_at`, `updated_at`) VALUES (\'VACZ880404MOCSHR06\', \'2025-06-11 18:14:43\', \'2025-06-11 18:14:43\')')
 4 SYSTEMPATH\Database\BaseBuilder.php(2345): CodeIgniter\Database\BaseConnection->query('INSERT INTO `users` (`username`, `created_at`, `updated_at`) VALUES (:username:, :created_at:, :updated_at:)', [...], false)
 5 SYSTEMPATH\Model.php(394): CodeIgniter\Database\BaseBuilder->insert()
 6 SYSTEMPATH\BaseModel.php(839): CodeIgniter\Model->doInsert([...])
 7 SYSTEMPATH\Model.php(800): CodeIgniter\BaseModel->insert([...], false)
 8 VENDORPATH\codeigniter4\shield\src\Models\UserModel.php(271): CodeIgniter\Model->insert(Object(CodeIgniter\Shield\Entities\User), false)
 9 SYSTEMPATH\BaseModel.php(750): CodeIgniter\Shield\Models\UserModel->insert(Object(CodeIgniter\Shield\Entities\User), false)
10 VENDORPATH\codeigniter4\shield\src\Models\UserModel.php(333): CodeIgniter\BaseModel->save(Object(CodeIgniter\Shield\Entities\User))
11 APPPATH\Controllers\Aspirante.php(149): CodeIgniter\Shield\Models\UserModel->save(Object(CodeIgniter\Shield\Entities\User))
12 SYSTEMPATH\CodeIgniter.php(933): App\Controllers\Aspirante->create()
13 SYSTEMPATH\CodeIgniter.php(507): CodeIgniter\CodeIgniter->runController(Object(App\Controllers\Aspirante))
14 SYSTEMPATH\CodeIgniter.php(354): CodeIgniter\CodeIgniter->handleRequest(null, Object(Config\Cache), false)
15 SYSTEMPATH\Boot.php(334): CodeIgniter\CodeIgniter->run()
16 SYSTEMPATH\Boot.php(67): CodeIgniter\Boot::runCodeIgniter(Object(CodeIgniter\CodeIgniter))
17 FCPATH\index.php(56): CodeIgniter\Boot::bootWeb(Object(Config\Paths))
18 SYSTEMPATH\rewrite.php(44): require_once('C:\\xampp\\htdocs\\arpirantes\\public\\index.php')
CRITICAL - 2025-06-11 18:22:48 --> CodeIgniter\Shield\Authorization\AuthorizationException: aspirante is not a valid group.
[Method: GET, Route: aspirante/generarFalsosAspirantes/50]
in VENDORPATH\codeigniter4\shield\src\Authorization\AuthorizationException.php on line 24.
 1 VENDORPATH\codeigniter4\shield\src\Authorization\Traits\Authorizable.php(50): CodeIgniter\Shield\Authorization\AuthorizationException::forUnknownGroup('aspirante')
 2 APPPATH\Controllers\Aspirante.php(464): CodeIgniter\Shield\Entities\User->addGroup('aspirante')
 3 SYSTEMPATH\CodeIgniter.php(933): App\Controllers\Aspirante->generarFalsosAspirantes('50')
 4 SYSTEMPATH\CodeIgniter.php(507): CodeIgniter\CodeIgniter->runController(Object(App\Controllers\Aspirante))
 5 SYSTEMPATH\CodeIgniter.php(354): CodeIgniter\CodeIgniter->handleRequest(null, Object(Config\Cache), false)
 6 SYSTEMPATH\Boot.php(334): CodeIgniter\CodeIgniter->run()
 7 SYSTEMPATH\Boot.php(67): CodeIgniter\Boot::runCodeIgniter(Object(CodeIgniter\CodeIgniter))
 8 FCPATH\index.php(56): CodeIgniter\Boot::bootWeb(Object(Config\Paths))
 9 SYSTEMPATH\rewrite.php(44): require_once('C:\\xampp\\htdocs\\arpirantes\\public\\index.php')
