ERROR - 2025-05-27 09:54:22 --> Error connecting to the database: mysqli_sql_exception: Access denied for user 'root'@'localhost' (using password: YES) in C:\Users\Jorge Andrey\Desktop\arpirantes\system\Database\MySQLi\Connection.php:201
Stack trace:
#0 C:\Users\Jorge Andrey\Desktop\arpirantes\system\Database\MySQLi\Connection.php(201): mysqli->real_connect('localhost', 'root', Object(SensitiveParameterValue), 'escuela', 3306, '', 0)
#1 C:\Users\Jorge Andrey\Desktop\arpirantes\system\Database\BaseConnection.php(421): CodeIgniter\Database\MySQLi\Connection->connect(false)
#2 C:\Users\Jorge Andrey\Desktop\arpirantes\system\Database\BaseConnection.php(620): CodeIgniter\Database\BaseConnection->initialize()
#3 C:\Users\Jorge Andrey\Desktop\arpirantes\system\Database\BaseBuilder.php(1649): CodeIgniter\Database\BaseConnection->query('SELECT *\nFROM `...', Array, false)
#4 C:\Users\Jorge Andrey\Desktop\arpirantes\vendor\codeigniter4\settings\src\Handlers\DatabaseHandler.php(186): CodeIgniter\Database\BaseBuilder->get()
#5 C:\Users\Jorge Andrey\Desktop\arpirantes\vendor\codeigniter4\settings\src\Handlers\DatabaseHandler.php(51): CodeIgniter\Settings\Handlers\DatabaseHandler->hydrate(NULL)
#6 C:\Users\Jorge Andrey\Desktop\arpirantes\vendor\codeigniter4\settings\src\Settings.php(59): CodeIgniter\Settings\Handlers\DatabaseHandler->has('Config\\Auth', 'sessionConfig', NULL)
#7 C:\Users\Jorge Andrey\Desktop\arpirantes\vendor\codeigniter4\settings\src\Helpers\setting_helper.php(25): CodeIgniter\Settings\Settings->get('Auth.sessionCon...')
#8 C:\Users\Jorge Andrey\Desktop\arpirantes\vendor\codeigniter4\shield\src\Authentication\Authenticators\Session.php(685): setting('Auth.sessionCon...')
#9 C:\Users\Jorge Andrey\Desktop\arpirantes\vendor\codeigniter4\shield\src\Authentication\Authenticators\Session.php(703): CodeIgniter\Shield\Authentication\Authenticators\Session->getSessionUserInfo()
#10 C:\Users\Jorge Andrey\Desktop\arpirantes\vendor\codeigniter4\shield\src\Authentication\Authenticators\Session.php(390): CodeIgniter\Shield\Authentication\Authenticators\Session->getSessionUserKey('id')
#11 C:\Users\Jorge Andrey\Desktop\arpirantes\vendor\codeigniter4\shield\src\Authentication\Authenticators\Session.php(374): CodeIgniter\Shield\Authentication\Authenticators\Session->checkUserState()
#12 C:\Users\Jorge Andrey\Desktop\arpirantes\vendor\codeigniter4\shield\src\Auth.php(191): CodeIgniter\Shield\Authentication\Authenticators\Session->loggedIn()
#13 C:\Users\Jorge Andrey\Desktop\arpirantes\vendor\codeigniter4\shield\src\Collectors\Auth.php(76): CodeIgniter\Shield\Auth->__call('loggedIn', Array)
#14 C:\Users\Jorge Andrey\Desktop\arpirantes\system\Debug\Toolbar\Collectors\BaseCollector.php(228): CodeIgniter\Shield\Collectors\Auth->display()
#15 C:\Users\Jorge Andrey\Desktop\arpirantes\system\Debug\Toolbar.php(95): CodeIgniter\Debug\Toolbar\Collectors\BaseCollector->getAsArray()
#16 C:\Users\Jorge Andrey\Desktop\arpirantes\system\Debug\Toolbar.php(390): CodeIgniter\Debug\Toolbar->run(1748361262.1194, 0.2567, Object(CodeIgniter\HTTP\IncomingRequest), Object(CodeIgniter\HTTP\Response))
#17 C:\Users\Jorge Andrey\Desktop\arpirantes\system\Filters\DebugToolbar.php(44): CodeIgniter\Debug\Toolbar->prepare(Object(CodeIgniter\HTTP\IncomingRequest), Object(CodeIgniter\HTTP\Response))
#18 C:\Users\Jorge Andrey\Desktop\arpirantes\system\Filters\Filters.php(278): CodeIgniter\Filters\DebugToolbar->after(Object(CodeIgniter\HTTP\IncomingRequest), Object(CodeIgniter\HTTP\Response), NULL)
#19 C:\Users\Jorge Andrey\Desktop\arpirantes\system\Filters\Filters.php(364): CodeIgniter\Filters\Filters->runAfter(Array)
#20 C:\Users\Jorge Andrey\Desktop\arpirantes\system\CodeIgniter.php(407): CodeIgniter\Filters\Filters->runRequired('after')
#21 C:\Users\Jorge Andrey\Desktop\arpirantes\system\CodeIgniter.php(368): CodeIgniter\CodeIgniter->runRequiredAfterFilters(Object(CodeIgniter\Filters\Filters))
#22 C:\Users\Jorge Andrey\Desktop\arpirantes\system\Boot.php(334): CodeIgniter\CodeIgniter->run()
#23 C:\Users\Jorge Andrey\Desktop\arpirantes\system\Boot.php(67): CodeIgniter\Boot::runCodeIgniter(Object(CodeIgniter\CodeIgniter))
#24 C:\Users\Jorge Andrey\Desktop\arpirantes\public\index.php(56): CodeIgniter\Boot::bootWeb(Object(Config\Paths))
#25 C:\Users\Jorge Andrey\Desktop\arpirantes\system\rewrite.php(44): require_once('C:\\Users\\Jorge ...')
#26 {main}

Next CodeIgniter\Database\Exceptions\DatabaseException: Access denied for user '****'@'localhost' (using password: YES) in C:\Users\Jorge Andrey\Desktop\arpirantes\system\Database\MySQLi\Connection.php:246
Stack trace:
#0 C:\Users\Jorge Andrey\Desktop\arpirantes\system\Database\BaseConnection.php(421): CodeIgniter\Database\MySQLi\Connection->connect(false)
#1 C:\Users\Jorge Andrey\Desktop\arpirantes\system\Database\BaseConnection.php(620): CodeIgniter\Database\BaseConnection->initialize()
#2 C:\Users\Jorge Andrey\Desktop\arpirantes\system\Database\BaseBuilder.php(1649): CodeIgniter\Database\BaseConnection->query('SELECT *\nFROM `...', Array, false)
#3 C:\Users\Jorge Andrey\Desktop\arpirantes\vendor\codeigniter4\settings\src\Handlers\DatabaseHandler.php(186): CodeIgniter\Database\BaseBuilder->get()
#4 C:\Users\Jorge Andrey\Desktop\arpirantes\vendor\codeigniter4\settings\src\Handlers\DatabaseHandler.php(51): CodeIgniter\Settings\Handlers\DatabaseHandler->hydrate(NULL)
#5 C:\Users\Jorge Andrey\Desktop\arpirantes\vendor\codeigniter4\settings\src\Settings.php(59): CodeIgniter\Settings\Handlers\DatabaseHandler->has('Config\\Auth', 'sessionConfig', NULL)
#6 C:\Users\Jorge Andrey\Desktop\arpirantes\vendor\codeigniter4\settings\src\Helpers\setting_helper.php(25): CodeIgniter\Settings\Settings->get('Auth.sessionCon...')
#7 C:\Users\Jorge Andrey\Desktop\arpirantes\vendor\codeigniter4\shield\src\Authentication\Authenticators\Session.php(685): setting('Auth.sessionCon...')
#8 C:\Users\Jorge Andrey\Desktop\arpirantes\vendor\codeigniter4\shield\src\Authentication\Authenticators\Session.php(703): CodeIgniter\Shield\Authentication\Authenticators\Session->getSessionUserInfo()
#9 C:\Users\Jorge Andrey\Desktop\arpirantes\vendor\codeigniter4\shield\src\Authentication\Authenticators\Session.php(390): CodeIgniter\Shield\Authentication\Authenticators\Session->getSessionUserKey('id')
#10 C:\Users\Jorge Andrey\Desktop\arpirantes\vendor\codeigniter4\shield\src\Authentication\Authenticators\Session.php(374): CodeIgniter\Shield\Authentication\Authenticators\Session->checkUserState()
#11 C:\Users\Jorge Andrey\Desktop\arpirantes\vendor\codeigniter4\shield\src\Auth.php(191): CodeIgniter\Shield\Authentication\Authenticators\Session->loggedIn()
#12 C:\Users\Jorge Andrey\Desktop\arpirantes\vendor\codeigniter4\shield\src\Collectors\Auth.php(76): CodeIgniter\Shield\Auth->__call('loggedIn', Array)
#13 C:\Users\Jorge Andrey\Desktop\arpirantes\system\Debug\Toolbar\Collectors\BaseCollector.php(228): CodeIgniter\Shield\Collectors\Auth->display()
#14 C:\Users\Jorge Andrey\Desktop\arpirantes\system\Debug\Toolbar.php(95): CodeIgniter\Debug\Toolbar\Collectors\BaseCollector->getAsArray()
#15 C:\Users\Jorge Andrey\Desktop\arpirantes\system\Debug\Toolbar.php(390): CodeIgniter\Debug\Toolbar->run(1748361262.1194, 0.2567, Object(CodeIgniter\HTTP\IncomingRequest), Object(CodeIgniter\HTTP\Response))
#16 C:\Users\Jorge Andrey\Desktop\arpirantes\system\Filters\DebugToolbar.php(44): CodeIgniter\Debug\Toolbar->prepare(Object(CodeIgniter\HTTP\IncomingRequest), Object(CodeIgniter\HTTP\Response))
#17 C:\Users\Jorge Andrey\Desktop\arpirantes\system\Filters\Filters.php(278): CodeIgniter\Filters\DebugToolbar->after(Object(CodeIgniter\HTTP\IncomingRequest), Object(CodeIgniter\HTTP\Response), NULL)
#18 C:\Users\Jorge Andrey\Desktop\arpirantes\system\Filters\Filters.php(364): CodeIgniter\Filters\Filters->runAfter(Array)
#19 C:\Users\Jorge Andrey\Desktop\arpirantes\system\CodeIgniter.php(407): CodeIgniter\Filters\Filters->runRequired('after')
#20 C:\Users\Jorge Andrey\Desktop\arpirantes\system\CodeIgniter.php(368): CodeIgniter\CodeIgniter->runRequiredAfterFilters(Object(CodeIgniter\Filters\Filters))
#21 C:\Users\Jorge Andrey\Desktop\arpirantes\system\Boot.php(334): CodeIgniter\CodeIgniter->run()
#22 C:\Users\Jorge Andrey\Desktop\arpirantes\system\Boot.php(67): CodeIgniter\Boot::runCodeIgniter(Object(CodeIgniter\CodeIgniter))
#23 C:\Users\Jorge Andrey\Desktop\arpirantes\public\index.php(56): CodeIgniter\Boot::bootWeb(Object(Config\Paths))
#24 C:\Users\Jorge Andrey\Desktop\arpirantes\system\rewrite.php(44): require_once('C:\\Users\\Jorge ...')
#25 {main}
CRITICAL - 2025-05-27 09:54:22 --> CodeIgniter\Database\Exceptions\DatabaseException: Unable to connect to the database.
Main connection [MySQLi]: Access denied for user '****'@'localhost' (using password: YES)
[Method: POST, Route: analizar-curp]
in SYSTEMPATH\Database\BaseConnection.php on line 467.
 1 SYSTEMPATH\Database\BaseConnection.php(620): CodeIgniter\Database\BaseConnection->initialize()
 2 SYSTEMPATH\Database\BaseBuilder.php(1649): CodeIgniter\Database\BaseConnection->query('SELECT *
FROM `settings`
WHERE `context` IS NULL', [], false)
 3 VENDORPATH\codeigniter4\settings\src\Handlers\DatabaseHandler.php(186): CodeIgniter\Database\BaseBuilder->get()
 4 VENDORPATH\codeigniter4\settings\src\Handlers\DatabaseHandler.php(51): CodeIgniter\Settings\Handlers\DatabaseHandler->hydrate(null)
 5 VENDORPATH\codeigniter4\settings\src\Settings.php(59): CodeIgniter\Settings\Handlers\DatabaseHandler->has('Config\\Auth', 'sessionConfig', null)
 6 VENDORPATH\codeigniter4\settings\src\Helpers\setting_helper.php(25): CodeIgniter\Settings\Settings->get('Auth.sessionConfig')
 7 VENDORPATH\codeigniter4\shield\src\Authentication\Authenticators\Session.php(685): setting('Auth.sessionConfig')
 8 VENDORPATH\codeigniter4\shield\src\Authentication\Authenticators\Session.php(703): CodeIgniter\Shield\Authentication\Authenticators\Session->getSessionUserInfo()
 9 VENDORPATH\codeigniter4\shield\src\Authentication\Authenticators\Session.php(390): CodeIgniter\Shield\Authentication\Authenticators\Session->getSessionUserKey('id')
10 VENDORPATH\codeigniter4\shield\src\Authentication\Authenticators\Session.php(374): CodeIgniter\Shield\Authentication\Authenticators\Session->checkUserState()
11 VENDORPATH\codeigniter4\shield\src\Auth.php(191): CodeIgniter\Shield\Authentication\Authenticators\Session->loggedIn()
12 VENDORPATH\codeigniter4\shield\src\Collectors\Auth.php(76): CodeIgniter\Shield\Auth->__call('loggedIn', [])
13 SYSTEMPATH\Debug\Toolbar\Collectors\BaseCollector.php(228): CodeIgniter\Shield\Collectors\Auth->display()
14 SYSTEMPATH\Debug\Toolbar.php(95): CodeIgniter\Debug\Toolbar\Collectors\BaseCollector->getAsArray()
15 SYSTEMPATH\Debug\Toolbar.php(390): CodeIgniter\Debug\Toolbar->run(1748361262.119358, 0.2567, Object(CodeIgniter\HTTP\IncomingRequest), Object(CodeIgniter\HTTP\Response))
16 SYSTEMPATH\Filters\DebugToolbar.php(44): CodeIgniter\Debug\Toolbar->prepare(Object(CodeIgniter\HTTP\IncomingRequest), Object(CodeIgniter\HTTP\Response))
17 SYSTEMPATH\Filters\Filters.php(278): CodeIgniter\Filters\DebugToolbar->after(Object(CodeIgniter\HTTP\IncomingRequest), Object(CodeIgniter\HTTP\Response), null)
18 SYSTEMPATH\Filters\Filters.php(364): CodeIgniter\Filters\Filters->runAfter([...])
19 SYSTEMPATH\CodeIgniter.php(407): CodeIgniter\Filters\Filters->runRequired('after')
20 SYSTEMPATH\CodeIgniter.php(368): CodeIgniter\CodeIgniter->runRequiredAfterFilters(Object(CodeIgniter\Filters\Filters))
21 SYSTEMPATH\Boot.php(334): CodeIgniter\CodeIgniter->run()
22 SYSTEMPATH\Boot.php(67): CodeIgniter\Boot::runCodeIgniter(Object(CodeIgniter\CodeIgniter))
23 FCPATH\index.php(56): CodeIgniter\Boot::bootWeb(Object(Config\Paths))
24 SYSTEMPATH\rewrite.php(44): require_once('C:\\Users\\Jorge Andrey\\Desktop\\arpirantes\\public\\index.php')
ERROR - 2025-05-27 09:55:05 --> Error connecting to the database: mysqli_sql_exception: Unknown database 'escuelaa' in C:\Users\Jorge Andrey\Desktop\arpirantes\system\Database\MySQLi\Connection.php:201
Stack trace:
#0 C:\Users\Jorge Andrey\Desktop\arpirantes\system\Database\MySQLi\Connection.php(201): mysqli->real_connect('localhost', 'root', Object(SensitiveParameterValue), 'escuelaa', 3306, '', 0)
#1 C:\Users\Jorge Andrey\Desktop\arpirantes\system\Database\BaseConnection.php(421): CodeIgniter\Database\MySQLi\Connection->connect(false)
#2 C:\Users\Jorge Andrey\Desktop\arpirantes\system\Database\BaseConnection.php(620): CodeIgniter\Database\BaseConnection->initialize()
#3 C:\Users\Jorge Andrey\Desktop\arpirantes\system\Database\BaseBuilder.php(1649): CodeIgniter\Database\BaseConnection->query('SELECT *\nFROM `...', Array, false)
#4 C:\Users\Jorge Andrey\Desktop\arpirantes\vendor\codeigniter4\settings\src\Handlers\DatabaseHandler.php(186): CodeIgniter\Database\BaseBuilder->get()
#5 C:\Users\Jorge Andrey\Desktop\arpirantes\vendor\codeigniter4\settings\src\Handlers\DatabaseHandler.php(51): CodeIgniter\Settings\Handlers\DatabaseHandler->hydrate(NULL)
#6 C:\Users\Jorge Andrey\Desktop\arpirantes\vendor\codeigniter4\settings\src\Settings.php(59): CodeIgniter\Settings\Handlers\DatabaseHandler->has('Config\\Auth', 'sessionConfig', NULL)
#7 C:\Users\Jorge Andrey\Desktop\arpirantes\vendor\codeigniter4\settings\src\Helpers\setting_helper.php(25): CodeIgniter\Settings\Settings->get('Auth.sessionCon...')
#8 C:\Users\Jorge Andrey\Desktop\arpirantes\vendor\codeigniter4\shield\src\Authentication\Authenticators\Session.php(685): setting('Auth.sessionCon...')
#9 C:\Users\Jorge Andrey\Desktop\arpirantes\vendor\codeigniter4\shield\src\Authentication\Authenticators\Session.php(703): CodeIgniter\Shield\Authentication\Authenticators\Session->getSessionUserInfo()
#10 C:\Users\Jorge Andrey\Desktop\arpirantes\vendor\codeigniter4\shield\src\Authentication\Authenticators\Session.php(390): CodeIgniter\Shield\Authentication\Authenticators\Session->getSessionUserKey('id')
#11 C:\Users\Jorge Andrey\Desktop\arpirantes\vendor\codeigniter4\shield\src\Authentication\Authenticators\Session.php(374): CodeIgniter\Shield\Authentication\Authenticators\Session->checkUserState()
#12 C:\Users\Jorge Andrey\Desktop\arpirantes\vendor\codeigniter4\shield\src\Auth.php(191): CodeIgniter\Shield\Authentication\Authenticators\Session->loggedIn()
#13 C:\Users\Jorge Andrey\Desktop\arpirantes\vendor\codeigniter4\shield\src\Collectors\Auth.php(76): CodeIgniter\Shield\Auth->__call('loggedIn', Array)
#14 C:\Users\Jorge Andrey\Desktop\arpirantes\system\Debug\Toolbar\Collectors\BaseCollector.php(228): CodeIgniter\Shield\Collectors\Auth->display()
#15 C:\Users\Jorge Andrey\Desktop\arpirantes\system\Debug\Toolbar.php(95): CodeIgniter\Debug\Toolbar\Collectors\BaseCollector->getAsArray()
#16 C:\Users\Jorge Andrey\Desktop\arpirantes\system\Debug\Toolbar.php(390): CodeIgniter\Debug\Toolbar->run(1748361304.7017, 0.2349, Object(CodeIgniter\HTTP\IncomingRequest), Object(CodeIgniter\HTTP\Response))
#17 C:\Users\Jorge Andrey\Desktop\arpirantes\system\Filters\DebugToolbar.php(44): CodeIgniter\Debug\Toolbar->prepare(Object(CodeIgniter\HTTP\IncomingRequest), Object(CodeIgniter\HTTP\Response))
#18 C:\Users\Jorge Andrey\Desktop\arpirantes\system\Filters\Filters.php(278): CodeIgniter\Filters\DebugToolbar->after(Object(CodeIgniter\HTTP\IncomingRequest), Object(CodeIgniter\HTTP\Response), NULL)
#19 C:\Users\Jorge Andrey\Desktop\arpirantes\system\Filters\Filters.php(364): CodeIgniter\Filters\Filters->runAfter(Array)
#20 C:\Users\Jorge Andrey\Desktop\arpirantes\system\CodeIgniter.php(407): CodeIgniter\Filters\Filters->runRequired('after')
#21 C:\Users\Jorge Andrey\Desktop\arpirantes\system\CodeIgniter.php(368): CodeIgniter\CodeIgniter->runRequiredAfterFilters(Object(CodeIgniter\Filters\Filters))
#22 C:\Users\Jorge Andrey\Desktop\arpirantes\system\Boot.php(334): CodeIgniter\CodeIgniter->run()
#23 C:\Users\Jorge Andrey\Desktop\arpirantes\system\Boot.php(67): CodeIgniter\Boot::runCodeIgniter(Object(CodeIgniter\CodeIgniter))
#24 C:\Users\Jorge Andrey\Desktop\arpirantes\public\index.php(56): CodeIgniter\Boot::bootWeb(Object(Config\Paths))
#25 C:\Users\Jorge Andrey\Desktop\arpirantes\system\rewrite.php(44): require_once('C:\\Users\\Jorge ...')
#26 {main}

Next CodeIgniter\Database\Exceptions\DatabaseException: Unknown database 'escuelaa' in C:\Users\Jorge Andrey\Desktop\arpirantes\system\Database\MySQLi\Connection.php:246
Stack trace:
#0 C:\Users\Jorge Andrey\Desktop\arpirantes\system\Database\BaseConnection.php(421): CodeIgniter\Database\MySQLi\Connection->connect(false)
#1 C:\Users\Jorge Andrey\Desktop\arpirantes\system\Database\BaseConnection.php(620): CodeIgniter\Database\BaseConnection->initialize()
#2 C:\Users\Jorge Andrey\Desktop\arpirantes\system\Database\BaseBuilder.php(1649): CodeIgniter\Database\BaseConnection->query('SELECT *\nFROM `...', Array, false)
#3 C:\Users\Jorge Andrey\Desktop\arpirantes\vendor\codeigniter4\settings\src\Handlers\DatabaseHandler.php(186): CodeIgniter\Database\BaseBuilder->get()
#4 C:\Users\Jorge Andrey\Desktop\arpirantes\vendor\codeigniter4\settings\src\Handlers\DatabaseHandler.php(51): CodeIgniter\Settings\Handlers\DatabaseHandler->hydrate(NULL)
#5 C:\Users\Jorge Andrey\Desktop\arpirantes\vendor\codeigniter4\settings\src\Settings.php(59): CodeIgniter\Settings\Handlers\DatabaseHandler->has('Config\\Auth', 'sessionConfig', NULL)
#6 C:\Users\Jorge Andrey\Desktop\arpirantes\vendor\codeigniter4\settings\src\Helpers\setting_helper.php(25): CodeIgniter\Settings\Settings->get('Auth.sessionCon...')
#7 C:\Users\Jorge Andrey\Desktop\arpirantes\vendor\codeigniter4\shield\src\Authentication\Authenticators\Session.php(685): setting('Auth.sessionCon...')
#8 C:\Users\Jorge Andrey\Desktop\arpirantes\vendor\codeigniter4\shield\src\Authentication\Authenticators\Session.php(703): CodeIgniter\Shield\Authentication\Authenticators\Session->getSessionUserInfo()
#9 C:\Users\Jorge Andrey\Desktop\arpirantes\vendor\codeigniter4\shield\src\Authentication\Authenticators\Session.php(390): CodeIgniter\Shield\Authentication\Authenticators\Session->getSessionUserKey('id')
#10 C:\Users\Jorge Andrey\Desktop\arpirantes\vendor\codeigniter4\shield\src\Authentication\Authenticators\Session.php(374): CodeIgniter\Shield\Authentication\Authenticators\Session->checkUserState()
#11 C:\Users\Jorge Andrey\Desktop\arpirantes\vendor\codeigniter4\shield\src\Auth.php(191): CodeIgniter\Shield\Authentication\Authenticators\Session->loggedIn()
#12 C:\Users\Jorge Andrey\Desktop\arpirantes\vendor\codeigniter4\shield\src\Collectors\Auth.php(76): CodeIgniter\Shield\Auth->__call('loggedIn', Array)
#13 C:\Users\Jorge Andrey\Desktop\arpirantes\system\Debug\Toolbar\Collectors\BaseCollector.php(228): CodeIgniter\Shield\Collectors\Auth->display()
#14 C:\Users\Jorge Andrey\Desktop\arpirantes\system\Debug\Toolbar.php(95): CodeIgniter\Debug\Toolbar\Collectors\BaseCollector->getAsArray()
#15 C:\Users\Jorge Andrey\Desktop\arpirantes\system\Debug\Toolbar.php(390): CodeIgniter\Debug\Toolbar->run(1748361304.7017, 0.2349, Object(CodeIgniter\HTTP\IncomingRequest), Object(CodeIgniter\HTTP\Response))
#16 C:\Users\Jorge Andrey\Desktop\arpirantes\system\Filters\DebugToolbar.php(44): CodeIgniter\Debug\Toolbar->prepare(Object(CodeIgniter\HTTP\IncomingRequest), Object(CodeIgniter\HTTP\Response))
#17 C:\Users\Jorge Andrey\Desktop\arpirantes\system\Filters\Filters.php(278): CodeIgniter\Filters\DebugToolbar->after(Object(CodeIgniter\HTTP\IncomingRequest), Object(CodeIgniter\HTTP\Response), NULL)
#18 C:\Users\Jorge Andrey\Desktop\arpirantes\system\Filters\Filters.php(364): CodeIgniter\Filters\Filters->runAfter(Array)
#19 C:\Users\Jorge Andrey\Desktop\arpirantes\system\CodeIgniter.php(407): CodeIgniter\Filters\Filters->runRequired('after')
#20 C:\Users\Jorge Andrey\Desktop\arpirantes\system\CodeIgniter.php(368): CodeIgniter\CodeIgniter->runRequiredAfterFilters(Object(CodeIgniter\Filters\Filters))
#21 C:\Users\Jorge Andrey\Desktop\arpirantes\system\Boot.php(334): CodeIgniter\CodeIgniter->run()
#22 C:\Users\Jorge Andrey\Desktop\arpirantes\system\Boot.php(67): CodeIgniter\Boot::runCodeIgniter(Object(CodeIgniter\CodeIgniter))
#23 C:\Users\Jorge Andrey\Desktop\arpirantes\public\index.php(56): CodeIgniter\Boot::bootWeb(Object(Config\Paths))
#24 C:\Users\Jorge Andrey\Desktop\arpirantes\system\rewrite.php(44): require_once('C:\\Users\\Jorge ...')
#25 {main}
CRITICAL - 2025-05-27 09:55:05 --> CodeIgniter\Database\Exceptions\DatabaseException: Unable to connect to the database.
Main connection [MySQLi]: Unknown database 'escuelaa'
[Method: POST, Route: analizar-curp]
in SYSTEMPATH\Database\BaseConnection.php on line 467.
 1 SYSTEMPATH\Database\BaseConnection.php(620): CodeIgniter\Database\BaseConnection->initialize()
 2 SYSTEMPATH\Database\BaseBuilder.php(1649): CodeIgniter\Database\BaseConnection->query('SELECT *
FROM `settings`
WHERE `context` IS NULL', [], false)
 3 VENDORPATH\codeigniter4\settings\src\Handlers\DatabaseHandler.php(186): CodeIgniter\Database\BaseBuilder->get()
 4 VENDORPATH\codeigniter4\settings\src\Handlers\DatabaseHandler.php(51): CodeIgniter\Settings\Handlers\DatabaseHandler->hydrate(null)
 5 VENDORPATH\codeigniter4\settings\src\Settings.php(59): CodeIgniter\Settings\Handlers\DatabaseHandler->has('Config\\Auth', 'sessionConfig', null)
 6 VENDORPATH\codeigniter4\settings\src\Helpers\setting_helper.php(25): CodeIgniter\Settings\Settings->get('Auth.sessionConfig')
 7 VENDORPATH\codeigniter4\shield\src\Authentication\Authenticators\Session.php(685): setting('Auth.sessionConfig')
 8 VENDORPATH\codeigniter4\shield\src\Authentication\Authenticators\Session.php(703): CodeIgniter\Shield\Authentication\Authenticators\Session->getSessionUserInfo()
 9 VENDORPATH\codeigniter4\shield\src\Authentication\Authenticators\Session.php(390): CodeIgniter\Shield\Authentication\Authenticators\Session->getSessionUserKey('id')
10 VENDORPATH\codeigniter4\shield\src\Authentication\Authenticators\Session.php(374): CodeIgniter\Shield\Authentication\Authenticators\Session->checkUserState()
11 VENDORPATH\codeigniter4\shield\src\Auth.php(191): CodeIgniter\Shield\Authentication\Authenticators\Session->loggedIn()
12 VENDORPATH\codeigniter4\shield\src\Collectors\Auth.php(76): CodeIgniter\Shield\Auth->__call('loggedIn', [])
13 SYSTEMPATH\Debug\Toolbar\Collectors\BaseCollector.php(228): CodeIgniter\Shield\Collectors\Auth->display()
14 SYSTEMPATH\Debug\Toolbar.php(95): CodeIgniter\Debug\Toolbar\Collectors\BaseCollector->getAsArray()
15 SYSTEMPATH\Debug\Toolbar.php(390): CodeIgniter\Debug\Toolbar->run(1748361304.701747, 0.2349, Object(CodeIgniter\HTTP\IncomingRequest), Object(CodeIgniter\HTTP\Response))
16 SYSTEMPATH\Filters\DebugToolbar.php(44): CodeIgniter\Debug\Toolbar->prepare(Object(CodeIgniter\HTTP\IncomingRequest), Object(CodeIgniter\HTTP\Response))
17 SYSTEMPATH\Filters\Filters.php(278): CodeIgniter\Filters\DebugToolbar->after(Object(CodeIgniter\HTTP\IncomingRequest), Object(CodeIgniter\HTTP\Response), null)
18 SYSTEMPATH\Filters\Filters.php(364): CodeIgniter\Filters\Filters->runAfter([...])
19 SYSTEMPATH\CodeIgniter.php(407): CodeIgniter\Filters\Filters->runRequired('after')
20 SYSTEMPATH\CodeIgniter.php(368): CodeIgniter\CodeIgniter->runRequiredAfterFilters(Object(CodeIgniter\Filters\Filters))
21 SYSTEMPATH\Boot.php(334): CodeIgniter\CodeIgniter->run()
22 SYSTEMPATH\Boot.php(67): CodeIgniter\Boot::runCodeIgniter(Object(CodeIgniter\CodeIgniter))
23 FCPATH\index.php(56): CodeIgniter\Boot::bootWeb(Object(Config\Paths))
24 SYSTEMPATH\rewrite.php(44): require_once('C:\\Users\\Jorge Andrey\\Desktop\\arpirantes\\public\\index.php')
ERROR - 2025-05-27 09:55:09 --> Error connecting to the database: mysqli_sql_exception: Unknown database 'escuelaa' in C:\Users\Jorge Andrey\Desktop\arpirantes\system\Database\MySQLi\Connection.php:201
Stack trace:
#0 C:\Users\Jorge Andrey\Desktop\arpirantes\system\Database\MySQLi\Connection.php(201): mysqli->real_connect('localhost', 'root', Object(SensitiveParameterValue), 'escuelaa', 3306, '', 0)
#1 C:\Users\Jorge Andrey\Desktop\arpirantes\system\Database\BaseConnection.php(421): CodeIgniter\Database\MySQLi\Connection->connect(false)
#2 C:\Users\Jorge Andrey\Desktop\arpirantes\system\Database\BaseConnection.php(620): CodeIgniter\Database\BaseConnection->initialize()
#3 C:\Users\Jorge Andrey\Desktop\arpirantes\system\Database\BaseBuilder.php(1649): CodeIgniter\Database\BaseConnection->query('SELECT *\nFROM `...', Array, false)
#4 C:\Users\Jorge Andrey\Desktop\arpirantes\vendor\codeigniter4\settings\src\Handlers\DatabaseHandler.php(186): CodeIgniter\Database\BaseBuilder->get()
#5 C:\Users\Jorge Andrey\Desktop\arpirantes\vendor\codeigniter4\settings\src\Handlers\DatabaseHandler.php(51): CodeIgniter\Settings\Handlers\DatabaseHandler->hydrate(NULL)
#6 C:\Users\Jorge Andrey\Desktop\arpirantes\vendor\codeigniter4\settings\src\Settings.php(59): CodeIgniter\Settings\Handlers\DatabaseHandler->has('Config\\Auth', 'sessionConfig', NULL)
#7 C:\Users\Jorge Andrey\Desktop\arpirantes\vendor\codeigniter4\settings\src\Helpers\setting_helper.php(25): CodeIgniter\Settings\Settings->get('Auth.sessionCon...')
#8 C:\Users\Jorge Andrey\Desktop\arpirantes\vendor\codeigniter4\shield\src\Authentication\Authenticators\Session.php(685): setting('Auth.sessionCon...')
#9 C:\Users\Jorge Andrey\Desktop\arpirantes\vendor\codeigniter4\shield\src\Authentication\Authenticators\Session.php(703): CodeIgniter\Shield\Authentication\Authenticators\Session->getSessionUserInfo()
#10 C:\Users\Jorge Andrey\Desktop\arpirantes\vendor\codeigniter4\shield\src\Authentication\Authenticators\Session.php(390): CodeIgniter\Shield\Authentication\Authenticators\Session->getSessionUserKey('id')
#11 C:\Users\Jorge Andrey\Desktop\arpirantes\vendor\codeigniter4\shield\src\Authentication\Authenticators\Session.php(374): CodeIgniter\Shield\Authentication\Authenticators\Session->checkUserState()
#12 C:\Users\Jorge Andrey\Desktop\arpirantes\vendor\codeigniter4\shield\src\Auth.php(191): CodeIgniter\Shield\Authentication\Authenticators\Session->loggedIn()
#13 C:\Users\Jorge Andrey\Desktop\arpirantes\vendor\codeigniter4\shield\src\Collectors\Auth.php(76): CodeIgniter\Shield\Auth->__call('loggedIn', Array)
#14 C:\Users\Jorge Andrey\Desktop\arpirantes\system\Debug\Toolbar\Collectors\BaseCollector.php(228): CodeIgniter\Shield\Collectors\Auth->display()
#15 C:\Users\Jorge Andrey\Desktop\arpirantes\system\Debug\Toolbar.php(95): CodeIgniter\Debug\Toolbar\Collectors\BaseCollector->getAsArray()
#16 C:\Users\Jorge Andrey\Desktop\arpirantes\system\Debug\Toolbar.php(390): CodeIgniter\Debug\Toolbar->run(1748361309.4439, 0.1899, Object(CodeIgniter\HTTP\IncomingRequest), Object(CodeIgniter\HTTP\Response))
#17 C:\Users\Jorge Andrey\Desktop\arpirantes\system\Filters\DebugToolbar.php(44): CodeIgniter\Debug\Toolbar->prepare(Object(CodeIgniter\HTTP\IncomingRequest), Object(CodeIgniter\HTTP\Response))
#18 C:\Users\Jorge Andrey\Desktop\arpirantes\system\Filters\Filters.php(278): CodeIgniter\Filters\DebugToolbar->after(Object(CodeIgniter\HTTP\IncomingRequest), Object(CodeIgniter\HTTP\Response), NULL)
#19 C:\Users\Jorge Andrey\Desktop\arpirantes\system\Filters\Filters.php(364): CodeIgniter\Filters\Filters->runAfter(Array)
#20 C:\Users\Jorge Andrey\Desktop\arpirantes\system\CodeIgniter.php(407): CodeIgniter\Filters\Filters->runRequired('after')
#21 C:\Users\Jorge Andrey\Desktop\arpirantes\system\CodeIgniter.php(368): CodeIgniter\CodeIgniter->runRequiredAfterFilters(Object(CodeIgniter\Filters\Filters))
#22 C:\Users\Jorge Andrey\Desktop\arpirantes\system\Boot.php(334): CodeIgniter\CodeIgniter->run()
#23 C:\Users\Jorge Andrey\Desktop\arpirantes\system\Boot.php(67): CodeIgniter\Boot::runCodeIgniter(Object(CodeIgniter\CodeIgniter))
#24 C:\Users\Jorge Andrey\Desktop\arpirantes\public\index.php(56): CodeIgniter\Boot::bootWeb(Object(Config\Paths))
#25 C:\Users\Jorge Andrey\Desktop\arpirantes\system\rewrite.php(44): require_once('C:\\Users\\Jorge ...')
#26 {main}

Next CodeIgniter\Database\Exceptions\DatabaseException: Unknown database 'escuelaa' in C:\Users\Jorge Andrey\Desktop\arpirantes\system\Database\MySQLi\Connection.php:246
Stack trace:
#0 C:\Users\Jorge Andrey\Desktop\arpirantes\system\Database\BaseConnection.php(421): CodeIgniter\Database\MySQLi\Connection->connect(false)
#1 C:\Users\Jorge Andrey\Desktop\arpirantes\system\Database\BaseConnection.php(620): CodeIgniter\Database\BaseConnection->initialize()
#2 C:\Users\Jorge Andrey\Desktop\arpirantes\system\Database\BaseBuilder.php(1649): CodeIgniter\Database\BaseConnection->query('SELECT *\nFROM `...', Array, false)
#3 C:\Users\Jorge Andrey\Desktop\arpirantes\vendor\codeigniter4\settings\src\Handlers\DatabaseHandler.php(186): CodeIgniter\Database\BaseBuilder->get()
#4 C:\Users\Jorge Andrey\Desktop\arpirantes\vendor\codeigniter4\settings\src\Handlers\DatabaseHandler.php(51): CodeIgniter\Settings\Handlers\DatabaseHandler->hydrate(NULL)
#5 C:\Users\Jorge Andrey\Desktop\arpirantes\vendor\codeigniter4\settings\src\Settings.php(59): CodeIgniter\Settings\Handlers\DatabaseHandler->has('Config\\Auth', 'sessionConfig', NULL)
#6 C:\Users\Jorge Andrey\Desktop\arpirantes\vendor\codeigniter4\settings\src\Helpers\setting_helper.php(25): CodeIgniter\Settings\Settings->get('Auth.sessionCon...')
#7 C:\Users\Jorge Andrey\Desktop\arpirantes\vendor\codeigniter4\shield\src\Authentication\Authenticators\Session.php(685): setting('Auth.sessionCon...')
#8 C:\Users\Jorge Andrey\Desktop\arpirantes\vendor\codeigniter4\shield\src\Authentication\Authenticators\Session.php(703): CodeIgniter\Shield\Authentication\Authenticators\Session->getSessionUserInfo()
#9 C:\Users\Jorge Andrey\Desktop\arpirantes\vendor\codeigniter4\shield\src\Authentication\Authenticators\Session.php(390): CodeIgniter\Shield\Authentication\Authenticators\Session->getSessionUserKey('id')
#10 C:\Users\Jorge Andrey\Desktop\arpirantes\vendor\codeigniter4\shield\src\Authentication\Authenticators\Session.php(374): CodeIgniter\Shield\Authentication\Authenticators\Session->checkUserState()
#11 C:\Users\Jorge Andrey\Desktop\arpirantes\vendor\codeigniter4\shield\src\Auth.php(191): CodeIgniter\Shield\Authentication\Authenticators\Session->loggedIn()
#12 C:\Users\Jorge Andrey\Desktop\arpirantes\vendor\codeigniter4\shield\src\Collectors\Auth.php(76): CodeIgniter\Shield\Auth->__call('loggedIn', Array)
#13 C:\Users\Jorge Andrey\Desktop\arpirantes\system\Debug\Toolbar\Collectors\BaseCollector.php(228): CodeIgniter\Shield\Collectors\Auth->display()
#14 C:\Users\Jorge Andrey\Desktop\arpirantes\system\Debug\Toolbar.php(95): CodeIgniter\Debug\Toolbar\Collectors\BaseCollector->getAsArray()
#15 C:\Users\Jorge Andrey\Desktop\arpirantes\system\Debug\Toolbar.php(390): CodeIgniter\Debug\Toolbar->run(1748361309.4439, 0.1899, Object(CodeIgniter\HTTP\IncomingRequest), Object(CodeIgniter\HTTP\Response))
#16 C:\Users\Jorge Andrey\Desktop\arpirantes\system\Filters\DebugToolbar.php(44): CodeIgniter\Debug\Toolbar->prepare(Object(CodeIgniter\HTTP\IncomingRequest), Object(CodeIgniter\HTTP\Response))
#17 C:\Users\Jorge Andrey\Desktop\arpirantes\system\Filters\Filters.php(278): CodeIgniter\Filters\DebugToolbar->after(Object(CodeIgniter\HTTP\IncomingRequest), Object(CodeIgniter\HTTP\Response), NULL)
#18 C:\Users\Jorge Andrey\Desktop\arpirantes\system\Filters\Filters.php(364): CodeIgniter\Filters\Filters->runAfter(Array)
#19 C:\Users\Jorge Andrey\Desktop\arpirantes\system\CodeIgniter.php(407): CodeIgniter\Filters\Filters->runRequired('after')
#20 C:\Users\Jorge Andrey\Desktop\arpirantes\system\CodeIgniter.php(368): CodeIgniter\CodeIgniter->runRequiredAfterFilters(Object(CodeIgniter\Filters\Filters))
#21 C:\Users\Jorge Andrey\Desktop\arpirantes\system\Boot.php(334): CodeIgniter\CodeIgniter->run()
#22 C:\Users\Jorge Andrey\Desktop\arpirantes\system\Boot.php(67): CodeIgniter\Boot::runCodeIgniter(Object(CodeIgniter\CodeIgniter))
#23 C:\Users\Jorge Andrey\Desktop\arpirantes\public\index.php(56): CodeIgniter\Boot::bootWeb(Object(Config\Paths))
#24 C:\Users\Jorge Andrey\Desktop\arpirantes\system\rewrite.php(44): require_once('C:\\Users\\Jorge ...')
#25 {main}
CRITICAL - 2025-05-27 09:55:09 --> CodeIgniter\Database\Exceptions\DatabaseException: Unable to connect to the database.
Main connection [MySQLi]: Unknown database 'escuelaa'
[Method: POST, Route: analizar-curp]
in SYSTEMPATH\Database\BaseConnection.php on line 467.
 1 SYSTEMPATH\Database\BaseConnection.php(620): CodeIgniter\Database\BaseConnection->initialize()
 2 SYSTEMPATH\Database\BaseBuilder.php(1649): CodeIgniter\Database\BaseConnection->query('SELECT *
FROM `settings`
WHERE `context` IS NULL', [], false)
 3 VENDORPATH\codeigniter4\settings\src\Handlers\DatabaseHandler.php(186): CodeIgniter\Database\BaseBuilder->get()
 4 VENDORPATH\codeigniter4\settings\src\Handlers\DatabaseHandler.php(51): CodeIgniter\Settings\Handlers\DatabaseHandler->hydrate(null)
 5 VENDORPATH\codeigniter4\settings\src\Settings.php(59): CodeIgniter\Settings\Handlers\DatabaseHandler->has('Config\\Auth', 'sessionConfig', null)
 6 VENDORPATH\codeigniter4\settings\src\Helpers\setting_helper.php(25): CodeIgniter\Settings\Settings->get('Auth.sessionConfig')
 7 VENDORPATH\codeigniter4\shield\src\Authentication\Authenticators\Session.php(685): setting('Auth.sessionConfig')
 8 VENDORPATH\codeigniter4\shield\src\Authentication\Authenticators\Session.php(703): CodeIgniter\Shield\Authentication\Authenticators\Session->getSessionUserInfo()
 9 VENDORPATH\codeigniter4\shield\src\Authentication\Authenticators\Session.php(390): CodeIgniter\Shield\Authentication\Authenticators\Session->getSessionUserKey('id')
10 VENDORPATH\codeigniter4\shield\src\Authentication\Authenticators\Session.php(374): CodeIgniter\Shield\Authentication\Authenticators\Session->checkUserState()
11 VENDORPATH\codeigniter4\shield\src\Auth.php(191): CodeIgniter\Shield\Authentication\Authenticators\Session->loggedIn()
12 VENDORPATH\codeigniter4\shield\src\Collectors\Auth.php(76): CodeIgniter\Shield\Auth->__call('loggedIn', [])
13 SYSTEMPATH\Debug\Toolbar\Collectors\BaseCollector.php(228): CodeIgniter\Shield\Collectors\Auth->display()
14 SYSTEMPATH\Debug\Toolbar.php(95): CodeIgniter\Debug\Toolbar\Collectors\BaseCollector->getAsArray()
15 SYSTEMPATH\Debug\Toolbar.php(390): CodeIgniter\Debug\Toolbar->run(1748361309.44394, 0.1899, Object(CodeIgniter\HTTP\IncomingRequest), Object(CodeIgniter\HTTP\Response))
16 SYSTEMPATH\Filters\DebugToolbar.php(44): CodeIgniter\Debug\Toolbar->prepare(Object(CodeIgniter\HTTP\IncomingRequest), Object(CodeIgniter\HTTP\Response))
17 SYSTEMPATH\Filters\Filters.php(278): CodeIgniter\Filters\DebugToolbar->after(Object(CodeIgniter\HTTP\IncomingRequest), Object(CodeIgniter\HTTP\Response), null)
18 SYSTEMPATH\Filters\Filters.php(364): CodeIgniter\Filters\Filters->runAfter([...])
19 SYSTEMPATH\CodeIgniter.php(407): CodeIgniter\Filters\Filters->runRequired('after')
20 SYSTEMPATH\CodeIgniter.php(368): CodeIgniter\CodeIgniter->runRequiredAfterFilters(Object(CodeIgniter\Filters\Filters))
21 SYSTEMPATH\Boot.php(334): CodeIgniter\CodeIgniter->run()
22 SYSTEMPATH\Boot.php(67): CodeIgniter\Boot::runCodeIgniter(Object(CodeIgniter\CodeIgniter))
23 FCPATH\index.php(56): CodeIgniter\Boot::bootWeb(Object(Config\Paths))
24 SYSTEMPATH\rewrite.php(44): require_once('C:\\Users\\Jorge Andrey\\Desktop\\arpirantes\\public\\index.php')
