CRITICAL - 2025-07-16 11:05:36 --> ErrorException: Undefined array key "sede"
[Method: GET, Route: grupos-examen/aspirantes/12]
in APPPATH\Views\base\administrador\ver_aspirantes_grupo.php on line 75.
 1 APPPATH\Views\base\administrador\ver_aspirantes_grupo.php(75): CodeIgniter\Debug\Exceptions->errorHandler(2, 'Undefined array key "sede"', 'C:\\xampp\\htdocs\\rockstar\\rockstar\\app\\Views\\base\\administrador\\ver_aspirantes_grupo.php', 75)
 2 SYSTEMPATH\View\View.php(224): include('C:\\xampp\\htdocs\\rockstar\\rockstar\\app\\Views\\base\\administrador\\ver_aspirantes_grupo.php')
 3 SYSTEMPATH\View\View.php(227): CodeIgniter\View\View->CodeIgniter\View\{closure}()
 4 SYSTEMPATH\Common.php(1173): CodeIgniter\View\View->render('base/administrador/ver_aspirantes_grupo', [], true)
 5 APPPATH\Controllers\GruposExamen.php(320): view('base/administrador/ver_aspirantes_grupo', [...])
 6 SYSTEMPATH\CodeIgniter.php(933): App\Controllers\GruposExamen->aspirantes('12')
 7 SYSTEMPATH\CodeIgniter.php(507): CodeIgniter\CodeIgniter->runController(Object(App\Controllers\GruposExamen))
 8 SYSTEMPATH\CodeIgniter.php(354): CodeIgniter\CodeIgniter->handleRequest(null, Object(Config\Cache), false)
 9 SYSTEMPATH\Boot.php(334): CodeIgniter\CodeIgniter->run()
10 SYSTEMPATH\Boot.php(67): CodeIgniter\Boot::runCodeIgniter(Object(CodeIgniter\CodeIgniter))
11 FCPATH\index.php(56): CodeIgniter\Boot::bootWeb(Object(Config\Paths))
12 SYSTEMPATH\rewrite.php(44): require_once('C:\\xampp\\htdocs\\rockstar\\rockstar\\public\\index.php')
CRITICAL - 2025-07-16 11:09:41 --> ErrorException: Undefined array key "sede"
[Method: GET, Route: grupos-examen/aspirantes/12]
in APPPATH\Views\base\administrador\ver_aspirantes_grupo.php on line 75.
 1 APPPATH\Views\base\administrador\ver_aspirantes_grupo.php(75): CodeIgniter\Debug\Exceptions->errorHandler(2, 'Undefined array key "sede"', 'C:\\xampp\\htdocs\\rockstar\\rockstar\\app\\Views\\base\\administrador\\ver_aspirantes_grupo.php', 75)
 2 SYSTEMPATH\View\View.php(224): include('C:\\xampp\\htdocs\\rockstar\\rockstar\\app\\Views\\base\\administrador\\ver_aspirantes_grupo.php')
 3 SYSTEMPATH\View\View.php(227): CodeIgniter\View\View->CodeIgniter\View\{closure}()
 4 SYSTEMPATH\Common.php(1173): CodeIgniter\View\View->render('base/administrador/ver_aspirantes_grupo', [], true)
 5 APPPATH\Controllers\GruposExamen.php(320): view('base/administrador/ver_aspirantes_grupo', [...])
 6 SYSTEMPATH\CodeIgniter.php(933): App\Controllers\GruposExamen->aspirantes('12')
 7 SYSTEMPATH\CodeIgniter.php(507): CodeIgniter\CodeIgniter->runController(Object(App\Controllers\GruposExamen))
 8 SYSTEMPATH\CodeIgniter.php(354): CodeIgniter\CodeIgniter->handleRequest(null, Object(Config\Cache), false)
 9 SYSTEMPATH\Boot.php(334): CodeIgniter\CodeIgniter->run()
10 SYSTEMPATH\Boot.php(67): CodeIgniter\Boot::runCodeIgniter(Object(CodeIgniter\CodeIgniter))
11 FCPATH\index.php(56): CodeIgniter\Boot::bootWeb(Object(Config\Paths))
12 SYSTEMPATH\rewrite.php(44): require_once('C:\\xampp\\htdocs\\rockstar\\rockstar\\public\\index.php')
CRITICAL - 2025-07-16 11:11:14 --> ErrorException: Undefined array key "sede"
[Method: GET, Route: grupos-examen/aspirantes/12]
in APPPATH\Views\base\administrador\ver_aspirantes_grupo.php on line 75.
 1 APPPATH\Views\base\administrador\ver_aspirantes_grupo.php(75): CodeIgniter\Debug\Exceptions->errorHandler(2, 'Undefined array key "sede"', 'C:\\xampp\\htdocs\\rockstar\\rockstar\\app\\Views\\base\\administrador\\ver_aspirantes_grupo.php', 75)
 2 SYSTEMPATH\View\View.php(224): include('C:\\xampp\\htdocs\\rockstar\\rockstar\\app\\Views\\base\\administrador\\ver_aspirantes_grupo.php')
 3 SYSTEMPATH\View\View.php(227): CodeIgniter\View\View->CodeIgniter\View\{closure}()
 4 SYSTEMPATH\Common.php(1173): CodeIgniter\View\View->render('base/administrador/ver_aspirantes_grupo', [], true)
 5 APPPATH\Controllers\GruposExamen.php(320): view('base/administrador/ver_aspirantes_grupo', [...])
 6 SYSTEMPATH\CodeIgniter.php(933): App\Controllers\GruposExamen->aspirantes('12')
 7 SYSTEMPATH\CodeIgniter.php(507): CodeIgniter\CodeIgniter->runController(Object(App\Controllers\GruposExamen))
 8 SYSTEMPATH\CodeIgniter.php(354): CodeIgniter\CodeIgniter->handleRequest(null, Object(Config\Cache), false)
 9 SYSTEMPATH\Boot.php(334): CodeIgniter\CodeIgniter->run()
10 SYSTEMPATH\Boot.php(67): CodeIgniter\Boot::runCodeIgniter(Object(CodeIgniter\CodeIgniter))
11 FCPATH\index.php(56): CodeIgniter\Boot::bootWeb(Object(Config\Paths))
12 SYSTEMPATH\rewrite.php(44): require_once('C:\\xampp\\htdocs\\rockstar\\rockstar\\public\\index.php')
CRITICAL - 2025-07-16 11:11:21 --> ErrorException: Undefined variable $grupos
[Method: GET, Route: grupos-examen/aspirantes/12]
in APPPATH\Views\base\administrador\ver_aspirantes_grupo.php on line 75.
 1 APPPATH\Views\base\administrador\ver_aspirantes_grupo.php(75): CodeIgniter\Debug\Exceptions->errorHandler(2, 'Undefined variable $grupos', 'C:\\xampp\\htdocs\\rockstar\\rockstar\\app\\Views\\base\\administrador\\ver_aspirantes_grupo.php', 75)
 2 SYSTEMPATH\View\View.php(224): include('C:\\xampp\\htdocs\\rockstar\\rockstar\\app\\Views\\base\\administrador\\ver_aspirantes_grupo.php')
 3 SYSTEMPATH\View\View.php(227): CodeIgniter\View\View->CodeIgniter\View\{closure}()
 4 SYSTEMPATH\Common.php(1173): CodeIgniter\View\View->render('base/administrador/ver_aspirantes_grupo', [], true)
 5 APPPATH\Controllers\GruposExamen.php(320): view('base/administrador/ver_aspirantes_grupo', [...])
 6 SYSTEMPATH\CodeIgniter.php(933): App\Controllers\GruposExamen->aspirantes('12')
 7 SYSTEMPATH\CodeIgniter.php(507): CodeIgniter\CodeIgniter->runController(Object(App\Controllers\GruposExamen))
 8 SYSTEMPATH\CodeIgniter.php(354): CodeIgniter\CodeIgniter->handleRequest(null, Object(Config\Cache), false)
 9 SYSTEMPATH\Boot.php(334): CodeIgniter\CodeIgniter->run()
10 SYSTEMPATH\Boot.php(67): CodeIgniter\Boot::runCodeIgniter(Object(CodeIgniter\CodeIgniter))
11 FCPATH\index.php(56): CodeIgniter\Boot::bootWeb(Object(Config\Paths))
12 SYSTEMPATH\rewrite.php(44): require_once('C:\\xampp\\htdocs\\rockstar\\rockstar\\public\\index.php')
CRITICAL - 2025-07-16 11:13:28 --> ErrorException: Undefined array key "sede"
[Method: GET, Route: grupos-examen/aspirantes/12]
in APPPATH\Views\base\administrador\ver_aspirantes_grupo.php on line 75.
 1 APPPATH\Views\base\administrador\ver_aspirantes_grupo.php(75): CodeIgniter\Debug\Exceptions->errorHandler(2, 'Undefined array key "sede"', 'C:\\xampp\\htdocs\\rockstar\\rockstar\\app\\Views\\base\\administrador\\ver_aspirantes_grupo.php', 75)
 2 SYSTEMPATH\View\View.php(224): include('C:\\xampp\\htdocs\\rockstar\\rockstar\\app\\Views\\base\\administrador\\ver_aspirantes_grupo.php')
 3 SYSTEMPATH\View\View.php(227): CodeIgniter\View\View->CodeIgniter\View\{closure}()
 4 SYSTEMPATH\Common.php(1173): CodeIgniter\View\View->render('base/administrador/ver_aspirantes_grupo', [], true)
 5 APPPATH\Controllers\GruposExamen.php(320): view('base/administrador/ver_aspirantes_grupo', [...])
 6 SYSTEMPATH\CodeIgniter.php(933): App\Controllers\GruposExamen->aspirantes('12')
 7 SYSTEMPATH\CodeIgniter.php(507): CodeIgniter\CodeIgniter->runController(Object(App\Controllers\GruposExamen))
 8 SYSTEMPATH\CodeIgniter.php(354): CodeIgniter\CodeIgniter->handleRequest(null, Object(Config\Cache), false)
 9 SYSTEMPATH\Boot.php(334): CodeIgniter\CodeIgniter->run()
10 SYSTEMPATH\Boot.php(67): CodeIgniter\Boot::runCodeIgniter(Object(CodeIgniter\CodeIgniter))
11 FCPATH\index.php(56): CodeIgniter\Boot::bootWeb(Object(Config\Paths))
12 SYSTEMPATH\rewrite.php(44): require_once('C:\\xampp\\htdocs\\rockstar\\rockstar\\public\\index.php')
CRITICAL - 2025-07-16 11:13:44 --> ErrorException: Undefined array key "sede"
[Method: GET, Route: grupos-examen/aspirantes/12]
in APPPATH\Views\base\administrador\ver_aspirantes_grupo.php on line 80.
 1 APPPATH\Views\base\administrador\ver_aspirantes_grupo.php(80): CodeIgniter\Debug\Exceptions->errorHandler(2, 'Undefined array key "sede"', 'C:\\xampp\\htdocs\\rockstar\\rockstar\\app\\Views\\base\\administrador\\ver_aspirantes_grupo.php', 80)
 2 SYSTEMPATH\View\View.php(224): include('C:\\xampp\\htdocs\\rockstar\\rockstar\\app\\Views\\base\\administrador\\ver_aspirantes_grupo.php')
 3 SYSTEMPATH\View\View.php(227): CodeIgniter\View\View->CodeIgniter\View\{closure}()
 4 SYSTEMPATH\Common.php(1173): CodeIgniter\View\View->render('base/administrador/ver_aspirantes_grupo', [], true)
 5 APPPATH\Controllers\GruposExamen.php(320): view('base/administrador/ver_aspirantes_grupo', [...])
 6 SYSTEMPATH\CodeIgniter.php(933): App\Controllers\GruposExamen->aspirantes('12')
 7 SYSTEMPATH\CodeIgniter.php(507): CodeIgniter\CodeIgniter->runController(Object(App\Controllers\GruposExamen))
 8 SYSTEMPATH\CodeIgniter.php(354): CodeIgniter\CodeIgniter->handleRequest(null, Object(Config\Cache), false)
 9 SYSTEMPATH\Boot.php(334): CodeIgniter\CodeIgniter->run()
10 SYSTEMPATH\Boot.php(67): CodeIgniter\Boot::runCodeIgniter(Object(CodeIgniter\CodeIgniter))
11 FCPATH\index.php(56): CodeIgniter\Boot::bootWeb(Object(Config\Paths))
12 SYSTEMPATH\rewrite.php(44): require_once('C:\\xampp\\htdocs\\rockstar\\rockstar\\public\\index.php')
