CRITICAL - 2025-08-07 14:31:06 --> ErrorException: Undefined variable $modulo
[Method: GET, Route: Acceso/principal]
in APPPATH\Views\base\template\templete2\sidebar.php on line 53.
 1 APPPATH\Views\base\template\templete2\sidebar.php(53): CodeIgniter\Debug\Exceptions->errorHandler(2, 'Undefined variable $modulo', 'C:\\xampp\\htdocs\\rockstar\\rockstar\\app\\Views\\base\\template\\templete2\\sidebar.php', 53)
 2 SYSTEMPATH\View\View.php(224): include('C:\\xampp\\htdocs\\rockstar\\rockstar\\app\\Views\\base\\template\\templete2\\sidebar.php')
 3 SYSTEMPATH\View\View.php(227): CodeIgniter\View\View->CodeIgniter\View\{closure}()
 4 SYSTEMPATH\Common.php(1173): CodeIgniter\View\View->render('base/template/templete2/sidebar', [], true)
 5 APPPATH\Views\base\vista_base2.php(41): view('base/template/templete2/sidebar')
 6 SYSTEMPATH\View\View.php(224): include('C:\\xampp\\htdocs\\rockstar\\rockstar\\app\\Views\\base\\vista_base2.php')
 7 SYSTEMPATH\View\View.php(227): CodeIgniter\View\View->CodeIgniter\View\{closure}()
 8 SYSTEMPATH\Common.php(1173): CodeIgniter\View\View->render('base/vista_base2', [], true)
 9 APPPATH\Controllers\Acceso.php(28): view('base/vista_base2', [...])
10 SYSTEMPATH\CodeIgniter.php(933): App\Controllers\Acceso->principal()
11 SYSTEMPATH\CodeIgniter.php(507): CodeIgniter\CodeIgniter->runController(Object(App\Controllers\Acceso))
12 SYSTEMPATH\CodeIgniter.php(354): CodeIgniter\CodeIgniter->handleRequest(null, Object(Config\Cache), false)
13 SYSTEMPATH\Boot.php(334): CodeIgniter\CodeIgniter->run()
14 SYSTEMPATH\Boot.php(67): CodeIgniter\Boot::runCodeIgniter(Object(CodeIgniter\CodeIgniter))
15 FCPATH\index.php(56): CodeIgniter\Boot::bootWeb(Object(Config\Paths))
16 SYSTEMPATH\rewrite.php(44): require_once('C:\\xampp\\htdocs\\rockstar\\rockstar\\public\\index.php')
CRITICAL - 2025-08-07 14:33:11 --> ErrorException: Undefined variable $modulo
[Method: GET, Route: Acceso/principal]
in APPPATH\Views\base\template\templete2\sidebar.php on line 134.
 1 APPPATH\Views\base\template\templete2\sidebar.php(134): CodeIgniter\Debug\Exceptions->errorHandler(2, 'Undefined variable $modulo', 'C:\\xampp\\htdocs\\rockstar\\rockstar\\app\\Views\\base\\template\\templete2\\sidebar.php', 134)
 2 SYSTEMPATH\View\View.php(224): include('C:\\xampp\\htdocs\\rockstar\\rockstar\\app\\Views\\base\\template\\templete2\\sidebar.php')
 3 SYSTEMPATH\View\View.php(227): CodeIgniter\View\View->CodeIgniter\View\{closure}()
 4 SYSTEMPATH\Common.php(1173): CodeIgniter\View\View->render('base/template/templete2/sidebar', [], true)
 5 APPPATH\Views\base\vista_base2.php(41): view('base/template/templete2/sidebar')
 6 SYSTEMPATH\View\View.php(224): include('C:\\xampp\\htdocs\\rockstar\\rockstar\\app\\Views\\base\\vista_base2.php')
 7 SYSTEMPATH\View\View.php(227): CodeIgniter\View\View->CodeIgniter\View\{closure}()
 8 SYSTEMPATH\Common.php(1173): CodeIgniter\View\View->render('base/vista_base2', [], true)
 9 APPPATH\Controllers\Acceso.php(28): view('base/vista_base2', [...])
10 SYSTEMPATH\CodeIgniter.php(933): App\Controllers\Acceso->principal()
11 SYSTEMPATH\CodeIgniter.php(507): CodeIgniter\CodeIgniter->runController(Object(App\Controllers\Acceso))
12 SYSTEMPATH\CodeIgniter.php(354): CodeIgniter\CodeIgniter->handleRequest(null, Object(Config\Cache), false)
13 SYSTEMPATH\Boot.php(334): CodeIgniter\CodeIgniter->run()
14 SYSTEMPATH\Boot.php(67): CodeIgniter\Boot::runCodeIgniter(Object(CodeIgniter\CodeIgniter))
15 FCPATH\index.php(56): CodeIgniter\Boot::bootWeb(Object(Config\Paths))
16 SYSTEMPATH\rewrite.php(44): require_once('C:\\xampp\\htdocs\\rockstar\\rockstar\\public\\index.php')
CRITICAL - 2025-08-07 14:40:29 --> ErrorException: Undefined variable $modulo
[Method: GET, Route: Acceso/principal]
in APPPATH\Views\base\template\templete2\sidebar.php on line 53.
 1 APPPATH\Views\base\template\templete2\sidebar.php(53): CodeIgniter\Debug\Exceptions->errorHandler(2, 'Undefined variable $modulo', 'C:\\xampp\\htdocs\\rockstar\\rockstar\\app\\Views\\base\\template\\templete2\\sidebar.php', 53)
 2 SYSTEMPATH\View\View.php(224): include('C:\\xampp\\htdocs\\rockstar\\rockstar\\app\\Views\\base\\template\\templete2\\sidebar.php')
 3 SYSTEMPATH\View\View.php(227): CodeIgniter\View\View->CodeIgniter\View\{closure}()
 4 SYSTEMPATH\Common.php(1173): CodeIgniter\View\View->render('base/template/templete2/sidebar', [], true)
 5 APPPATH\Views\base\vista_base.php(23): view('base/template/templete2/sidebar')
 6 SYSTEMPATH\View\View.php(224): include('C:\\xampp\\htdocs\\rockstar\\rockstar\\app\\Views\\base\\vista_base.php')
 7 SYSTEMPATH\View\View.php(227): CodeIgniter\View\View->CodeIgniter\View\{closure}()
 8 SYSTEMPATH\Common.php(1173): CodeIgniter\View\View->render('base/vista_base', [], true)
 9 APPPATH\Controllers\Acceso.php(28): view('base/vista_base', [...])
10 SYSTEMPATH\CodeIgniter.php(933): App\Controllers\Acceso->principal()
11 SYSTEMPATH\CodeIgniter.php(507): CodeIgniter\CodeIgniter->runController(Object(App\Controllers\Acceso))
12 SYSTEMPATH\CodeIgniter.php(354): CodeIgniter\CodeIgniter->handleRequest(null, Object(Config\Cache), false)
13 SYSTEMPATH\Boot.php(334): CodeIgniter\CodeIgniter->run()
14 SYSTEMPATH\Boot.php(67): CodeIgniter\Boot::runCodeIgniter(Object(CodeIgniter\CodeIgniter))
15 FCPATH\index.php(56): CodeIgniter\Boot::bootWeb(Object(Config\Paths))
16 SYSTEMPATH\rewrite.php(44): require_once('C:\\xampp\\htdocs\\rockstar\\rockstar\\public\\index.php')
CRITICAL - 2025-08-07 14:46:55 --> CodeIgniter\View\Exceptions\ViewException: Invalid file: "base/vista_base2.php"
[Method: GET, Route: Acceso/principal]
in SYSTEMPATH\Exceptions\FrameworkException.php on line 39.
 1 SYSTEMPATH\View\View.php(212): CodeIgniter\Exceptions\FrameworkException::forInvalidFile('base/vista_base2.php')
 2 SYSTEMPATH\Common.php(1173): CodeIgniter\View\View->render('base/vista_base2', [], true)
 3 APPPATH\Controllers\Acceso.php(29): view('base/vista_base2', [...])
 4 SYSTEMPATH\CodeIgniter.php(933): App\Controllers\Acceso->principal()
 5 SYSTEMPATH\CodeIgniter.php(507): CodeIgniter\CodeIgniter->runController(Object(App\Controllers\Acceso))
 6 SYSTEMPATH\CodeIgniter.php(354): CodeIgniter\CodeIgniter->handleRequest(null, Object(Config\Cache), false)
 7 SYSTEMPATH\Boot.php(334): CodeIgniter\CodeIgniter->run()
 8 SYSTEMPATH\Boot.php(67): CodeIgniter\Boot::runCodeIgniter(Object(CodeIgniter\CodeIgniter))
 9 FCPATH\index.php(56): CodeIgniter\Boot::bootWeb(Object(Config\Paths))
10 SYSTEMPATH\rewrite.php(44): require_once('C:\\xampp\\htdocs\\rockstar\\rockstar\\public\\index.php')
CRITICAL - 2025-08-07 14:47:13 --> CodeIgniter\View\Exceptions\ViewException: Invalid file: "base/templete2/vista_base2.php"
[Method: GET, Route: Acceso/principal]
in SYSTEMPATH\Exceptions\FrameworkException.php on line 39.
 1 SYSTEMPATH\View\View.php(212): CodeIgniter\Exceptions\FrameworkException::forInvalidFile('base/templete2/vista_base2.php')
 2 SYSTEMPATH\Common.php(1173): CodeIgniter\View\View->render('base/templete2/vista_base2', [], true)
 3 APPPATH\Controllers\Acceso.php(29): view('base/templete2/vista_base2', [...])
 4 SYSTEMPATH\CodeIgniter.php(933): App\Controllers\Acceso->principal()
 5 SYSTEMPATH\CodeIgniter.php(507): CodeIgniter\CodeIgniter->runController(Object(App\Controllers\Acceso))
 6 SYSTEMPATH\CodeIgniter.php(354): CodeIgniter\CodeIgniter->handleRequest(null, Object(Config\Cache), false)
 7 SYSTEMPATH\Boot.php(334): CodeIgniter\CodeIgniter->run()
 8 SYSTEMPATH\Boot.php(67): CodeIgniter\Boot::runCodeIgniter(Object(CodeIgniter\CodeIgniter))
 9 FCPATH\index.php(56): CodeIgniter\Boot::bootWeb(Object(Config\Paths))
10 SYSTEMPATH\rewrite.php(44): require_once('C:\\xampp\\htdocs\\rockstar\\rockstar\\public\\index.php')
CRITICAL - 2025-08-07 14:47:14 --> CodeIgniter\View\Exceptions\ViewException: Invalid file: "base/templete2/vista_base2.php"
[Method: GET, Route: Acceso/principal]
in SYSTEMPATH\Exceptions\FrameworkException.php on line 39.
 1 SYSTEMPATH\View\View.php(212): CodeIgniter\Exceptions\FrameworkException::forInvalidFile('base/templete2/vista_base2.php')
 2 SYSTEMPATH\Common.php(1173): CodeIgniter\View\View->render('base/templete2/vista_base2', [], true)
 3 APPPATH\Controllers\Acceso.php(29): view('base/templete2/vista_base2', [...])
 4 SYSTEMPATH\CodeIgniter.php(933): App\Controllers\Acceso->principal()
 5 SYSTEMPATH\CodeIgniter.php(507): CodeIgniter\CodeIgniter->runController(Object(App\Controllers\Acceso))
 6 SYSTEMPATH\CodeIgniter.php(354): CodeIgniter\CodeIgniter->handleRequest(null, Object(Config\Cache), false)
 7 SYSTEMPATH\Boot.php(334): CodeIgniter\CodeIgniter->run()
 8 SYSTEMPATH\Boot.php(67): CodeIgniter\Boot::runCodeIgniter(Object(CodeIgniter\CodeIgniter))
 9 FCPATH\index.php(56): CodeIgniter\Boot::bootWeb(Object(Config\Paths))
10 SYSTEMPATH\rewrite.php(44): require_once('C:\\xampp\\htdocs\\rockstar\\rockstar\\public\\index.php')
CRITICAL - 2025-08-07 15:32:43 --> CodeIgniter\View\Exceptions\ViewException: Invalid file: "base/template/vista_base.php"
[Method: GET, Route: Acceso/principal]
in SYSTEMPATH\Exceptions\FrameworkException.php on line 39.
 1 SYSTEMPATH\View\View.php(212): CodeIgniter\Exceptions\FrameworkException::forInvalidFile('base/template/vista_base.php')
 2 SYSTEMPATH\Common.php(1173): CodeIgniter\View\View->render('base/template/vista_base', [], true)
 3 APPPATH\Controllers\Acceso.php(29): view('base/template/vista_base', [...])
 4 SYSTEMPATH\CodeIgniter.php(933): App\Controllers\Acceso->principal()
 5 SYSTEMPATH\CodeIgniter.php(507): CodeIgniter\CodeIgniter->runController(Object(App\Controllers\Acceso))
 6 SYSTEMPATH\CodeIgniter.php(354): CodeIgniter\CodeIgniter->handleRequest(null, Object(Config\Cache), false)
 7 SYSTEMPATH\Boot.php(334): CodeIgniter\CodeIgniter->run()
 8 SYSTEMPATH\Boot.php(67): CodeIgniter\Boot::runCodeIgniter(Object(CodeIgniter\CodeIgniter))
 9 FCPATH\index.php(56): CodeIgniter\Boot::bootWeb(Object(Config\Paths))
10 SYSTEMPATH\rewrite.php(44): require_once('C:\\xampp\\htdocs\\rockstar\\rockstar\\public\\index.php')
CRITICAL - 2025-08-07 16:35:51 --> ErrorException: Undefined variable $avance
[Method: GET, Route: aspirantes/info]
in APPPATH\Views\base\publico\aspirante_info.php on line 77.
 1 APPPATH\Views\base\publico\aspirante_info.php(77): CodeIgniter\Debug\Exceptions->errorHandler(2, 'Undefined variable $avance', 'C:\\xampp\\htdocs\\rockstar\\rockstar\\app\\Views\\base\\publico\\aspirante_info.php', 77)
 2 SYSTEMPATH\View\View.php(224): include('C:\\xampp\\htdocs\\rockstar\\rockstar\\app\\Views\\base\\publico\\aspirante_info.php')
 3 SYSTEMPATH\View\View.php(227): CodeIgniter\View\View->CodeIgniter\View\{closure}()
 4 SYSTEMPATH\Common.php(1173): CodeIgniter\View\View->render('base/publico/aspirante_info', [], true)
 5 APPPATH\Controllers\Aspirante.php(899): view('base/publico/aspirante_info', [...])
 6 SYSTEMPATH\CodeIgniter.php(933): App\Controllers\Aspirante->infoAspirante()
 7 SYSTEMPATH\CodeIgniter.php(507): CodeIgniter\CodeIgniter->runController(Object(App\Controllers\Aspirante))
 8 SYSTEMPATH\CodeIgniter.php(354): CodeIgniter\CodeIgniter->handleRequest(null, Object(Config\Cache), false)
 9 SYSTEMPATH\Boot.php(334): CodeIgniter\CodeIgniter->run()
10 SYSTEMPATH\Boot.php(67): CodeIgniter\Boot::runCodeIgniter(Object(CodeIgniter\CodeIgniter))
11 FCPATH\index.php(56): CodeIgniter\Boot::bootWeb(Object(Config\Paths))
12 SYSTEMPATH\rewrite.php(44): require_once('C:\\xampp\\htdocs\\rockstar\\rockstar\\public\\index.php')
ERROR - 2025-08-07 16:38:24 --> mysqli_sql_exception: Unknown column 'curp' in 'where clause' in C:\xampp\htdocs\rockstar\rockstar\system\Database\MySQLi\Connection.php:327
Stack trace:
#0 C:\xampp\htdocs\rockstar\rockstar\system\Database\MySQLi\Connection.php(327): mysqli->query('SELECT COUNT(*)...', 0)
#1 C:\xampp\htdocs\rockstar\rockstar\system\Database\BaseConnection.php(738): CodeIgniter\Database\MySQLi\Connection->execute('SELECT COUNT(*)...')
#2 C:\xampp\htdocs\rockstar\rockstar\system\Database\BaseConnection.php(652): CodeIgniter\Database\BaseConnection->simpleQuery('SELECT COUNT(*)...')
#3 C:\xampp\htdocs\rockstar\rockstar\system\Database\BaseBuilder.php(1733): CodeIgniter\Database\BaseConnection->query('SELECT COUNT(*)...', Array, false)
#4 C:\xampp\htdocs\rockstar\rockstar\system\Model.php(676): CodeIgniter\Database\BaseBuilder->countAllResults(true)
#5 C:\xampp\htdocs\rockstar\rockstar\app\Controllers\Aspirante.php(257): CodeIgniter\Model->countAllResults()
#6 C:\xampp\htdocs\rockstar\rockstar\app\Controllers\Aspirante.php(876): App\Controllers\Aspirante->obtenerAvanceAspirante('MOHM700105MOCRR...')
#7 C:\xampp\htdocs\rockstar\rockstar\system\CodeIgniter.php(933): App\Controllers\Aspirante->infoAspirante()
#8 C:\xampp\htdocs\rockstar\rockstar\system\CodeIgniter.php(507): CodeIgniter\CodeIgniter->runController(Object(App\Controllers\Aspirante))
#9 C:\xampp\htdocs\rockstar\rockstar\system\CodeIgniter.php(354): CodeIgniter\CodeIgniter->handleRequest(NULL, Object(Config\Cache), false)
#10 C:\xampp\htdocs\rockstar\rockstar\system\Boot.php(334): CodeIgniter\CodeIgniter->run()
#11 C:\xampp\htdocs\rockstar\rockstar\system\Boot.php(67): CodeIgniter\Boot::runCodeIgniter(Object(CodeIgniter\CodeIgniter))
#12 C:\xampp\htdocs\rockstar\rockstar\public\index.php(56): CodeIgniter\Boot::bootWeb(Object(Config\Paths))
#13 C:\xampp\htdocs\rockstar\rockstar\system\rewrite.php(44): require_once('C:\\xampp\\htdocs...')
#14 {main}
CRITICAL - 2025-08-07 16:38:24 --> CodeIgniter\Database\Exceptions\DatabaseException: Unknown column 'curp' in 'where clause'
[Method: GET, Route: aspirantes/info]
in SYSTEMPATH\Database\BaseConnection.php on line 692.
 1 SYSTEMPATH\Database\BaseBuilder.php(1733): CodeIgniter\Database\BaseConnection->query('SELECT COUNT(*) AS `numrows`
FROM `respuestas_encuesta`
WHERE `curp` = :curp:', [...], false)
 2 SYSTEMPATH\Model.php(676): CodeIgniter\Database\BaseBuilder->countAllResults(true)
 3 APPPATH\Controllers\Aspirante.php(257): CodeIgniter\Model->countAllResults()
 4 APPPATH\Controllers\Aspirante.php(876): App\Controllers\Aspirante->obtenerAvanceAspirante('MOHM700105MOCRRR04')
 5 SYSTEMPATH\CodeIgniter.php(933): App\Controllers\Aspirante->infoAspirante()
 6 SYSTEMPATH\CodeIgniter.php(507): CodeIgniter\CodeIgniter->runController(Object(App\Controllers\Aspirante))
 7 SYSTEMPATH\CodeIgniter.php(354): CodeIgniter\CodeIgniter->handleRequest(null, Object(Config\Cache), false)
 8 SYSTEMPATH\Boot.php(334): CodeIgniter\CodeIgniter->run()
 9 SYSTEMPATH\Boot.php(67): CodeIgniter\Boot::runCodeIgniter(Object(CodeIgniter\CodeIgniter))
10 FCPATH\index.php(56): CodeIgniter\Boot::bootWeb(Object(Config\Paths))
11 SYSTEMPATH\rewrite.php(44): require_once('C:\\xampp\\htdocs\\rockstar\\rockstar\\public\\index.php')
CRITICAL - 2025-08-07 16:38:24 --> [Caused by] CodeIgniter\Database\Exceptions\DatabaseException: Unknown column 'curp' in 'where clause'
in SYSTEMPATH\Database\MySQLi\Connection.php on line 332.
 1 SYSTEMPATH\Database\BaseConnection.php(738): CodeIgniter\Database\MySQLi\Connection->execute('SELECT COUNT(*) AS `numrows`
FROM `respuestas_encuesta`
WHERE `curp` = \'MOHM700105MOCRRR04\'')
 2 SYSTEMPATH\Database\BaseConnection.php(652): CodeIgniter\Database\BaseConnection->simpleQuery('SELECT COUNT(*) AS `numrows`
FROM `respuestas_encuesta`
WHERE `curp` = \'MOHM700105MOCRRR04\'')
 3 SYSTEMPATH\Database\BaseBuilder.php(1733): CodeIgniter\Database\BaseConnection->query('SELECT COUNT(*) AS `numrows`
FROM `respuestas_encuesta`
WHERE `curp` = :curp:', [...], false)
 4 SYSTEMPATH\Model.php(676): CodeIgniter\Database\BaseBuilder->countAllResults(true)
 5 APPPATH\Controllers\Aspirante.php(257): CodeIgniter\Model->countAllResults()
 6 APPPATH\Controllers\Aspirante.php(876): App\Controllers\Aspirante->obtenerAvanceAspirante('MOHM700105MOCRRR04')
 7 SYSTEMPATH\CodeIgniter.php(933): App\Controllers\Aspirante->infoAspirante()
 8 SYSTEMPATH\CodeIgniter.php(507): CodeIgniter\CodeIgniter->runController(Object(App\Controllers\Aspirante))
 9 SYSTEMPATH\CodeIgniter.php(354): CodeIgniter\CodeIgniter->handleRequest(null, Object(Config\Cache), false)
10 SYSTEMPATH\Boot.php(334): CodeIgniter\CodeIgniter->run()
11 SYSTEMPATH\Boot.php(67): CodeIgniter\Boot::runCodeIgniter(Object(CodeIgniter\CodeIgniter))
12 FCPATH\index.php(56): CodeIgniter\Boot::bootWeb(Object(Config\Paths))
13 SYSTEMPATH\rewrite.php(44): require_once('C:\\xampp\\htdocs\\rockstar\\rockstar\\public\\index.php')
CRITICAL - 2025-08-07 16:38:24 --> [Caused by] mysqli_sql_exception: Unknown column 'curp' in 'where clause'
in SYSTEMPATH\Database\MySQLi\Connection.php on line 327.
 1 SYSTEMPATH\Database\MySQLi\Connection.php(327): mysqli->query('SELECT COUNT(*) AS `numrows`
FROM `respuestas_encuesta`
WHERE `curp` = \'MOHM700105MOCRRR04\'', 0)
 2 SYSTEMPATH\Database\BaseConnection.php(738): CodeIgniter\Database\MySQLi\Connection->execute('SELECT COUNT(*) AS `numrows`
FROM `respuestas_encuesta`
WHERE `curp` = \'MOHM700105MOCRRR04\'')
 3 SYSTEMPATH\Database\BaseConnection.php(652): CodeIgniter\Database\BaseConnection->simpleQuery('SELECT COUNT(*) AS `numrows`
FROM `respuestas_encuesta`
WHERE `curp` = \'MOHM700105MOCRRR04\'')
 4 SYSTEMPATH\Database\BaseBuilder.php(1733): CodeIgniter\Database\BaseConnection->query('SELECT COUNT(*) AS `numrows`
FROM `respuestas_encuesta`
WHERE `curp` = :curp:', [...], false)
 5 SYSTEMPATH\Model.php(676): CodeIgniter\Database\BaseBuilder->countAllResults(true)
 6 APPPATH\Controllers\Aspirante.php(257): CodeIgniter\Model->countAllResults()
 7 APPPATH\Controllers\Aspirante.php(876): App\Controllers\Aspirante->obtenerAvanceAspirante('MOHM700105MOCRRR04')
 8 SYSTEMPATH\CodeIgniter.php(933): App\Controllers\Aspirante->infoAspirante()
 9 SYSTEMPATH\CodeIgniter.php(507): CodeIgniter\CodeIgniter->runController(Object(App\Controllers\Aspirante))
10 SYSTEMPATH\CodeIgniter.php(354): CodeIgniter\CodeIgniter->handleRequest(null, Object(Config\Cache), false)
11 SYSTEMPATH\Boot.php(334): CodeIgniter\CodeIgniter->run()
12 SYSTEMPATH\Boot.php(67): CodeIgniter\Boot::runCodeIgniter(Object(CodeIgniter\CodeIgniter))
13 FCPATH\index.php(56): CodeIgniter\Boot::bootWeb(Object(Config\Paths))
14 SYSTEMPATH\rewrite.php(44): require_once('C:\\xampp\\htdocs\\rockstar\\rockstar\\public\\index.php')
ERROR - 2025-08-07 16:39:48 --> mysqli_sql_exception: Unknown column 'curp' in 'where clause' in C:\xampp\htdocs\rockstar\rockstar\system\Database\MySQLi\Connection.php:327
Stack trace:
#0 C:\xampp\htdocs\rockstar\rockstar\system\Database\MySQLi\Connection.php(327): mysqli->query('SELECT COUNT(*)...', 0)
#1 C:\xampp\htdocs\rockstar\rockstar\system\Database\BaseConnection.php(738): CodeIgniter\Database\MySQLi\Connection->execute('SELECT COUNT(*)...')
#2 C:\xampp\htdocs\rockstar\rockstar\system\Database\BaseConnection.php(652): CodeIgniter\Database\BaseConnection->simpleQuery('SELECT COUNT(*)...')
#3 C:\xampp\htdocs\rockstar\rockstar\system\Database\BaseBuilder.php(1733): CodeIgniter\Database\BaseConnection->query('SELECT COUNT(*)...', Array, false)
#4 C:\xampp\htdocs\rockstar\rockstar\system\Model.php(676): CodeIgniter\Database\BaseBuilder->countAllResults(true)
#5 C:\xampp\htdocs\rockstar\rockstar\app\Controllers\Aspirante.php(257): CodeIgniter\Model->countAllResults()
#6 C:\xampp\htdocs\rockstar\rockstar\app\Controllers\Aspirante.php(876): App\Controllers\Aspirante->obtenerAvanceAspirante('MOHM700105MOCRR...')
#7 C:\xampp\htdocs\rockstar\rockstar\system\CodeIgniter.php(933): App\Controllers\Aspirante->infoAspirante()
#8 C:\xampp\htdocs\rockstar\rockstar\system\CodeIgniter.php(507): CodeIgniter\CodeIgniter->runController(Object(App\Controllers\Aspirante))
#9 C:\xampp\htdocs\rockstar\rockstar\system\CodeIgniter.php(354): CodeIgniter\CodeIgniter->handleRequest(NULL, Object(Config\Cache), false)
#10 C:\xampp\htdocs\rockstar\rockstar\system\Boot.php(334): CodeIgniter\CodeIgniter->run()
#11 C:\xampp\htdocs\rockstar\rockstar\system\Boot.php(67): CodeIgniter\Boot::runCodeIgniter(Object(CodeIgniter\CodeIgniter))
#12 C:\xampp\htdocs\rockstar\rockstar\public\index.php(56): CodeIgniter\Boot::bootWeb(Object(Config\Paths))
#13 C:\xampp\htdocs\rockstar\rockstar\system\rewrite.php(44): require_once('C:\\xampp\\htdocs...')
#14 {main}
CRITICAL - 2025-08-07 16:39:48 --> CodeIgniter\Database\Exceptions\DatabaseException: Unknown column 'curp' in 'where clause'
[Method: GET, Route: aspirantes/info]
in SYSTEMPATH\Database\BaseConnection.php on line 692.
 1 SYSTEMPATH\Database\BaseBuilder.php(1733): CodeIgniter\Database\BaseConnection->query('SELECT COUNT(*) AS `numrows`
FROM `respuestas_encuesta`
WHERE `curp` = :curp:', [...], false)
 2 SYSTEMPATH\Model.php(676): CodeIgniter\Database\BaseBuilder->countAllResults(true)
 3 APPPATH\Controllers\Aspirante.php(257): CodeIgniter\Model->countAllResults()
 4 APPPATH\Controllers\Aspirante.php(876): App\Controllers\Aspirante->obtenerAvanceAspirante('MOHM700105MOCRRR04')
 5 SYSTEMPATH\CodeIgniter.php(933): App\Controllers\Aspirante->infoAspirante()
 6 SYSTEMPATH\CodeIgniter.php(507): CodeIgniter\CodeIgniter->runController(Object(App\Controllers\Aspirante))
 7 SYSTEMPATH\CodeIgniter.php(354): CodeIgniter\CodeIgniter->handleRequest(null, Object(Config\Cache), false)
 8 SYSTEMPATH\Boot.php(334): CodeIgniter\CodeIgniter->run()
 9 SYSTEMPATH\Boot.php(67): CodeIgniter\Boot::runCodeIgniter(Object(CodeIgniter\CodeIgniter))
10 FCPATH\index.php(56): CodeIgniter\Boot::bootWeb(Object(Config\Paths))
11 SYSTEMPATH\rewrite.php(44): require_once('C:\\xampp\\htdocs\\rockstar\\rockstar\\public\\index.php')
CRITICAL - 2025-08-07 16:39:48 --> [Caused by] CodeIgniter\Database\Exceptions\DatabaseException: Unknown column 'curp' in 'where clause'
in SYSTEMPATH\Database\MySQLi\Connection.php on line 332.
 1 SYSTEMPATH\Database\BaseConnection.php(738): CodeIgniter\Database\MySQLi\Connection->execute('SELECT COUNT(*) AS `numrows`
FROM `respuestas_encuesta`
WHERE `curp` = \'MOHM700105MOCRRR04\'')
 2 SYSTEMPATH\Database\BaseConnection.php(652): CodeIgniter\Database\BaseConnection->simpleQuery('SELECT COUNT(*) AS `numrows`
FROM `respuestas_encuesta`
WHERE `curp` = \'MOHM700105MOCRRR04\'')
 3 SYSTEMPATH\Database\BaseBuilder.php(1733): CodeIgniter\Database\BaseConnection->query('SELECT COUNT(*) AS `numrows`
FROM `respuestas_encuesta`
WHERE `curp` = :curp:', [...], false)
 4 SYSTEMPATH\Model.php(676): CodeIgniter\Database\BaseBuilder->countAllResults(true)
 5 APPPATH\Controllers\Aspirante.php(257): CodeIgniter\Model->countAllResults()
 6 APPPATH\Controllers\Aspirante.php(876): App\Controllers\Aspirante->obtenerAvanceAspirante('MOHM700105MOCRRR04')
 7 SYSTEMPATH\CodeIgniter.php(933): App\Controllers\Aspirante->infoAspirante()
 8 SYSTEMPATH\CodeIgniter.php(507): CodeIgniter\CodeIgniter->runController(Object(App\Controllers\Aspirante))
 9 SYSTEMPATH\CodeIgniter.php(354): CodeIgniter\CodeIgniter->handleRequest(null, Object(Config\Cache), false)
10 SYSTEMPATH\Boot.php(334): CodeIgniter\CodeIgniter->run()
11 SYSTEMPATH\Boot.php(67): CodeIgniter\Boot::runCodeIgniter(Object(CodeIgniter\CodeIgniter))
12 FCPATH\index.php(56): CodeIgniter\Boot::bootWeb(Object(Config\Paths))
13 SYSTEMPATH\rewrite.php(44): require_once('C:\\xampp\\htdocs\\rockstar\\rockstar\\public\\index.php')
CRITICAL - 2025-08-07 16:39:48 --> [Caused by] mysqli_sql_exception: Unknown column 'curp' in 'where clause'
in SYSTEMPATH\Database\MySQLi\Connection.php on line 327.
 1 SYSTEMPATH\Database\MySQLi\Connection.php(327): mysqli->query('SELECT COUNT(*) AS `numrows`
FROM `respuestas_encuesta`
WHERE `curp` = \'MOHM700105MOCRRR04\'', 0)
 2 SYSTEMPATH\Database\BaseConnection.php(738): CodeIgniter\Database\MySQLi\Connection->execute('SELECT COUNT(*) AS `numrows`
FROM `respuestas_encuesta`
WHERE `curp` = \'MOHM700105MOCRRR04\'')
 3 SYSTEMPATH\Database\BaseConnection.php(652): CodeIgniter\Database\BaseConnection->simpleQuery('SELECT COUNT(*) AS `numrows`
FROM `respuestas_encuesta`
WHERE `curp` = \'MOHM700105MOCRRR04\'')
 4 SYSTEMPATH\Database\BaseBuilder.php(1733): CodeIgniter\Database\BaseConnection->query('SELECT COUNT(*) AS `numrows`
FROM `respuestas_encuesta`
WHERE `curp` = :curp:', [...], false)
 5 SYSTEMPATH\Model.php(676): CodeIgniter\Database\BaseBuilder->countAllResults(true)
 6 APPPATH\Controllers\Aspirante.php(257): CodeIgniter\Model->countAllResults()
 7 APPPATH\Controllers\Aspirante.php(876): App\Controllers\Aspirante->obtenerAvanceAspirante('MOHM700105MOCRRR04')
 8 SYSTEMPATH\CodeIgniter.php(933): App\Controllers\Aspirante->infoAspirante()
 9 SYSTEMPATH\CodeIgniter.php(507): CodeIgniter\CodeIgniter->runController(Object(App\Controllers\Aspirante))
10 SYSTEMPATH\CodeIgniter.php(354): CodeIgniter\CodeIgniter->handleRequest(null, Object(Config\Cache), false)
11 SYSTEMPATH\Boot.php(334): CodeIgniter\CodeIgniter->run()
12 SYSTEMPATH\Boot.php(67): CodeIgniter\Boot::runCodeIgniter(Object(CodeIgniter\CodeIgniter))
13 FCPATH\index.php(56): CodeIgniter\Boot::bootWeb(Object(Config\Paths))
14 SYSTEMPATH\rewrite.php(44): require_once('C:\\xampp\\htdocs\\rockstar\\rockstar\\public\\index.php')
CRITICAL - 2025-08-07 16:41:48 --> ErrorException: Undefined variable $avance
[Method: GET, Route: aspirantes/info]
in APPPATH\Views\base\publico\aspirante_info.php on line 77.
 1 APPPATH\Views\base\publico\aspirante_info.php(77): CodeIgniter\Debug\Exceptions->errorHandler(2, 'Undefined variable $avance', 'C:\\xampp\\htdocs\\rockstar\\rockstar\\app\\Views\\base\\publico\\aspirante_info.php', 77)
 2 SYSTEMPATH\View\View.php(224): include('C:\\xampp\\htdocs\\rockstar\\rockstar\\app\\Views\\base\\publico\\aspirante_info.php')
 3 SYSTEMPATH\View\View.php(227): CodeIgniter\View\View->CodeIgniter\View\{closure}()
 4 SYSTEMPATH\Common.php(1173): CodeIgniter\View\View->render('base/publico/aspirante_info', [], true)
 5 APPPATH\Controllers\Aspirante.php(886): view('base/publico/aspirante_info', [...])
 6 SYSTEMPATH\CodeIgniter.php(933): App\Controllers\Aspirante->infoAspirante()
 7 SYSTEMPATH\CodeIgniter.php(507): CodeIgniter\CodeIgniter->runController(Object(App\Controllers\Aspirante))
 8 SYSTEMPATH\CodeIgniter.php(354): CodeIgniter\CodeIgniter->handleRequest(null, Object(Config\Cache), false)
 9 SYSTEMPATH\Boot.php(334): CodeIgniter\CodeIgniter->run()
10 SYSTEMPATH\Boot.php(67): CodeIgniter\Boot::runCodeIgniter(Object(CodeIgniter\CodeIgniter))
11 FCPATH\index.php(56): CodeIgniter\Boot::bootWeb(Object(Config\Paths))
12 SYSTEMPATH\rewrite.php(44): require_once('C:\\xampp\\htdocs\\rockstar\\rockstar\\public\\index.php')
ERROR - 2025-08-07 16:43:20 --> mysqli_sql_exception: Unknown column 'curp' in 'where clause' in C:\xampp\htdocs\rockstar\rockstar\system\Database\MySQLi\Connection.php:327
Stack trace:
#0 C:\xampp\htdocs\rockstar\rockstar\system\Database\MySQLi\Connection.php(327): mysqli->query('SELECT COUNT(*)...', 0)
#1 C:\xampp\htdocs\rockstar\rockstar\system\Database\BaseConnection.php(738): CodeIgniter\Database\MySQLi\Connection->execute('SELECT COUNT(*)...')
#2 C:\xampp\htdocs\rockstar\rockstar\system\Database\BaseConnection.php(652): CodeIgniter\Database\BaseConnection->simpleQuery('SELECT COUNT(*)...')
#3 C:\xampp\htdocs\rockstar\rockstar\system\Database\BaseBuilder.php(1733): CodeIgniter\Database\BaseConnection->query('SELECT COUNT(*)...', Array, false)
#4 C:\xampp\htdocs\rockstar\rockstar\system\Model.php(676): CodeIgniter\Database\BaseBuilder->countAllResults(true)
#5 C:\xampp\htdocs\rockstar\rockstar\app\Controllers\Aspirante.php(257): CodeIgniter\Model->countAllResults()
#6 C:\xampp\htdocs\rockstar\rockstar\app\Controllers\Aspirante.php(874): App\Controllers\Aspirante->obtenerAvanceAspirante('MOHM700105MOCRR...')
#7 C:\xampp\htdocs\rockstar\rockstar\system\CodeIgniter.php(933): App\Controllers\Aspirante->infoAspirante()
#8 C:\xampp\htdocs\rockstar\rockstar\system\CodeIgniter.php(507): CodeIgniter\CodeIgniter->runController(Object(App\Controllers\Aspirante))
#9 C:\xampp\htdocs\rockstar\rockstar\system\CodeIgniter.php(354): CodeIgniter\CodeIgniter->handleRequest(NULL, Object(Config\Cache), false)
#10 C:\xampp\htdocs\rockstar\rockstar\system\Boot.php(334): CodeIgniter\CodeIgniter->run()
#11 C:\xampp\htdocs\rockstar\rockstar\system\Boot.php(67): CodeIgniter\Boot::runCodeIgniter(Object(CodeIgniter\CodeIgniter))
#12 C:\xampp\htdocs\rockstar\rockstar\public\index.php(56): CodeIgniter\Boot::bootWeb(Object(Config\Paths))
#13 C:\xampp\htdocs\rockstar\rockstar\system\rewrite.php(44): require_once('C:\\xampp\\htdocs...')
#14 {main}
CRITICAL - 2025-08-07 16:43:20 --> CodeIgniter\Database\Exceptions\DatabaseException: Unknown column 'curp' in 'where clause'
[Method: GET, Route: aspirantes/info]
in SYSTEMPATH\Database\BaseConnection.php on line 692.
 1 SYSTEMPATH\Database\BaseBuilder.php(1733): CodeIgniter\Database\BaseConnection->query('SELECT COUNT(*) AS `numrows`
FROM `respuestas_encuesta`
WHERE `curp` = :curp:', [...], false)
 2 SYSTEMPATH\Model.php(676): CodeIgniter\Database\BaseBuilder->countAllResults(true)
 3 APPPATH\Controllers\Aspirante.php(257): CodeIgniter\Model->countAllResults()
 4 APPPATH\Controllers\Aspirante.php(874): App\Controllers\Aspirante->obtenerAvanceAspirante('MOHM700105MOCRRR04')
 5 SYSTEMPATH\CodeIgniter.php(933): App\Controllers\Aspirante->infoAspirante()
 6 SYSTEMPATH\CodeIgniter.php(507): CodeIgniter\CodeIgniter->runController(Object(App\Controllers\Aspirante))
 7 SYSTEMPATH\CodeIgniter.php(354): CodeIgniter\CodeIgniter->handleRequest(null, Object(Config\Cache), false)
 8 SYSTEMPATH\Boot.php(334): CodeIgniter\CodeIgniter->run()
 9 SYSTEMPATH\Boot.php(67): CodeIgniter\Boot::runCodeIgniter(Object(CodeIgniter\CodeIgniter))
10 FCPATH\index.php(56): CodeIgniter\Boot::bootWeb(Object(Config\Paths))
11 SYSTEMPATH\rewrite.php(44): require_once('C:\\xampp\\htdocs\\rockstar\\rockstar\\public\\index.php')
CRITICAL - 2025-08-07 16:43:20 --> [Caused by] CodeIgniter\Database\Exceptions\DatabaseException: Unknown column 'curp' in 'where clause'
in SYSTEMPATH\Database\MySQLi\Connection.php on line 332.
 1 SYSTEMPATH\Database\BaseConnection.php(738): CodeIgniter\Database\MySQLi\Connection->execute('SELECT COUNT(*) AS `numrows`
FROM `respuestas_encuesta`
WHERE `curp` = \'MOHM700105MOCRRR04\'')
 2 SYSTEMPATH\Database\BaseConnection.php(652): CodeIgniter\Database\BaseConnection->simpleQuery('SELECT COUNT(*) AS `numrows`
FROM `respuestas_encuesta`
WHERE `curp` = \'MOHM700105MOCRRR04\'')
 3 SYSTEMPATH\Database\BaseBuilder.php(1733): CodeIgniter\Database\BaseConnection->query('SELECT COUNT(*) AS `numrows`
FROM `respuestas_encuesta`
WHERE `curp` = :curp:', [...], false)
 4 SYSTEMPATH\Model.php(676): CodeIgniter\Database\BaseBuilder->countAllResults(true)
 5 APPPATH\Controllers\Aspirante.php(257): CodeIgniter\Model->countAllResults()
 6 APPPATH\Controllers\Aspirante.php(874): App\Controllers\Aspirante->obtenerAvanceAspirante('MOHM700105MOCRRR04')
 7 SYSTEMPATH\CodeIgniter.php(933): App\Controllers\Aspirante->infoAspirante()
 8 SYSTEMPATH\CodeIgniter.php(507): CodeIgniter\CodeIgniter->runController(Object(App\Controllers\Aspirante))
 9 SYSTEMPATH\CodeIgniter.php(354): CodeIgniter\CodeIgniter->handleRequest(null, Object(Config\Cache), false)
10 SYSTEMPATH\Boot.php(334): CodeIgniter\CodeIgniter->run()
11 SYSTEMPATH\Boot.php(67): CodeIgniter\Boot::runCodeIgniter(Object(CodeIgniter\CodeIgniter))
12 FCPATH\index.php(56): CodeIgniter\Boot::bootWeb(Object(Config\Paths))
13 SYSTEMPATH\rewrite.php(44): require_once('C:\\xampp\\htdocs\\rockstar\\rockstar\\public\\index.php')
CRITICAL - 2025-08-07 16:43:20 --> [Caused by] mysqli_sql_exception: Unknown column 'curp' in 'where clause'
in SYSTEMPATH\Database\MySQLi\Connection.php on line 327.
 1 SYSTEMPATH\Database\MySQLi\Connection.php(327): mysqli->query('SELECT COUNT(*) AS `numrows`
FROM `respuestas_encuesta`
WHERE `curp` = \'MOHM700105MOCRRR04\'', 0)
 2 SYSTEMPATH\Database\BaseConnection.php(738): CodeIgniter\Database\MySQLi\Connection->execute('SELECT COUNT(*) AS `numrows`
FROM `respuestas_encuesta`
WHERE `curp` = \'MOHM700105MOCRRR04\'')
 3 SYSTEMPATH\Database\BaseConnection.php(652): CodeIgniter\Database\BaseConnection->simpleQuery('SELECT COUNT(*) AS `numrows`
FROM `respuestas_encuesta`
WHERE `curp` = \'MOHM700105MOCRRR04\'')
 4 SYSTEMPATH\Database\BaseBuilder.php(1733): CodeIgniter\Database\BaseConnection->query('SELECT COUNT(*) AS `numrows`
FROM `respuestas_encuesta`
WHERE `curp` = :curp:', [...], false)
 5 SYSTEMPATH\Model.php(676): CodeIgniter\Database\BaseBuilder->countAllResults(true)
 6 APPPATH\Controllers\Aspirante.php(257): CodeIgniter\Model->countAllResults()
 7 APPPATH\Controllers\Aspirante.php(874): App\Controllers\Aspirante->obtenerAvanceAspirante('MOHM700105MOCRRR04')
 8 SYSTEMPATH\CodeIgniter.php(933): App\Controllers\Aspirante->infoAspirante()
 9 SYSTEMPATH\CodeIgniter.php(507): CodeIgniter\CodeIgniter->runController(Object(App\Controllers\Aspirante))
10 SYSTEMPATH\CodeIgniter.php(354): CodeIgniter\CodeIgniter->handleRequest(null, Object(Config\Cache), false)
11 SYSTEMPATH\Boot.php(334): CodeIgniter\CodeIgniter->run()
12 SYSTEMPATH\Boot.php(67): CodeIgniter\Boot::runCodeIgniter(Object(CodeIgniter\CodeIgniter))
13 FCPATH\index.php(56): CodeIgniter\Boot::bootWeb(Object(Config\Paths))
14 SYSTEMPATH\rewrite.php(44): require_once('C:\\xampp\\htdocs\\rockstar\\rockstar\\public\\index.php')
